core_cm3.h:1441:26:NVIC_GetPriorityGrouping	4	static
core_cm3.h:1452:22:NVIC_EnableIRQ	16	static
core_cm3.h:1524:22:NVIC_SetPriority	16	static
core_cm3.h:1571:26:NVIC_EncodePriority	40	static
stm32f1xx_ll_exti.h:859:22:LL_EXTI_ClearFlag_0_31	16	static
stm32f1xx_ll_gpio.h:710:26:LL_GPIO_ReadInputPort	16	static
stm32f1xx_ll_gpio.h:2298:22:LL_GPIO_AF_SetEXTISource	24	static
encoder_driver.c:5:6:GPIO_Init	40	static
encoder_driver.c:41:6:EXTI1_IRQHandler	8	static
encoder_driver.c:48:6:EXTI15_10_IRQHandler	8	static
encoder_driver.c:57:6:GetButton	4	static
encoder_driver.c:62:6:ClearButton	4	static
encoder_driver.c:67:6:GetRotateStatus	4	static
encoder_driver.c:72:6:ClearRotateStatus	4	static
encoder_driver.c:77:6:GetRotatePinB	4	static
encoder_driver.c:82:6:GetRotatePinA	4	static
encoder_driver.c:87:9:GPIO_Read_Pin	24	static
