Archive member included to satisfy reference by file (symbol)

c:/program files (x86)/atollic/truestudio for stm32 9.3.0/armtools/bin/../lib/gcc/arm-atollic-eabi/6.3.1/../../../../arm-atollic-eabi/lib/armv7-m\libc_nano.a(lib_a-errno.o)
                              Src\syscalls.o (__errno)
c:/program files (x86)/atollic/truestudio for stm32 9.3.0/armtools/bin/../lib/gcc/arm-atollic-eabi/6.3.1/../../../../arm-atollic-eabi/lib/armv7-m\libc_nano.a(lib_a-impure.o)
                              c:/program files (x86)/atollic/truestudio for stm32 9.3.0/armtools/bin/../lib/gcc/arm-atollic-eabi/6.3.1/../../../../arm-atollic-eabi/lib/armv7-m\libc_nano.a(lib_a-errno.o) (_impure_ptr)
c:/program files (x86)/atollic/truestudio for stm32 9.3.0/armtools/bin/../lib/gcc/arm-atollic-eabi/6.3.1/../../../../arm-atollic-eabi/lib/armv7-m\libc_nano.a(lib_a-init.o)
                              startup\startup_stm32f103xb.o (__libc_init_array)
c:/program files (x86)/atollic/truestudio for stm32 9.3.0/armtools/bin/../lib/gcc/arm-atollic-eabi/6.3.1/../../../../arm-atollic-eabi/lib/armv7-m\libc_nano.a(lib_a-memcpy-stub.o)
                              Middlewares\Third_Party\FreeRTOS\Source\queue.o (memcpy)
c:/program files (x86)/atollic/truestudio for stm32 9.3.0/armtools/bin/../lib/gcc/arm-atollic-eabi/6.3.1/../../../../arm-atollic-eabi/lib/armv7-m\libc_nano.a(lib_a-memset.o)
                              Aplication\ESP8266\ESP8266.o (memset)
c:/program files (x86)/atollic/truestudio for stm32 9.3.0/armtools/bin/../lib/gcc/arm-atollic-eabi/6.3.1/../../../../arm-atollic-eabi/lib/armv7-m\libc_nano.a(lib_a-sprintf.o)
                              Aplication\ESP8266\ESP8266.o (sprintf)
c:/program files (x86)/atollic/truestudio for stm32 9.3.0/armtools/bin/../lib/gcc/arm-atollic-eabi/6.3.1/../../../../arm-atollic-eabi/lib/armv7-m\libc_nano.a(lib_a-strlen.o)
                              Aplication\ESP8266\ESP8266.o (strlen)
c:/program files (x86)/atollic/truestudio for stm32 9.3.0/armtools/bin/../lib/gcc/arm-atollic-eabi/6.3.1/../../../../arm-atollic-eabi/lib/armv7-m\libc_nano.a(lib_a-strstr.o)
                              Aplication\ESP8266\ESP8266.o (strstr)
c:/program files (x86)/atollic/truestudio for stm32 9.3.0/armtools/bin/../lib/gcc/arm-atollic-eabi/6.3.1/../../../../arm-atollic-eabi/lib/armv7-m\libc_nano.a(lib_a-strtol.o)
                              Aplication\ESP8266\ESP8266.o (strtol)
c:/program files (x86)/atollic/truestudio for stm32 9.3.0/armtools/bin/../lib/gcc/arm-atollic-eabi/6.3.1/../../../../arm-atollic-eabi/lib/armv7-m\libc_nano.a(lib_a-locale.o)
                              c:/program files (x86)/atollic/truestudio for stm32 9.3.0/armtools/bin/../lib/gcc/arm-atollic-eabi/6.3.1/../../../../arm-atollic-eabi/lib/armv7-m\libc_nano.a(lib_a-strtol.o) (__locale_ctype_ptr_l)
c:/program files (x86)/atollic/truestudio for stm32 9.3.0/armtools/bin/../lib/gcc/arm-atollic-eabi/6.3.1/../../../../arm-atollic-eabi/lib/armv7-m\libc_nano.a(lib_a-mbtowc_r.o)
                              c:/program files (x86)/atollic/truestudio for stm32 9.3.0/armtools/bin/../lib/gcc/arm-atollic-eabi/6.3.1/../../../../arm-atollic-eabi/lib/armv7-m\libc_nano.a(lib_a-locale.o) (__ascii_mbtowc)
c:/program files (x86)/atollic/truestudio for stm32 9.3.0/armtools/bin/../lib/gcc/arm-atollic-eabi/6.3.1/../../../../arm-atollic-eabi/lib/armv7-m\libc_nano.a(lib_a-nano-svfprintf.o)
                              c:/program files (x86)/atollic/truestudio for stm32 9.3.0/armtools/bin/../lib/gcc/arm-atollic-eabi/6.3.1/../../../../arm-atollic-eabi/lib/armv7-m\libc_nano.a(lib_a-sprintf.o) (_svfprintf_r)
c:/program files (x86)/atollic/truestudio for stm32 9.3.0/armtools/bin/../lib/gcc/arm-atollic-eabi/6.3.1/../../../../arm-atollic-eabi/lib/armv7-m\libc_nano.a(lib_a-nano-vfprintf_i.o)
                              c:/program files (x86)/atollic/truestudio for stm32 9.3.0/armtools/bin/../lib/gcc/arm-atollic-eabi/6.3.1/../../../../arm-atollic-eabi/lib/armv7-m\libc_nano.a(lib_a-nano-svfprintf.o) (_printf_i)
c:/program files (x86)/atollic/truestudio for stm32 9.3.0/armtools/bin/../lib/gcc/arm-atollic-eabi/6.3.1/../../../../arm-atollic-eabi/lib/armv7-m\libc_nano.a(lib_a-strcmp.o)
                              c:/program files (x86)/atollic/truestudio for stm32 9.3.0/armtools/bin/../lib/gcc/arm-atollic-eabi/6.3.1/../../../../arm-atollic-eabi/lib/armv7-m\libc_nano.a(lib_a-locale.o) (strcmp)
c:/program files (x86)/atollic/truestudio for stm32 9.3.0/armtools/bin/../lib/gcc/arm-atollic-eabi/6.3.1/../../../../arm-atollic-eabi/lib/armv7-m\libc_nano.a(lib_a-wctomb_r.o)
                              c:/program files (x86)/atollic/truestudio for stm32 9.3.0/armtools/bin/../lib/gcc/arm-atollic-eabi/6.3.1/../../../../arm-atollic-eabi/lib/armv7-m\libc_nano.a(lib_a-locale.o) (__ascii_wctomb)
c:/program files (x86)/atollic/truestudio for stm32 9.3.0/armtools/bin/../lib/gcc/arm-atollic-eabi/6.3.1/../../../../arm-atollic-eabi/lib/armv7-m\libc_nano.a(lib_a-ctype_.o)
[...]
Memory Configuration

Name             Origin             Length             Attributes
RAM              0x20000000         0x00005000         xrw
FLASH            0x08000000         0x00010000         xr
*default*        0x00000000         0xffffffff

Linker script and memory map

LOAD c:/program files (x86)/atollic/truestudio for stm32 9.3.0/armtools/bin/../lib/gcc/arm-atollic-eabi/6.3.1/armv7-m/crti.o
LOAD c:/program files (x86)/atollic/truestudio for stm32 9.3.0/armtools/bin/../lib/gcc/arm-atollic-eabi/6.3.1/armv7-m/crtbegin.o
LOAD Aplication\ESP8266\ESP8266.o
LOAD Aplication\display\display.o
LOAD Aplication\encoder\encoder.o
LOAD Aplication\i2c_data\i2c_data.o
LOAD Aplication\ldr\ldr.o
LOAD Aplication\led\led.o
LOAD Aplication\request\request.o
LOAD Aplication\ring_buffer\ring_buffer.o
LOAD Drivers\STM32F1xx_HAL_Driver\Src\stm32f1xx_hal.o
LOAD Drivers\STM32F1xx_HAL_Driver\Src\stm32f1xx_hal_cortex.o
LOAD Drivers\STM32F1xx_HAL_Driver\Src\stm32f1xx_hal_dma.o
LOAD Drivers\STM32F1xx_HAL_Driver\Src\stm32f1xx_hal_flash.o
LOAD Drivers\STM32F1xx_HAL_Driver\Src\stm32f1xx_hal_flash_ex.o
LOAD Drivers\STM32F1xx_HAL_Driver\Src\stm32f1xx_hal_gpio.o
LOAD Drivers\STM32F1xx_HAL_Driver\Src\stm32f1xx_hal_gpio_ex.o
LOAD Drivers\STM32F1xx_HAL_Driver\Src\stm32f1xx_hal_i2c.o
LOAD Drivers\STM32F1xx_HAL_Driver\Src\stm32f1xx_hal_pwr.o
LOAD Drivers\STM32F1xx_HAL_Driver\Src\stm32f1xx_hal_rcc.o
LOAD Drivers\STM32F1xx_HAL_Driver\Src\stm32f1xx_hal_rcc_ex.o
LOAD Drivers\STM32F1xx_HAL_Driver\Src\stm32f1xx_hal_spi.o
LOAD Drivers\STM32F1xx_HAL_Driver\Src\stm32f1xx_hal_spi_ex.o
LOAD Drivers\STM32F1xx_HAL_Driver\Src\stm32f1xx_hal_tim.o
LOAD Drivers\STM32F1xx_HAL_Driver\Src\stm32f1xx_hal_tim_ex.o
LOAD Drivers\STM32F1xx_HAL_Driver\Src\stm32f1xx_ll_adc.o
LOAD Drivers\STM32F1xx_HAL_Driver\Src\stm32f1xx_ll_crc.o
LOAD Drivers\STM32F1xx_HAL_Driver\Src\stm32f1xx_ll_dma.o
LOAD Drivers\STM32F1xx_HAL_Driver\Src\stm32f1xx_ll_exti.o
LOAD Drivers\STM32F1xx_HAL_Driver\Src\stm32f1xx_ll_gpio.o
LOAD Drivers\STM32F1xx_HAL_Driver\Src\stm32f1xx_ll_i2c.o
LOAD Drivers\STM32F1xx_HAL_Driver\Src\stm32f1xx_ll_pwr.o
LOAD Drivers\STM32F1xx_HAL_Driver\Src\stm32f1xx_ll_rcc.o
LOAD Drivers\STM32F1xx_HAL_Driver\Src\stm32f1xx_ll_spi.o
LOAD Drivers\STM32F1xx_HAL_Driver\Src\stm32f1xx_ll_tim.o
LOAD Drivers\STM32F1xx_HAL_Driver\Src\stm32f1xx_ll_usart.o
LOAD Drivers\STM32F1xx_HAL_Driver\Src\stm32f1xx_ll_utils.o
LOAD Middlewares\Third_Party\FreeRTOS\Source\CMSIS_RTOS\cmsis_os.o
LOAD Middlewares\Third_Party\FreeRTOS\Source\croutine.o
LOAD Middlewares\Third_Party\FreeRTOS\Source\event_groups.o
LOAD Middlewares\Third_Party\FreeRTOS\Source\list.o
LOAD Middlewares\Third_Party\FreeRTOS\Source\portable\GCC\ARM_CM3\port.o
LOAD Middlewares\Third_Party\FreeRTOS\Source\portable\MemMang\heap_4.o
LOAD Middlewares\Third_Party\FreeRTOS\Source\queue.o
LOAD Middlewares\Third_Party\FreeRTOS\Source\tasks.o
LOAD Middlewares\Third_Party\FreeRTOS\Source\timers.o
LOAD Platform\crc\crc.o
LOAD Platform\delay\delay.o
LOAD Platform\encoder_driver\encoder_driver.o
LOAD Platform\encoder_queue\encoder_queue.o
LOAD Platform\encoder_task\encoder_task.o
LOAD Platform\esp_task\esp_task.o
LOAD Platform\i2c\i2c.o
LOAD Platform\ldr_driver\ldr_driver.o
LOAD Platform\ldr_queue\ldr_queue.o
LOAD Platform\ldr_task\ldr_task.o
LOAD Platform\led_driver\led_driver.o
LOAD Platform\led_task\led_task.o
LOAD Platform\power_status\power_status.o
LOAD Platform\spi\spi.o
LOAD Platform\status_led\status_led.o
LOAD Platform\usart\uart.o
LOAD Src\freertos.o
LOAD Src\gpio.o
LOAD Src\main.o
LOAD Src\stm32f1xx_hal_msp.o
LOAD Src\stm32f1xx_hal_timebase_tim.o
LOAD Src\stm32f1xx_it.o
LOAD Src\syscalls.o
LOAD Src\system_stm32f1xx.o
LOAD startup\startup_stm32f103xb.o
                0x00000080                malloc_getpagesize_P = 0x80
START GROUP
LOAD c:/program files (x86)/atollic/truestudio for stm32 9.3.0/armtools/bin/../lib/gcc/arm-atollic-eabi/6.3.1/../../../../arm-atollic-eabi/lib/armv7-m\libc_nano.a
LOAD c:/program files (x86)/atollic/truestudio for stm32 9.3.0/armtools/bin/../lib/gcc/arm-atollic-eabi/6.3.1/../../../../arm-atollic-eabi/lib/armv7-m\libm.a
END GROUP
START GROUP
LOAD c:/program files (x86)/atollic/truestudio for stm32 9.3.0/armtools/bin/../lib/gcc/arm-atollic-eabi/6.3.1/armv7-m\libgcc.a
LOAD c:/program files (x86)/atollic/truestudio for stm32 9.3.0/armtools/bin/../lib/gcc/arm-atollic-eabi/6.3.1/../../../../arm-atollic-eabi/lib/armv7-m\libc_nano.a
END GROUP
START GROUP
LOAD c:/program files (x86)/atollic/truestudio for stm32 9.3.0/armtools/bin/../lib/gcc/arm-atollic-eabi/6.3.1/armv7-m\libgcc.a
LOAD c:/program files (x86)/atollic/truestudio for stm32 9.3.0/armtools/bin/../lib/gcc/arm-atollic-eabi/6.3.1/../../../../arm-atollic-eabi/lib/armv7-m\libc_nano.a
LOAD c:/program files (x86)/atollic/truestudio for stm32 9.3.0/armtools/bin/../lib/gcc/arm-atollic-eabi/6.3.1/../../../../arm-atollic-eabi/lib/armv7-m\libnosys.a
END GROUP
START GROUP
LOAD c:/program files (x86)/atollic/truestudio for stm32 9.3.0/armtools/bin/../lib/gcc/arm-atollic-eabi/6.3.1/armv7-m\libgcc.a
LOAD c:/program files (x86)/atollic/truestudio for stm32 9.3.0/armtools/bin/../lib/gcc/arm-atollic-eabi/6.3.1/../../../../arm-atollic-eabi/lib/armv7-m\libc_nano.a
LOAD c:/program files (x86)/atollic/truestudio for stm32 9.3.0/armtools/bin/../lib/gcc/arm-atollic-eabi/6.3.1/../../../../arm-atollic-eabi/lib/armv7-m\libnosys.a
END GROUP
LOAD c:/program files (x86)/atollic/truestudio for stm32 9.3.0/armtools/bin/../lib/gcc/arm-atollic-eabi/6.3.1/armv7-m/crtend.o
LOAD c:/program files (x86)/atollic/truestudio for stm32 9.3.0/armtools/bin/../lib/gcc/arm-atollic-eabi/6.3.1/armv7-m/crtn.o
                0x20005000                _estack = 0x20005000
                0x00000200                _Min_Heap_Size = 0x200
                0x00000400                _Min_Stack_Size = 0x400

.isr_vector     0x08000000      0x10c
                0x08000000                . = ALIGN (0x4)
 *(.isr_vector)
 .isr_vector    0x08000000      0x10c startup\startup_stm32f103xb.o
                0x08000000                g_pfnVectors
                0x0800010c                . = ALIGN (0x4)

.text           0x08000110     0x7d88
                0x08000110                . = ALIGN (0x4)
 *(.text)
 .text          0x08000110       0x40 c:/program files (x86)/atollic/truestudio for stm32 9.3.0/armtools/bin/../lib/gcc/arm-atollic-eabi/6.3.1/armv7-m/crtbegin.o
 .text          0x08000150       0x10 c:/program files (x86)/atollic/truestudio for stm32 9.3.0/armtools/bin/../lib/gcc/arm-atollic-eabi/6.3.1/../../../../arm-atollic-eabi/lib/armv7-m\libc_nano.a(lib_a-strlen.o)
                0x08000150                strlen
 *(.text*)
 .text.waitCallBack
                0x08000160       0x50 Aplication\ESP8266\ESP8266.o
 .text.ESPInit  0x080001b0       0x10 Aplication\ESP8266\ESP8266.o
                0x080001b0                ESPInit
 .text.ESP_Resset
                0x080001c0       0x1c Aplication\ESP8266\ESP8266.o
                0x080001c0                ESP_Resset
 .text.requestFlush
                0x080001dc       0x18 Aplication\ESP8266\ESP8266.o
 .text.answerFlush
                0x080001f4       0x18 Aplication\ESP8266\ESP8266.o
 .text.ESP_SetMode
                0x0800020c       0x8c Aplication\ESP8266\ESP8266.o
                0x0800020c                ESP_SetMode
 .text.ESP_SetModeStation
                0x08000298       0x10 Aplication\ESP8266\ESP8266.o
                0x08000298                ESP_SetModeStation
 .text.ESP_SetModeSoftAP
                0x080002a8       0x10 Aplication\ESP8266\ESP8266.o
                0x080002a8                ESP_SetModeSoftAP
 .text.ESP_SetModeBoth
                0x080002b8       0x10 Aplication\ESP8266\ESP8266.o
                0x080002b8                ESP_SetModeBoth
 .text.ESP_SetParamsSoftAP
                0x080002c8       0x84 Aplication\ESP8266\ESP8266.o
                0x080002c8                ESP_SetParamsSoftAP
 .text.ESP_SetParamsStation
                0x0800034c       0x64 Aplication\ESP8266\ESP8266.o
                0x0800034c                ESP_SetParamsStation
 .text.ESP_StartTCPServer
                0x080003b0       0x8c Aplication\ESP8266\ESP8266.o
                0x080003b0                ESP_StartTCPServer
 .text.ESP_StopTCPServer
                0x0800043c       0x68 Aplication\ESP8266\ESP8266.o
                0x0800043c                ESP_StopTCPServer
 .text.requestRefresh
                0x080004a4       0x74 Aplication\ESP8266\ESP8266.o
                0x080004a4                requestRefresh
 .text.charCallBack
                0x08000518       0x8c Aplication\ESP8266\ESP8266.o
                0x08000518                charCallBack
 .text.ESP_SendConstData
                0x080005a4       0xb0 Aplication\ESP8266\ESP8266.o
                0x080005a4                ESP_SendConstData
 .text.SetLinkID
                0x08000654       0x20 Aplication\ESP8266\ESP8266.o
                0x08000654                SetLinkID
 .text.ESP_GetAnswer
                0x08000674       0x14 Aplication\ESP8266\ESP8266.o
                0x08000674                ESP_GetAnswer
 .text.SetSSID  0x08000688       0x3c Aplication\ESP8266\ESP8266.o
                0x08000688                SetSSID
 .text.GetSSID  0x080006c4       0x14 Aplication\ESP8266\ESP8266.o
                0x080006c4                GetSSID
 .text.SetPASWD
                0x080006d8       0x3c Aplication\ESP8266\ESP8266.o
                0x080006d8                SetPASWD
 .text.GetPasw  0x08000714       0x14 Aplication\ESP8266\ESP8266.o
                0x08000714                GetPasw
 .text.GetStationIP
                0x08000728       0xb8 Aplication\ESP8266\ESP8266.o
                0x08000728                GetStationIP
 .text.GetIP    0x080007e0       0x14 Aplication\ESP8266\ESP8266.o
                0x080007e0                GetIP
 .text.Display_Init
                0x080007f4       0xa4 Aplication\display\display.o
                0x080007f4                Display_Init
 .text.Display_ON
                0x08000898       0x14 Aplication\display\display.o
                0x08000898                Display_ON
 .text.Display_SetPage
                0x080008ac       0x22 Aplication\display\display.o
                0x080008ac                Display_SetPage
 .text.Display_Write
                0x080008ce       0x1e Aplication\display\display.o
                0x080008ce                Display_Write
 .text.Display_SetColumn
                0x080008ec       0x2e Aplication\display\display.o
                0x080008ec                Display_SetColumn
 .text.Display_Contrast
                0x0800091a       0x24 Aplication\display\display.o
                0x0800091a                Display_Contrast
 .text.Display_Clean
                0x0800093e       0x5a Aplication\display\display.o
                0x0800093e                Display_Clean
 .text.Display_PrintSymbol
                0x08000998       0x5c Aplication\display\display.o
                0x08000998                Display_PrintSymbol
 .text.display  0x080009f4      0x25c Aplication\display\display.o
                0x080009f4                display
 .text.EncoderInit
                0x08000c50        0xc Aplication\encoder\encoder.o
                0x08000c50                EncoderInit
 .text.Encoder_State
                0x08000c5c       0x54 Aplication\encoder\encoder.o
                0x08000c5c                Encoder_State
 .text.I2C_Init
                0x08000cb0       0x10 Aplication\i2c_data\i2c_data.o
                0x08000cb0                I2C_Init
 .text.ColorToEEPROM
                0x08000cc0       0x66 Aplication\i2c_data\i2c_data.o
                0x08000cc0                ColorToEEPROM
 .text.ColorFromEEPROM
                0x08000d26       0x64 Aplication\i2c_data\i2c_data.o
                0x08000d26                ColorFromEEPROM
 .text.WifiToEEPROM
                0x08000d8a       0x72 Aplication\i2c_data\i2c_data.o
                0x08000d8a                WifiToEEPROM
 .text.WifiFromEEPROM
                0x08000dfc       0x76 Aplication\i2c_data\i2c_data.o
                0x08000dfc                WifiFromEEPROM
 .text.LDRInit  0x08000e72        0xc Aplication\ldr\ldr.o
                0x08000e72                LDRInit
 *fill*         0x08000e7e        0x2 
 .text.LDR_Get  0x08000e80       0x60 Aplication\ldr\ldr.o
                0x08000e80                LDR_Get
 .text.LedInit  0x08000ee0        0xc Aplication\led\led.o
                0x08000ee0                LedInit
 .text.OverflowProtection
                0x08000eec       0x24 Aplication\led\led.o
 .text.Led_Set  0x08000f10       0x50 Aplication\led\led.o
                0x08000f10                Led_Set
 .text.Led_Set_Color
                0x08000f60       0x38 Aplication\led\led.o
                0x08000f60                Led_Set_Color
 .text.Led_Get_Color
                0x08000f98       0x20 Aplication\led\led.o
                0x08000f98                Led_Get_Color
 .text.Led_Get_Arr_Color
                0x08000fb8       0x14 Aplication\led\led.o
                0x08000fb8                Led_Get_Arr_Color
 .text.map      0x08000fcc       0x30 Aplication\led\led.o
 .text.Led_Refresh
                0x08000ffc       0x58 Aplication\led\led.o
                0x08000ffc                Led_Refresh
 .text.CONFIG   0x08001054       0x50 Aplication\request\request.o
                0x08001054                CONFIG
 .text.CONFIG_parse
                0x080010a4      0x12c Aplication\request\request.o
                0x080010a4                CONFIG_parse
 .text.PICKER   0x080011d0       0xd8 Aplication\request\request.o
                0x080011d0                PICKER
 .text.PickerParseLed
                0x080012a8       0xec Aplication\request\request.o
                0x080012a8                PickerParseLed
 .text.PICKER_parse
                0x08001394       0x14 Aplication\request\request.o
                0x08001394                PICKER_parse
 .text.requestConstFind
                0x080013a8       0x2c Aplication\request\request.o
                0x080013a8                requestConstFind
 .text.ESP_Request
                0x080013d4       0x90 Aplication\request\request.o
                0x080013d4                ESP_Request
 .text.RingBuff_Init
                0x08001464       0x24 Aplication\ring_buffer\ring_buffer.o
                0x08001464                RingBuff_Init
 .text.RingBuff_Push
                0x08001488       0x40 Aplication\ring_buffer\ring_buffer.o
                0x08001488                RingBuff_Push
 .text.RingBuff_Pop
                0x080014c8       0x3c Aplication\ring_buffer\ring_buffer.o
                0x080014c8                RingBuff_Pop
 .text.RingBuff_IsEmpty
                0x08001504       0x28 Aplication\ring_buffer\ring_buffer.o
                0x08001504                RingBuff_IsEmpty
 .text.RingBuff_Clear
                0x0800152c       0x24 Aplication\ring_buffer\ring_buffer.o
                0x0800152c                RingBuff_Clear
 .text.HAL_Init
                0x08001550       0x2c Drivers\STM32F1xx_HAL_Driver\Src\stm32f1xx_hal.o
                0x08001550                HAL_Init
 .text.HAL_IncTick
                0x0800157c       0x24 Drivers\STM32F1xx_HAL_Driver\Src\stm32f1xx_hal.o
                0x0800157c                HAL_IncTick
 .text.NVIC_SetPriorityGrouping
                0x080015a0       0x48 Drivers\STM32F1xx_HAL_Driver\Src\stm32f1xx_hal_cortex.o
 .text.NVIC_GetPriorityGrouping
                0x080015e8       0x1c Drivers\STM32F1xx_HAL_Driver\Src\stm32f1xx_hal_cortex.o
 .text.NVIC_EnableIRQ
                0x08001604       0x30 Drivers\STM32F1xx_HAL_Driver\Src\stm32f1xx_hal_cortex.o
 .text.NVIC_SetPriority
                0x08001634       0x54 Drivers\STM32F1xx_HAL_Driver\Src\stm32f1xx_hal_cortex.o
 .text.NVIC_EncodePriority
                0x08001688       0x60 Drivers\STM32F1xx_HAL_Driver\Src\stm32f1xx_hal_cortex.o
 .text.HAL_NVIC_SetPriorityGrouping
                0x080016e8       0x16 Drivers\STM32F1xx_HAL_Driver\Src\stm32f1xx_hal_cortex.o
                0x080016e8                HAL_NVIC_SetPriorityGrouping
 .text.HAL_NVIC_SetPriority
                0x080016fe       0x38 Drivers\STM32F1xx_HAL_Driver\Src\stm32f1xx_hal_cortex.o
                0x080016fe                HAL_NVIC_SetPriority
 .text.HAL_NVIC_EnableIRQ
                0x08001736       0x1c Drivers\STM32F1xx_HAL_Driver\Src\stm32f1xx_hal_cortex.o
                0x08001736                HAL_NVIC_EnableIRQ
 *fill*         0x08001752        0x2 
 .text.HAL_RCC_GetHCLKFreq
                0x08001754       0x14 Drivers\STM32F1xx_HAL_Driver\Src\stm32f1xx_hal_rcc.o
                0x08001754                HAL_RCC_GetHCLKFreq
 .text.HAL_RCC_GetPCLK2Freq
                0x08001768       0x28 Drivers\STM32F1xx_HAL_Driver\Src\stm32f1xx_hal_rcc.o
                0x08001768                HAL_RCC_GetPCLK2Freq
 .text.HAL_RCC_GetClockConfig
                0x08001790       0x60 Drivers\STM32F1xx_HAL_Driver\Src\stm32f1xx_hal_rcc.o
                0x08001790                HAL_RCC_GetClockConfig
 .text.HAL_TIM_Base_Init
                0x080017f0       0x56 Drivers\STM32F1xx_HAL_Driver\Src\stm32f1xx_hal_tim.o
                0x080017f0                HAL_TIM_Base_Init
 .text.HAL_TIM_Base_MspInit
                0x08001846       0x12 Drivers\STM32F1xx_HAL_Driver\Src\stm32f1xx_hal_tim.o
                0x08001846                HAL_TIM_Base_MspInit
 .text.HAL_TIM_Base_Start_IT
                0x08001858       0x34 Drivers\STM32F1xx_HAL_Driver\Src\stm32f1xx_hal_tim.o
                0x08001858                HAL_TIM_Base_Start_IT
 .text.HAL_TIM_IRQHandler
                0x0800188c      0x210 Drivers\STM32F1xx_HAL_Driver\Src\stm32f1xx_hal_tim.o
                0x0800188c                HAL_TIM_IRQHandler
 .text.HAL_TIM_OC_DelayElapsedCallback
                0x08001a9c       0x12 Drivers\STM32F1xx_HAL_Driver\Src\stm32f1xx_hal_tim.o
                0x08001a9c                HAL_TIM_OC_DelayElapsedCallback
 .text.HAL_TIM_IC_CaptureCallback
                0x08001aae       0x12 Drivers\STM32F1xx_HAL_Driver\Src\stm32f1xx_hal_tim.o
                0x08001aae                HAL_TIM_IC_CaptureCallback
 .text.HAL_TIM_PWM_PulseFinishedCallback
                0x08001ac0       0x12 Drivers\STM32F1xx_HAL_Driver\Src\stm32f1xx_hal_tim.o
                0x08001ac0                HAL_TIM_PWM_PulseFinishedCallback
 .text.HAL_TIM_TriggerCallback
                0x08001ad2       0x12 Drivers\STM32F1xx_HAL_Driver\Src\stm32f1xx_hal_tim.o
                0x08001ad2                HAL_TIM_TriggerCallback
 .text.TIM_Base_SetConfig
                0x08001ae4       0xcc Drivers\STM32F1xx_HAL_Driver\Src\stm32f1xx_hal_tim.o
                0x08001ae4                TIM_Base_SetConfig
 .text.HAL_TIMEx_CommutationCallback
                0x08001bb0       0x12 Drivers\STM32F1xx_HAL_Driver\Src\stm32f1xx_hal_tim_ex.o
                0x08001bb0                HAL_TIMEx_CommutationCallback
 .text.HAL_TIMEx_BreakCallback
                0x08001bc2       0x12 Drivers\STM32F1xx_HAL_Driver\Src\stm32f1xx_hal_tim_ex.o
                0x08001bc2                HAL_TIMEx_BreakCallback
 .text.LL_ADC_REG_SetSequencerLength
                0x08001bd4       0x24 Drivers\STM32F1xx_HAL_Driver\Src\stm32f1xx_ll_adc.o
 .text.LL_ADC_IsEnabled
                0x08001bf8       0x24 Drivers\STM32F1xx_HAL_Driver\Src\stm32f1xx_ll_adc.o
 .text.LL_ADC_CommonInit
                0x08001c1c       0x64 Drivers\STM32F1xx_HAL_Driver\Src\stm32f1xx_ll_adc.o
                0x08001c1c                LL_ADC_CommonInit
 .text.LL_ADC_Init
                0x08001c80       0x4e Drivers\STM32F1xx_HAL_Driver\Src\stm32f1xx_ll_adc.o
                0x08001c80                LL_ADC_Init
 .text.LL_ADC_REG_Init
                0x08001cce       0x8c Drivers\STM32F1xx_HAL_Driver\Src\stm32f1xx_ll_adc.o
                0x08001cce                LL_ADC_REG_Init
 *fill*         0x08001d5a        0x2 
 .text.LL_EXTI_EnableIT_0_31
                0x08001d5c       0x24 Drivers\STM32F1xx_HAL_Driver\Src\stm32f1xx_ll_exti.o
 .text.LL_EXTI_DisableIT_0_31
                0x08001d80       0x24 Drivers\STM32F1xx_HAL_Driver\Src\stm32f1xx_ll_exti.o
 .text.LL_EXTI_EnableEvent_0_31
                0x08001da4       0x24 Drivers\STM32F1xx_HAL_Driver\Src\stm32f1xx_ll_exti.o
 .text.LL_EXTI_DisableEvent_0_31
                0x08001dc8       0x24 Drivers\STM32F1xx_HAL_Driver\Src\stm32f1xx_ll_exti.o
 .text.LL_EXTI_EnableRisingTrig_0_31
                0x08001dec       0x24 Drivers\STM32F1xx_HAL_Driver\Src\stm32f1xx_ll_exti.o
 .text.LL_EXTI_DisableRisingTrig_0_31
                0x08001e10       0x24 Drivers\STM32F1xx_HAL_Driver\Src\stm32f1xx_ll_exti.o
 .text.LL_EXTI_EnableFallingTrig_0_31
                0x08001e34       0x24 Drivers\STM32F1xx_HAL_Driver\Src\stm32f1xx_ll_exti.o
 .text.LL_EXTI_DisableFallingTrig_0_31
                0x08001e58       0x24 Drivers\STM32F1xx_HAL_Driver\Src\stm32f1xx_ll_exti.o
 .text.LL_EXTI_Init
                0x08001e7c       0xf4 Drivers\STM32F1xx_HAL_Driver\Src\stm32f1xx_ll_exti.o
                0x08001e7c                LL_EXTI_Init
 .text.LL_GPIO_SetPinMode
                0x08001f70       0x60 Drivers\STM32F1xx_HAL_Driver\Src\stm32f1xx_ll_gpio.o
 .text.LL_GPIO_SetPinSpeed
                0x08001fd0       0x60 Drivers\STM32F1xx_HAL_Driver\Src\stm32f1xx_ll_gpio.o
 .text.LL_GPIO_SetPinOutputType
                0x08002030       0x60 Drivers\STM32F1xx_HAL_Driver\Src\stm32f1xx_ll_gpio.o
 .text.LL_GPIO_SetPinPull
                0x08002090       0x42 Drivers\STM32F1xx_HAL_Driver\Src\stm32f1xx_ll_gpio.o
 .text.LL_GPIO_Init
                0x080020d2       0xc2 Drivers\STM32F1xx_HAL_Driver\Src\stm32f1xx_ll_gpio.o
                0x080020d2                LL_GPIO_Init
 .text.LL_I2C_Enable
                0x08002194       0x1e Drivers\STM32F1xx_HAL_Driver\Src\stm32f1xx_ll_i2c.o
 .text.LL_I2C_Disable
                0x080021b2       0x1e Drivers\STM32F1xx_HAL_Driver\Src\stm32f1xx_ll_i2c.o
 .text.LL_I2C_SetOwnAddress1
                0x080021d0       0x2e Drivers\STM32F1xx_HAL_Driver\Src\stm32f1xx_ll_i2c.o
 *fill*         0x080021fe        0x2 
 .text.LL_I2C_ConfigSpeed
                0x08002200      0x120 Drivers\STM32F1xx_HAL_Driver\Src\stm32f1xx_ll_i2c.o
 .text.LL_I2C_SetMode
                0x08002320       0x24 Drivers\STM32F1xx_HAL_Driver\Src\stm32f1xx_ll_i2c.o
 .text.LL_I2C_AcknowledgeNextData
                0x08002344       0x24 Drivers\STM32F1xx_HAL_Driver\Src\stm32f1xx_ll_i2c.o
 .text.LL_I2C_Init
                0x08002368       0x62 Drivers\STM32F1xx_HAL_Driver\Src\stm32f1xx_ll_i2c.o
                0x08002368                LL_I2C_Init
 *fill*         0x080023ca        0x2 
 .text.LL_RCC_GetSysClkSource
                0x080023cc       0x18 Drivers\STM32F1xx_HAL_Driver\Src\stm32f1xx_ll_rcc.o
 .text.LL_RCC_GetAHBPrescaler
                0x080023e4       0x18 Drivers\STM32F1xx_HAL_Driver\Src\stm32f1xx_ll_rcc.o
 .text.LL_RCC_GetAPB1Prescaler
                0x080023fc       0x18 Drivers\STM32F1xx_HAL_Driver\Src\stm32f1xx_ll_rcc.o
 .text.LL_RCC_GetAPB2Prescaler
                0x08002414       0x18 Drivers\STM32F1xx_HAL_Driver\Src\stm32f1xx_ll_rcc.o
 .text.LL_RCC_PLL_GetMainSource
                0x0800242c       0x18 Drivers\STM32F1xx_HAL_Driver\Src\stm32f1xx_ll_rcc.o
 .text.LL_RCC_PLL_GetMultiplicator
                0x08002444       0x18 Drivers\STM32F1xx_HAL_Driver\Src\stm32f1xx_ll_rcc.o
 .text.LL_RCC_PLL_GetPrediv
                0x0800245c       0x1c Drivers\STM32F1xx_HAL_Driver\Src\stm32f1xx_ll_rcc.o
 .text.LL_RCC_GetSystemClocksFreq
                0x08002478       0x4a Drivers\STM32F1xx_HAL_Driver\Src\stm32f1xx_ll_rcc.o
                0x08002478                LL_RCC_GetSystemClocksFreq
 *fill*         0x080024c2        0x2 
 .text.RCC_GetSystemClockFreq
                0x080024c4       0x44 Drivers\STM32F1xx_HAL_Driver\Src\stm32f1xx_ll_rcc.o
                0x080024c4                RCC_GetSystemClockFreq
 .text.RCC_GetHCLKClockFreq
                0x08002508       0x2c Drivers\STM32F1xx_HAL_Driver\Src\stm32f1xx_ll_rcc.o
                0x08002508                RCC_GetHCLKClockFreq
 .text.RCC_GetPCLK1ClockFreq
                0x08002534       0x28 Drivers\STM32F1xx_HAL_Driver\Src\stm32f1xx_ll_rcc.o
                0x08002534                RCC_GetPCLK1ClockFreq
 .text.RCC_GetPCLK2ClockFreq
                0x0800255c       0x28 Drivers\STM32F1xx_HAL_Driver\Src\stm32f1xx_ll_rcc.o
                0x0800255c                RCC_GetPCLK2ClockFreq
 .text.RCC_PLL_GetFreqDomain_SYS
                0x08002584       0x60 Drivers\STM32F1xx_HAL_Driver\Src\stm32f1xx_ll_rcc.o
                0x08002584                RCC_PLL_GetFreqDomain_SYS
 .text.LL_SPI_IsEnabled
                0x080025e4       0x24 Drivers\STM32F1xx_HAL_Driver\Src\stm32f1xx_ll_spi.o
 .text.LL_SPI_SetCRCPolynomial
                0x08002608       0x1e Drivers\STM32F1xx_HAL_Driver\Src\stm32f1xx_ll_spi.o
 .text.LL_SPI_Init
                0x08002626       0x98 Drivers\STM32F1xx_HAL_Driver\Src\stm32f1xx_ll_spi.o
                0x08002626                LL_SPI_Init
 .text.LL_TIM_SetPrescaler
                0x080026be       0x1a Drivers\STM32F1xx_HAL_Driver\Src\stm32f1xx_ll_tim.o
 .text.LL_TIM_SetAutoReload
                0x080026d8       0x1a Drivers\STM32F1xx_HAL_Driver\Src\stm32f1xx_ll_tim.o
 .text.LL_TIM_SetRepetitionCounter
                0x080026f2       0x1a Drivers\STM32F1xx_HAL_Driver\Src\stm32f1xx_ll_tim.o
 .text.LL_TIM_OC_SetCompareCH1
                0x0800270c       0x1a Drivers\STM32F1xx_HAL_Driver\Src\stm32f1xx_ll_tim.o
 .text.LL_TIM_OC_SetCompareCH2
                0x08002726       0x1a Drivers\STM32F1xx_HAL_Driver\Src\stm32f1xx_ll_tim.o
 .text.LL_TIM_OC_SetCompareCH3
                0x08002740       0x1a Drivers\STM32F1xx_HAL_Driver\Src\stm32f1xx_ll_tim.o
 .text.LL_TIM_OC_SetCompareCH4
                0x0800275a       0x1a Drivers\STM32F1xx_HAL_Driver\Src\stm32f1xx_ll_tim.o
 .text.LL_TIM_GenerateEvent_UPDATE
                0x08002774       0x1e Drivers\STM32F1xx_HAL_Driver\Src\stm32f1xx_ll_tim.o
 *fill*         0x08002792        0x2 
 .text.LL_TIM_Init
                0x08002794       0xc0 Drivers\STM32F1xx_HAL_Driver\Src\stm32f1xx_ll_tim.o
                0x08002794                LL_TIM_Init
 .text.LL_TIM_OC_Init
                0x08002854       0x70 Drivers\STM32F1xx_HAL_Driver\Src\stm32f1xx_ll_tim.o
                0x08002854                LL_TIM_OC_Init
 .text.OC1Config
                0x080028c4       0xd8 Drivers\STM32F1xx_HAL_Driver\Src\stm32f1xx_ll_tim.o
 .text.OC2Config
                0x0800299c       0xe0 Drivers\STM32F1xx_HAL_Driver\Src\stm32f1xx_ll_tim.o
 .text.OC3Config
                0x08002a7c       0xe0 Drivers\STM32F1xx_HAL_Driver\Src\stm32f1xx_ll_tim.o
 .text.OC4Config
                0x08002b5c       0xb0 Drivers\STM32F1xx_HAL_Driver\Src\stm32f1xx_ll_tim.o
 .text.LL_USART_IsEnabled
                0x08002c0c       0x26 Drivers\STM32F1xx_HAL_Driver\Src\stm32f1xx_ll_usart.o
 .text.LL_USART_SetStopBitsLength
                0x08002c32       0x24 Drivers\STM32F1xx_HAL_Driver\Src\stm32f1xx_ll_usart.o
 .text.LL_USART_SetHWFlowCtrl
                0x08002c56       0x24 Drivers\STM32F1xx_HAL_Driver\Src\stm32f1xx_ll_usart.o
 *fill*         0x08002c7a        0x2 
 .text.LL_USART_SetBaudRate
                0x08002c7c       0xbc Drivers\STM32F1xx_HAL_Driver\Src\stm32f1xx_ll_usart.o
 .text.LL_USART_Init
                0x08002d38       0xc0 Drivers\STM32F1xx_HAL_Driver\Src\stm32f1xx_ll_usart.o
                0x08002d38                LL_USART_Init
 .text.LL_InitTick
                0x08002df8       0x34 Drivers\STM32F1xx_HAL_Driver\Src\stm32f1xx_ll_utils.o
 .text.LL_Init1msTick
                0x08002e2c       0x1a Drivers\STM32F1xx_HAL_Driver\Src\stm32f1xx_ll_utils.o
                0x08002e2c                LL_Init1msTick
 *fill*         0x08002e46        0x2 
 .text.LL_mDelay
                0x08002e48       0x48 Drivers\STM32F1xx_HAL_Driver\Src\stm32f1xx_ll_utils.o
                0x08002e48                LL_mDelay
 .text.LL_SetSystemCoreClock
                0x08002e90       0x1c Drivers\STM32F1xx_HAL_Driver\Src\stm32f1xx_ll_utils.o
                0x08002e90                LL_SetSystemCoreClock
 .text.makeFreeRtosPriority
                0x08002eac       0x2e Middlewares\Third_Party\FreeRTOS\Source\CMSIS_RTOS\cmsis_os.o
 .text.osKernelStart
                0x08002eda        0xe Middlewares\Third_Party\FreeRTOS\Source\CMSIS_RTOS\cmsis_os.o
                0x08002eda                osKernelStart
 .text.osThreadCreate
                0x08002ee8       0x4e Middlewares\Third_Party\FreeRTOS\Source\CMSIS_RTOS\cmsis_os.o
                0x08002ee8                osThreadCreate
 .text.osDelay  0x08002f36       0x28 Middlewares\Third_Party\FreeRTOS\Source\CMSIS_RTOS\cmsis_os.o
                0x08002f36                osDelay
 .text.vListInitialise
                0x08002f5e       0x3e Middlewares\Third_Party\FreeRTOS\Source\list.o
                0x08002f5e                vListInitialise
 .text.vListInitialiseItem
                0x08002f9c       0x18 Middlewares\Third_Party\FreeRTOS\Source\list.o
                0x08002f9c                vListInitialiseItem
 .text.vListInsertEnd
                0x08002fb4       0x46 Middlewares\Third_Party\FreeRTOS\Source\list.o
                0x08002fb4                vListInsertEnd
 .text.vListInsert
                0x08002ffa       0x70 Middlewares\Third_Party\FreeRTOS\Source\list.o
                0x08002ffa                vListInsert
 .text.uxListRemove
                0x0800306a       0x52 Middlewares\Third_Party\FreeRTOS\Source\list.o
                0x0800306a                uxListRemove
 .text.pxPortInitialiseStack
                0x080030bc       0x58 Middlewares\Third_Party\FreeRTOS\Source\portable\GCC\ARM_CM3\port.o
                0x080030bc                pxPortInitialiseStack
 .text.prvTaskExitError
                0x08003114       0x3c Middlewares\Third_Party\FreeRTOS\Source\portable\GCC\ARM_CM3\port.o
 .text.SVC_Handler
                0x08003150       0x28 Middlewares\Third_Party\FreeRTOS\Source\portable\GCC\ARM_CM3\port.o
                0x08003150                SVC_Handler
 .text.prvPortStartFirstTask
                0x08003178       0x20 Middlewares\Third_Party\FreeRTOS\Source\portable\GCC\ARM_CM3\port.o
 .text.xPortStartScheduler
                0x08003198       0xbc Middlewares\Third_Party\FreeRTOS\Source\portable\GCC\ARM_CM3\port.o
                0x08003198                xPortStartScheduler
 .text.vPortEnterCritical
                0x08003254       0x5c Middlewares\Third_Party\FreeRTOS\Source\portable\GCC\ARM_CM3\port.o
                0x08003254                vPortEnterCritical
 .text.vPortExitCritical
                0x080032b0       0x4c Middlewares\Third_Party\FreeRTOS\Source\portable\GCC\ARM_CM3\port.o
                0x080032b0                vPortExitCritical
 *fill*         0x080032fc        0x4 
 .text.PendSV_Handler
                0x08003300       0x48 Middlewares\Third_Party\FreeRTOS\Source\portable\GCC\ARM_CM3\port.o
                0x08003300                PendSV_Handler
 .text.SysTick_Handler
                0x08003348       0x40 Middlewares\Third_Party\FreeRTOS\Source\portable\GCC\ARM_CM3\port.o
                0x08003348                SysTick_Handler
 .text.vPortSetupTimerInterrupt
                0x08003388       0x34 Middlewares\Third_Party\FreeRTOS\Source\portable\GCC\ARM_CM3\port.o
                0x08003388                vPortSetupTimerInterrupt
 .text.pvPortMalloc
                0x080033bc      0x184 Middlewares\Third_Party\FreeRTOS\Source\portable\MemMang\heap_4.o
                0x080033bc                pvPortMalloc
 .text.vPortFree
                0x08003540       0xb0 Middlewares\Third_Party\FreeRTOS\Source\portable\MemMang\heap_4.o
                0x08003540                vPortFree
 .text.prvHeapInit
                0x080035f0       0xc4 Middlewares\Third_Party\FreeRTOS\Source\portable\MemMang\heap_4.o
 .text.prvInsertBlockIntoFreeList
                0x080036b4       0xb0 Middlewares\Third_Party\FreeRTOS\Source\portable\MemMang\heap_4.o
 .text.xQueueGenericReset
                0x08003764       0xd0 Middlewares\Third_Party\FreeRTOS\Source\queue.o
                0x08003764                xQueueGenericReset
 .text.xQueueGenericCreate
                0x08003834       0x72 Middlewares\Third_Party\FreeRTOS\Source\queue.o
                0x08003834                xQueueGenericCreate
 .text.prvInitialiseNewQueue
                0x080038a6       0x3e Middlewares\Third_Party\FreeRTOS\Source\queue.o
 .text.xQueueGenericSend
                0x080038e4      0x1f4 Middlewares\Third_Party\FreeRTOS\Source\queue.o
                0x080038e4                xQueueGenericSend
 .text.xQueueGenericReceive
                0x08003ad8      0x224 Middlewares\Third_Party\FreeRTOS\Source\queue.o
                0x08003ad8                xQueueGenericReceive
 .text.uxQueueMessagesWaiting
                0x08003cfc       0x3a Middlewares\Third_Party\FreeRTOS\Source\queue.o
                0x08003cfc                uxQueueMessagesWaiting
 .text.prvCopyDataToQueue
                0x08003d36       0xd4 Middlewares\Third_Party\FreeRTOS\Source\queue.o
 .text.prvCopyDataFromQueue
                0x08003e0a       0x4c Middlewares\Third_Party\FreeRTOS\Source\queue.o
 .text.prvUnlockQueue
                0x08003e56       0xa4 Middlewares\Third_Party\FreeRTOS\Source\queue.o
 .text.prvIsQueueEmpty
                0x08003efa       0x2c Middlewares\Third_Party\FreeRTOS\Source\queue.o
 .text.prvIsQueueFull
                0x08003f26       0x30 Middlewares\Third_Party\FreeRTOS\Source\queue.o
 .text.LL_GPIO_TogglePin
                0x08003f56       0x24 Middlewares\Third_Party\FreeRTOS\Source\tasks.o
 *fill*         0x08003f7a        0x2 
 .text.vApplicationStackOverflowHook
                0x08003f7c       0x24 Middlewares\Third_Party\FreeRTOS\Source\tasks.o
                0x08003f7c                vApplicationStackOverflowHook
 .text.xTaskCreate
                0x08003fa0       0x82 Middlewares\Third_Party\FreeRTOS\Source\tasks.o
                0x08003fa0                xTaskCreate
 .text.prvInitialiseNewTask
                0x08004022      0x10c Middlewares\Third_Party\FreeRTOS\Source\tasks.o
 *fill*         0x0800412e        0x2 
 .text.prvAddNewTaskToReadyList
                0x08004130       0xd4 Middlewares\Third_Party\FreeRTOS\Source\tasks.o
 .text.vTaskDelay
                0x08004204       0x68 Middlewares\Third_Party\FreeRTOS\Source\tasks.o
                0x08004204                vTaskDelay
 .text.vTaskStartScheduler
                0x0800426c       0x8c Middlewares\Third_Party\FreeRTOS\Source\tasks.o
                0x0800426c                vTaskStartScheduler
 .text.vTaskSuspendAll
                0x080042f8       0x1c Middlewares\Third_Party\FreeRTOS\Source\tasks.o
                0x080042f8                vTaskSuspendAll
 .text.xTaskResumeAll
                0x08004314      0x138 Middlewares\Third_Party\FreeRTOS\Source\tasks.o
                0x08004314                xTaskResumeAll
 .text.xTaskIncrementTick
                0x0800444c      0x178 Middlewares\Third_Party\FreeRTOS\Source\tasks.o
                0x0800444c                xTaskIncrementTick
 .text.vTaskSwitchContext
                0x080045c4       0xd4 Middlewares\Third_Party\FreeRTOS\Source\tasks.o
                0x080045c4                vTaskSwitchContext
 .text.vTaskPlaceOnEventList
                0x08004698       0x48 Middlewares\Third_Party\FreeRTOS\Source\tasks.o
                0x08004698                vTaskPlaceOnEventList
 .text.xTaskRemoveFromEventList
                0x080046e0       0xc4 Middlewares\Third_Party\FreeRTOS\Source\tasks.o
                0x080046e0                xTaskRemoveFromEventList
 .text.vTaskSetTimeOutState
                0x080047a4       0x44 Middlewares\Third_Party\FreeRTOS\Source\tasks.o
                0x080047a4                vTaskSetTimeOutState
 .text.xTaskCheckForTimeOut
                0x080047e8       0xbc Middlewares\Third_Party\FreeRTOS\Source\tasks.o
                0x080047e8                xTaskCheckForTimeOut
 .text.vTaskMissedYield
                0x080048a4       0x18 Middlewares\Third_Party\FreeRTOS\Source\tasks.o
                0x080048a4                vTaskMissedYield
 .text.prvIdleTask
                0x080048bc       0x30 Middlewares\Third_Party\FreeRTOS\Source\tasks.o
 .text.prvInitialiseTaskLists
                0x080048ec       0x80 Middlewares\Third_Party\FreeRTOS\Source\tasks.o
 .text.prvCheckTasksWaitingTermination
                0x0800496c       0x78 Middlewares\Third_Party\FreeRTOS\Source\tasks.o
 .text.prvDeleteTCB
                0x080049e4       0x20 Middlewares\Third_Party\FreeRTOS\Source\tasks.o
 .text.prvResetNextTaskUnblockTime
                0x08004a04       0x48 Middlewares\Third_Party\FreeRTOS\Source\tasks.o
 .text.xTaskGetSchedulerState
                0x08004a4c       0x3c Middlewares\Third_Party\FreeRTOS\Source\tasks.o
                0x08004a4c                xTaskGetSchedulerState
 .text.vTaskPriorityInherit
                0x08004a88       0xec Middlewares\Third_Party\FreeRTOS\Source\tasks.o
                0x08004a88                vTaskPriorityInherit
 .text.xTaskPriorityDisinherit
                0x08004b74      0x108 Middlewares\Third_Party\FreeRTOS\Source\tasks.o
                0x08004b74                xTaskPriorityDisinherit
 .text.pvTaskIncrementMutexHeldCount
                0x08004c7c       0x28 Middlewares\Third_Party\FreeRTOS\Source\tasks.o
                0x08004c7c                pvTaskIncrementMutexHeldCount
 .text.prvAddCurrentTaskToDelayedList
                0x08004ca4       0xcc Middlewares\Third_Party\FreeRTOS\Source\tasks.o
 .text.LL_CRC_ResetCRCCalculationUnit
                0x08004d70       0x18 Platform\crc\crc.o
 .text.LL_CRC_FeedData32
                0x08004d88       0x1a Platform\crc\crc.o
 .text.LL_CRC_ReadData32
                0x08004da2       0x16 Platform\crc\crc.o
 .text.LL_AHB1_GRP1_EnableClock
                0x08004db8       0x30 Platform\crc\crc.o
 .text.MX_CRC_Init
                0x08004de8        0xe Platform\crc\crc.o
                0x08004de8                MX_CRC_Init
 *fill*         0x08004df6        0x2 
 .text.CRC_calc
                0x08004df8       0x58 Platform\crc\crc.o
                0x08004df8                CRC_calc
 .text.delay    0x08004e50       0x1a Platform\delay\delay.o
                0x08004e50                delay
 *fill*         0x08004e6a        0x2 
 .text.getSysTick
                0x08004e6c       0x14 Platform\delay\delay.o
                0x08004e6c                getSysTick
 .text.NVIC_GetPriorityGrouping
                0x08004e80       0x1c Platform\encoder_driver\encoder_driver.o
 .text.NVIC_EnableIRQ
                0x08004e9c       0x30 Platform\encoder_driver\encoder_driver.o
 .text.NVIC_SetPriority
                0x08004ecc       0x54 Platform\encoder_driver\encoder_driver.o
 .text.NVIC_EncodePriority
                0x08004f20       0x60 Platform\encoder_driver\encoder_driver.o
 .text.LL_EXTI_ClearFlag_0_31
                0x08004f80       0x1c Platform\encoder_driver\encoder_driver.o
 .text.LL_GPIO_ReadInputPort
                0x08004f9c       0x16 Platform\encoder_driver\encoder_driver.o
 *fill*         0x08004fb2        0x2 
 .text.LL_GPIO_AF_SetEXTISource
                0x08004fb4       0x54 Platform\encoder_driver\encoder_driver.o
 .text.GPIO_Init
                0x08005008       0xd4 Platform\encoder_driver\encoder_driver.o
                0x08005008                GPIO_Init
 .text.EXTI1_IRQHandler
                0x080050dc       0x18 Platform\encoder_driver\encoder_driver.o
                0x080050dc                EXTI1_IRQHandler
 .text.EXTI15_10_IRQHandler
                0x080050f4       0x50 Platform\encoder_driver\encoder_driver.o
                0x080050f4                EXTI15_10_IRQHandler
 .text.GetButton
                0x08005144       0x14 Platform\encoder_driver\encoder_driver.o
                0x08005144                GetButton
 .text.ClearButton
                0x08005158       0x18 Platform\encoder_driver\encoder_driver.o
                0x08005158                ClearButton
 .text.GetRotateStatus
                0x08005170       0x14 Platform\encoder_driver\encoder_driver.o
                0x08005170                GetRotateStatus
 .text.ClearRotateStatus
                0x08005184       0x18 Platform\encoder_driver\encoder_driver.o
                0x08005184                ClearRotateStatus
 .text.GetRotatePinB
                0x0800519c       0x14 Platform\encoder_driver\encoder_driver.o
                0x0800519c                GetRotatePinB
 .text.GetRotatePinA
                0x080051b0       0x14 Platform\encoder_driver\encoder_driver.o
                0x080051b0                GetRotatePinA
 .text.GPIO_Read_Pin
                0x080051c4       0x38 Platform\encoder_driver\encoder_driver.o
                0x080051c4                GPIO_Read_Pin
 .text.EncoderQueueInit
                0x080051fc       0x1c Platform\encoder_queue\encoder_queue.o
                0x080051fc                EncoderQueueInit
 .text.EncoderQueue_Send
                0x08005218       0x44 Platform\encoder_queue\encoder_queue.o
                0x08005218                EncoderQueue_Send
 .text.EncoderQueue_Receive
                0x0800525c       0x24 Platform\encoder_queue\encoder_queue.o
                0x0800525c                EncoderQueue_Receive
 .text.EncoderQueue_IsElements
                0x08005280       0x24 Platform\encoder_queue\encoder_queue.o
                0x08005280                EncoderQueue_IsElements
 .text.pxEncoder
                0x080052a4       0x78 Platform\encoder_task\encoder_task.o
 .text.EncoderTaskInit
                0x0800531c       0x2c Platform\encoder_task\encoder_task.o
                0x0800531c                EncoderTaskInit
 .text.espStart
                0x08005348       0xec Platform\esp_task\esp_task.o
 .text.pxESP    0x08005434       0x98 Platform\esp_task\esp_task.o
 .text.ESPTaskInit
                0x080054cc       0x2c Platform\esp_task\esp_task.o
                0x080054cc                ESPTaskInit
 .text.LL_I2C_EnableClockStretching
                0x080054f8       0x1e Platform\i2c\i2c.o
 .text.LL_I2C_DisableGeneralCall
                0x08005516       0x1e Platform\i2c\i2c.o
 .text.LL_I2C_SetOwnAddress2
                0x08005534       0x24 Platform\i2c\i2c.o
 .text.LL_I2C_DisableOwnAddress2
                0x08005558       0x1e Platform\i2c\i2c.o
 .text.LL_I2C_IsActiveFlag_TXE
                0x08005576       0x24 Platform\i2c\i2c.o
 .text.LL_I2C_IsActiveFlag_RXNE
                0x0800559a       0x24 Platform\i2c\i2c.o
 .text.LL_I2C_IsActiveFlag_SB
                0x080055be       0x24 Platform\i2c\i2c.o
 .text.LL_I2C_IsActiveFlag_ADDR
                0x080055e2       0x24 Platform\i2c\i2c.o
 .text.LL_I2C_ClearFlag_ADDR
                0x08005606       0x22 Platform\i2c\i2c.o
 .text.LL_I2C_AcknowledgeNextData
                0x08005628       0x24 Platform\i2c\i2c.o
 .text.LL_I2C_GenerateStartCondition
                0x0800564c       0x1e Platform\i2c\i2c.o
 .text.LL_I2C_GenerateStopCondition
                0x0800566a       0x1e Platform\i2c\i2c.o
 .text.LL_I2C_DisableBitPOS
                0x08005688       0x1e Platform\i2c\i2c.o
 .text.LL_I2C_ReceiveData8
                0x080056a6       0x18 Platform\i2c\i2c.o
 .text.LL_I2C_TransmitData8
                0x080056be       0x26 Platform\i2c\i2c.o
 .text.LL_APB1_GRP1_EnableClock
                0x080056e4       0x30 Platform\i2c\i2c.o
 .text.LL_APB2_GRP1_EnableClock
                0x08005714       0x30 Platform\i2c\i2c.o
 .text.MX_I2C2_Init
                0x08005744       0xa8 Platform\i2c\i2c.o
                0x08005744                MX_I2C2_Init
 .text.I2C2_SendData
                0x080057ec       0xd0 Platform\i2c\i2c.o
                0x080057ec                I2C2_SendData
 .text.I2C2_ReadData
                0x080058bc      0x138 Platform\i2c\i2c.o
                0x080058bc                I2C2_ReadData
 .text.NVIC_GetPriorityGrouping
                0x080059f4       0x1c Platform\ldr_driver\ldr_driver.o
 .text.NVIC_EnableIRQ
                0x08005a10       0x30 Platform\ldr_driver\ldr_driver.o
 .text.NVIC_SetPriority
                0x08005a40       0x54 Platform\ldr_driver\ldr_driver.o
 .text.NVIC_EncodePriority
                0x08005a94       0x60 Platform\ldr_driver\ldr_driver.o
 .text.LL_ADC_REG_SetSequencerRanks
                0x08005af4       0x66 Platform\ldr_driver\ldr_driver.o
 .text.LL_ADC_SetChannelSamplingTime
                0x08005b5a       0x92 Platform\ldr_driver\ldr_driver.o
 .text.LL_ADC_Enable
                0x08005bec       0x1e Platform\ldr_driver\ldr_driver.o
 .text.LL_ADC_IsEnabled
                0x08005c0a       0x24 Platform\ldr_driver\ldr_driver.o
 .text.LL_ADC_StartCalibration
                0x08005c2e       0x1e Platform\ldr_driver\ldr_driver.o
 .text.LL_ADC_IsCalibrationOnGoing
                0x08005c4c       0x24 Platform\ldr_driver\ldr_driver.o
 .text.LL_ADC_REG_ReadConversionData12
                0x08005c70       0x18 Platform\ldr_driver\ldr_driver.o
 .text.LL_ADC_IsActiveFlag_EOS
                0x08005c88       0x24 Platform\ldr_driver\ldr_driver.o
 .text.LL_ADC_ClearFlag_EOS
                0x08005cac       0x1a Platform\ldr_driver\ldr_driver.o
 .text.LL_ADC_EnableIT_EOS
                0x08005cc6       0x1e Platform\ldr_driver\ldr_driver.o
 .text.LL_APB2_GRP1_EnableClock
                0x08005ce4       0x30 Platform\ldr_driver\ldr_driver.o
 .text.MX_ADC1_Init
                0x08005d14       0xfc Platform\ldr_driver\ldr_driver.o
                0x08005d14                MX_ADC1_Init
 .text.ADC1_Activate
                0x08005e10       0x48 Platform\ldr_driver\ldr_driver.o
                0x08005e10                ADC1_Activate
 .text.ADC1_2_IRQHandler
                0x08005e58       0x30 Platform\ldr_driver\ldr_driver.o
                0x08005e58                ADC1_2_IRQHandler
 .text.ADC1_Get
                0x08005e88       0x14 Platform\ldr_driver\ldr_driver.o
                0x08005e88                ADC1_Get
 .text.LDRQueueInit
                0x08005e9c       0x1c Platform\ldr_queue\ldr_queue.o
                0x08005e9c                LDRQueueInit
 .text.LDRQueue_Send
                0x08005eb8       0x28 Platform\ldr_queue\ldr_queue.o
                0x08005eb8                LDRQueue_Send
 .text.LDRQueue_Receive
                0x08005ee0       0x24 Platform\ldr_queue\ldr_queue.o
                0x08005ee0                LDRQueue_Receive
 .text.LDRQueue_IsElements
                0x08005f04       0x24 Platform\ldr_queue\ldr_queue.o
                0x08005f04                LDRQueue_IsElements
 .text.pxLDR    0x08005f28       0x24 Platform\ldr_task\ldr_task.o
 .text.LDRTaskInit
                0x08005f4c       0x2c Platform\ldr_task\ldr_task.o
                0x08005f4c                LDRTaskInit
 .text.LL_APB1_GRP1_EnableClock
                0x08005f78       0x30 Platform\led_driver\led_driver.o
 .text.LL_APB2_GRP1_EnableClock
                0x08005fa8       0x30 Platform\led_driver\led_driver.o
 .text.LL_TIM_EnableCounter
                0x08005fd8       0x1e Platform\led_driver\led_driver.o
 .text.LL_TIM_EnableARRPreload
                0x08005ff6       0x1e Platform\led_driver\led_driver.o
 .text.LL_TIM_GetAutoReload
                0x08006014       0x16 Platform\led_driver\led_driver.o
 .text.LL_TIM_CC_EnableChannel
                0x0800602a       0x20 Platform\led_driver\led_driver.o
 *fill*         0x0800604a        0x2 
 .text.LL_TIM_OC_DisableFast
                0x0800604c       0x84 Platform\led_driver\led_driver.o
 .text.LL_TIM_OC_SetCompareCH1
                0x080060d0       0x1a Platform\led_driver\led_driver.o
 .text.LL_TIM_OC_SetCompareCH2
                0x080060ea       0x1a Platform\led_driver\led_driver.o
 .text.LL_TIM_OC_SetCompareCH3
                0x08006104       0x1a Platform\led_driver\led_driver.o
 .text.LL_TIM_SetTriggerOutput
                0x0800611e       0x24 Platform\led_driver\led_driver.o
 .text.LL_TIM_DisableMasterSlaveMode
                0x08006142       0x1e Platform\led_driver\led_driver.o
 .text.LL_TIM_GenerateEvent_UPDATE
                0x08006160       0x1e Platform\led_driver\led_driver.o
 *fill*         0x0800617e        0x2 
 .text.MX_TIM4_Init
                0x08006180      0x148 Platform\led_driver\led_driver.o
                0x08006180                MX_TIM4_Init
 .text.TIM4_SET_CH1
                0x080062c8       0x20 Platform\led_driver\led_driver.o
                0x080062c8                TIM4_SET_CH1
 .text.TIM4_SET_CH2
                0x080062e8       0x20 Platform\led_driver\led_driver.o
                0x080062e8                TIM4_SET_CH2
 .text.TIM4_SET_CH3
                0x08006308       0x20 Platform\led_driver\led_driver.o
                0x08006308                TIM4_SET_CH3
 .text.constrain
                0x08006328       0x2e Platform\led_task\led_task.o
 *fill*         0x08006356        0x2 
 .text.pxLed    0x08006358      0x1a4 Platform\led_task\led_task.o
 .text.LedTaskInit
                0x080064fc       0x2c Platform\led_task\led_task.o
                0x080064fc                LedTaskInit
 .text.NVIC_GetPriorityGrouping
                0x08006528       0x1c Platform\power_status\power_status.o
 .text.NVIC_EnableIRQ
                0x08006544       0x30 Platform\power_status\power_status.o
 .text.NVIC_SetPriority
                0x08006574       0x54 Platform\power_status\power_status.o
 .text.NVIC_EncodePriority
                0x080065c8       0x60 Platform\power_status\power_status.o
 .text.LL_EXTI_ClearFlag_0_31
                0x08006628       0x1c Platform\power_status\power_status.o
 .text.LL_GPIO_AF_SetEXTISource
                0x08006644       0x54 Platform\power_status\power_status.o
 .text.PowerDropInterruptInit
                0x08006698       0x8c Platform\power_status\power_status.o
                0x08006698                PowerDropInterruptInit
 .text.EXTI0_IRQHandler
                0x08006724       0x12 Platform\power_status\power_status.o
                0x08006724                EXTI0_IRQHandler
 .text.LL_SPI_Enable
                0x08006736       0x1e Platform\spi\spi.o
 .text.LL_SPI_IsActiveFlag_TXE
                0x08006754       0x24 Platform\spi\spi.o
 .text.LL_SPI_IsActiveFlag_BSY
                0x08006778       0x24 Platform\spi\spi.o
 .text.LL_SPI_TransmitData8
                0x0800679c       0x1c Platform\spi\spi.o
 .text.LL_APB2_GRP1_EnableClock
                0x080067b8       0x30 Platform\spi\spi.o
 .text.LL_GPIO_SetOutputPin
                0x080067e8       0x1e Platform\spi\spi.o
 .text.LL_GPIO_ResetOutputPin
                0x08006806       0x1e Platform\spi\spi.o
 .text.MX_SPI1_Init
                0x08006824       0xd0 Platform\spi\spi.o
                0x08006824                MX_SPI1_Init
 .text.SPI1_SendByte
                0x080068f4       0x3c Platform\spi\spi.o
                0x080068f4                SPI1_SendByte
 .text.SetDC    0x08006930       0x18 Platform\spi\spi.o
                0x08006930                SetDC
 .text.ClearDC  0x08006948       0x18 Platform\spi\spi.o
                0x08006948                ClearDC
 .text.Reset    0x08006960       0x28 Platform\spi\spi.o
                0x08006960                Reset
 .text.LL_APB2_GRP1_EnableClock
                0x08006988       0x30 Platform\status_led\status_led.o
 .text.LL_GPIO_SetOutputPin
                0x080069b8       0x1e Platform\status_led\status_led.o
 *fill*         0x080069d6        0x2 
 .text.StatusLedInit
                0x080069d8       0x50 Platform\status_led\status_led.o
                0x080069d8                StatusLedInit
 .text.StatusLedON
                0x08006a28       0x18 Platform\status_led\status_led.o
                0x08006a28                StatusLedON
 .text.NVIC_GetPriorityGrouping
                0x08006a40       0x1c Platform\usart\uart.o
 .text.NVIC_EnableIRQ
                0x08006a5c       0x30 Platform\usart\uart.o
 .text.NVIC_DisableIRQ
                0x08006a8c       0x34 Platform\usart\uart.o
 .text.NVIC_SetPriority
                0x08006ac0       0x54 Platform\usart\uart.o
 .text.NVIC_EncodePriority
                0x08006b14       0x60 Platform\usart\uart.o
 .text.LL_APB2_GRP1_EnableClock
                0x08006b74       0x30 Platform\usart\uart.o
 .text.LL_USART_Enable
                0x08006ba4       0x1e Platform\usart\uart.o
 .text.LL_USART_ConfigAsyncMode
                0x08006bc2       0x2a Platform\usart\uart.o
 .text.LL_USART_IsActiveFlag_RXNE
                0x08006bec       0x24 Platform\usart\uart.o
 .text.LL_USART_IsActiveFlag_TC
                0x08006c10       0x24 Platform\usart\uart.o
 .text.LL_USART_EnableIT_RXNE
                0x08006c34       0x1e Platform\usart\uart.o
 .text.LL_USART_EnableIT_ERROR
                0x08006c52       0x1e Platform\usart\uart.o
 .text.LL_USART_IsEnabledIT_RXNE
                0x08006c70       0x24 Platform\usart\uart.o
 .text.LL_USART_ReceiveData8
                0x08006c94       0x18 Platform\usart\uart.o
 .text.LL_USART_TransmitData8
                0x08006cac       0x1c Platform\usart\uart.o
 .text.LL_GPIO_SetOutputPin
                0x08006cc8       0x1e Platform\usart\uart.o
 .text.LL_GPIO_ResetOutputPin
                0x08006ce6       0x1e Platform\usart\uart.o
 .text.USART_SendData_byte
                0x08006d04       0x30 Platform\usart\uart.o
                0x08006d04                USART_SendData_byte
 .text.USART_SendData
                0x08006d34       0x50 Platform\usart\uart.o
                0x08006d34                USART_SendData
 .text.USART_CharReception_Callback
                0x08006d84       0x28 Platform\usart\uart.o
                0x08006d84                USART_CharReception_Callback
 .text.Error_Callback
                0x08006dac       0x20 Platform\usart\uart.o
                0x08006dac                Error_Callback
 .text.USART1_IRQHandler
                0x08006dcc       0x30 Platform\usart\uart.o
                0x08006dcc                USART1_IRQHandler
 .text.USART1_Device_Reset
                0x08006dfc       0x28 Platform\usart\uart.o
                0x08006dfc                USART1_Device_Reset
 .text.MX_USART1_UART_Init
                0x08006e24      0x10c Platform\usart\uart.o
                0x08006e24                MX_USART1_UART_Init
 .text.MX_FREERTOS_Init
                0x08006f30       0x4c Src\freertos.o
                0x08006f30                MX_FREERTOS_Init
 .text.StartDefaultTask
                0x08006f7c       0x10 Src\freertos.o
                0x08006f7c                StartDefaultTask
 .text.LL_RCC_HSE_Enable
                0x08006f8c       0x1c Src\main.o
 .text.LL_RCC_HSE_IsReady
                0x08006fa8       0x24 Src\main.o
 .text.LL_RCC_SetSysClkSource
                0x08006fcc       0x28 Src\main.o
 .text.LL_RCC_GetSysClkSource
                0x08006ff4       0x18 Src\main.o
 .text.LL_RCC_SetAHBPrescaler
                0x0800700c       0x28 Src\main.o
 .text.LL_RCC_SetAPB1Prescaler
                0x08007034       0x28 Src\main.o
 .text.LL_RCC_SetAPB2Prescaler
                0x0800705c       0x28 Src\main.o
 .text.LL_FLASH_SetLatency
                0x08007084       0x28 Src\main.o
 .text.LL_FLASH_GetLatency
                0x080070ac       0x18 Src\main.o
 .text.LL_SYSTICK_SetClkSource
                0x080070c4       0x38 Src\main.o
 .text.main     0x080070fc       0x1a Src\main.o
                0x080070fc                main
 *fill*         0x08007116        0x2 
 .text.SystemClock_Config
                0x08007118       0x68 Src\main.o
                0x08007118                SystemClock_Config
 .text.HAL_TIM_PeriodElapsedCallback
                0x08007180       0x24 Src\main.o
                0x08007180                HAL_TIM_PeriodElapsedCallback
 .text.Error_Handler
                0x080071a4        0xc Src\main.o
                0x080071a4                Error_Handler
 .text.HAL_MspInit
                0x080071b0       0x70 Src\stm32f1xx_hal_msp.o
                0x080071b0                HAL_MspInit
 .text.HAL_InitTick
                0x08007220       0xac Src\stm32f1xx_hal_timebase_tim.o
                0x08007220                HAL_InitTick
 .text.NMI_Handler
                0x080072cc        0xc Src\stm32f1xx_it.o
                0x080072cc                NMI_Handler
 .text.HardFault_Handler
                0x080072d8        0x6 Src\stm32f1xx_it.o
                0x080072d8                HardFault_Handler
 .text.MemManage_Handler
                0x080072de        0x6 Src\stm32f1xx_it.o
                0x080072de                MemManage_Handler
 .text.BusFault_Handler
                0x080072e4        0x6 Src\stm32f1xx_it.o
                0x080072e4                BusFault_Handler
 .text.UsageFault_Handler
                0x080072ea        0x6 Src\stm32f1xx_it.o
                0x080072ea                UsageFault_Handler
 .text.DebugMon_Handler
                0x080072f0        0xc Src\stm32f1xx_it.o
                0x080072f0                DebugMon_Handler
 .text.TIM1_UP_IRQHandler
                0x080072fc       0x14 Src\stm32f1xx_it.o
                0x080072fc                TIM1_UP_IRQHandler
 .text._sbrk    0x08007310       0x58 Src\syscalls.o
                0x08007310                _sbrk
 .text.SystemInit
                0x08007368       0x68 Src\system_stm32f1xx.o
                0x08007368                SystemInit
 .text.Reset_Handler
                0x080073d0       0x48 startup\startup_stm32f103xb.o
                0x080073d0                Reset_Handler
 .text.Default_Handler
                0x08007418        0x2 startup\startup_stm32f103xb.o
                0x08007418                RTC_Alarm_IRQHandler
                0x08007418                EXTI2_IRQHandler
                0x08007418                TIM1_CC_IRQHandler
                0x08007418                PVD_IRQHandler
                0x08007418                EXTI3_IRQHandler
                0x08007418                I2C2_EV_IRQHandler
                0x08007418                SPI1_IRQHandler
                0x08007418                TAMPER_IRQHandler
                0x08007418                DMA1_Channel4_IRQHandler
                0x08007418                USART3_IRQHandler
                0x08007418                RTC_IRQHandler
                0x08007418                DMA1_Channel7_IRQHandler
                0x08007418                CAN1_RX1_IRQHandler
                0x08007418                TIM4_IRQHandler
                0x08007418                I2C1_EV_IRQHandler
                0x08007418                DMA1_Channel6_IRQHandler
                0x08007418                TIM3_IRQHandler
                0x08007418                RCC_IRQHandler
                0x08007418                TIM1_TRG_COM_IRQHandler
                0x08007418                DMA1_Channel1_IRQHandler
                0x08007418                Default_Handler
                0x08007418                EXTI9_5_IRQHandler
                0x08007418                SPI2_IRQHandler
                0x08007418                DMA1_Channel5_IRQHandler
                0x08007418                EXTI4_IRQHandler
                0x08007418                USB_LP_CAN1_RX0_IRQHandler
                0x08007418                USB_HP_CAN1_TX_IRQHandler
                0x08007418                DMA1_Channel3_IRQHandler
                0x08007418                WWDG_IRQHandler
                0x08007418                TIM2_IRQHandler
                0x08007418                TIM1_BRK_IRQHandler
                0x08007418                USART2_IRQHandler
                0x08007418                I2C2_ER_IRQHandler
                0x08007418                DMA1_Channel2_IRQHandler
                0x08007418                CAN1_SCE_IRQHandler
                0x08007418                FLASH_IRQHandler
                0x08007418                I2C1_ER_IRQHandler
                0x08007418                USBWakeUp_IRQHandler
 *fill*         0x0800741a        0x2 
 .text.__errno  0x0800741c        0xc c:/program files (x86)/atollic/truestudio for stm32 9.3.0/armtools/bin/../lib/gcc/arm-atollic-eabi/6.3.1/../../../../arm-atollic-eabi/lib/armv7-m\libc_nano.a(lib_a-errno.o)
                0x0800741c                __errno
 .text.__libc_init_array
                0x08007428       0x48 c:/program files (x86)/atollic/truestudio for stm32 9.3.0/armtools/bin/../lib/gcc/arm-atollic-eabi/6.3.1/../../../../arm-atollic-eabi/lib/armv7-m\libc_nano.a(lib_a-init.o)
                0x08007428                __libc_init_array
 .text.memcpy   0x08007470       0x16 c:/program files (x86)/atollic/truestudio for stm32 9.3.0/armtools/bin/../lib/gcc/arm-atollic-eabi/6.3.1/../../../../arm-atollic-eabi/lib/armv7-m\libc_nano.a(lib_a-memcpy-stub.o)
                0x08007470                memcpy
 .text.memset   0x08007486       0x10 c:/program files (x86)/atollic/truestudio for stm32 9.3.0/armtools/bin/../lib/gcc/arm-atollic-eabi/6.3.1/../../../../arm-atollic-eabi/lib/armv7-m\libc_nano.a(lib_a-memset.o)
                0x08007486                memset
 *fill*         0x08007496        0x2 
 .text.sprintf  0x08007498       0x48 c:/program files (x86)/atollic/truestudio for stm32 9.3.0/armtools/bin/../lib/gcc/arm-atollic-eabi/6.3.1/../../../../arm-atollic-eabi/lib/armv7-m\libc_nano.a(lib_a-sprintf.o)
                0x08007498                siprintf
                0x08007498                sprintf
 .text.strstr   0x080074e0       0x36 c:/program files (x86)/atollic/truestudio for stm32 9.3.0/armtools/bin/../lib/gcc/arm-atollic-eabi/6.3.1/../../../../arm-atollic-eabi/lib/armv7-m\libc_nano.a(lib_a-strstr.o)
                0x080074e0                strstr
 .text._strtol_l.isra.0
                0x08007516      0x100 c:/program files (x86)/atollic/truestudio for stm32 9.3.0/armtools/bin/../lib/gcc/arm-atollic-eabi/6.3.1/../../../../arm-atollic-eabi/lib/armv7-m\libc_nano.a(lib_a-strtol.o)
 *fill*         0x08007616        0x2 
 .text.strtol   0x08007618       0x2c c:/program files (x86)/atollic/truestudio for stm32 9.3.0/armtools/bin/../lib/gcc/arm-atollic-eabi/6.3.1/../../../../arm-atollic-eabi/lib/armv7-m\libc_nano.a(lib_a-strtol.o)
                0x08007618                strtol
 .text.__locale_ctype_ptr_l
                0x08007644        0x6 c:/program files (x86)/atollic/truestudio for stm32 9.3.0/armtools/bin/../lib/gcc/arm-atollic-eabi/6.3.1/../../../../arm-atollic-eabi/lib/armv7-m\libc_nano.a(lib_a-locale.o)
                0x08007644                __locale_ctype_ptr_l
 .text.__ascii_mbtowc
                0x0800764a       0x24 c:/program files (x86)/atollic/truestudio for stm32 9.3.0/armtools/bin/../lib/gcc/arm-atollic-eabi/6.3.1/../../../../arm-atollic-eabi/lib/armv7-m\libc_nano.a(lib_a-mbtowc_r.o)
                0x0800764a                __ascii_mbtowc
 .text.__ssputs_r
                0x0800766e       0xb6 c:/program files (x86)/atollic/truestudio for stm32 9.3.0/armtools/bin/../lib/gcc/arm-atollic-eabi/6.3.1/../../../../arm-atollic-eabi/lib/armv7-m\libc_nano.a(lib_a-nano-svfprintf.o)
                0x0800766e                __ssputs_r
 .text._svfprintf_r
                0x08007724      0x1e8 c:/program files (x86)/atollic/truestudio for stm32 9.3.0/armtools/bin/../lib/gcc/arm-atollic-eabi/6.3.1/../../../../arm-atollic-eabi/lib/armv7-m\libc_nano.a(lib_a-nano-svfprintf.o)
                0x08007724                _svfiprintf_r
                0x08007724                _svfprintf_r
 .text._printf_common
                0x0800790c       0xee c:/program files (x86)/atollic/truestudio for stm32 9.3.0/armtools/bin/../lib/gcc/arm-atollic-eabi/6.3.1/../../../../arm-atollic-eabi/lib/armv7-m\libc_nano.a(lib_a-nano-vfprintf_i.o)
                0x0800790c                _printf_common
 *fill*         0x080079fa        0x2 
 .text._printf_i
                0x080079fc      0x240 c:/program files (x86)/atollic/truestudio for stm32 9.3.0/armtools/bin/../lib/gcc/arm-atollic-eabi/6.3.1/../../../../arm-atollic-eabi/lib/armv7-m\libc_nano.a(lib_a-nano-vfprintf_i.o)
                0x080079fc                _printf_i
 .text.__ascii_wctomb
                0x08007c3c       0x1a c:/program files (x86)/atollic/truestudio for stm32 9.3.0/armtools/bin/../lib/gcc/arm-atollic-eabi/6.3.1/../../../../arm-atollic-eabi/lib/armv7-m\libc_nano.a(lib_a-wctomb_r.o)
                0x08007c3c                __ascii_wctomb
 .text.memchr   0x08007c56       0x1c c:/program files (x86)/atollic/truestudio for stm32 9.3.0/armtools/bin/../lib/gcc/arm-atollic-eabi/6.3.1/../../../../arm-atollic-eabi/lib/armv7-m\libc_nano.a(lib_a-memchr-stub.o)
                0x08007c56                memchr
 .text.memmove  0x08007c72       0x34 c:/program files (x86)/atollic/truestudio for stm32 9.3.0/armtools/bin/../lib/gcc/arm-atollic-eabi/6.3.1/../../../../arm-atollic-eabi/lib/armv7-m\libc_nano.a(lib_a-memmove.o)
                0x08007c72                memmove
 *fill*         0x08007ca6        0x2 
 .text._free_r  0x08007ca8       0x98 c:/program files (x86)/atollic/truestudio for stm32 9.3.0/armtools/bin/../lib/gcc/arm-atollic-eabi/6.3.1/../../../../arm-atollic-eabi/lib/armv7-m\libc_nano.a(lib_a-nano-freer.o)
                0x08007ca8                _free_r
 .text._malloc_r
                0x08007d40       0xbc c:/program files (x86)/atollic/truestudio for stm32 9.3.0/armtools/bin/../lib/gcc/arm-atollic-eabi/6.3.1/../../../../arm-atollic-eabi/lib/armv7-m\libc_nano.a(lib_a-nano-mallocr.o)
                0x08007d40                _malloc_r
 .text._realloc_r
                0x08007dfc       0x4c c:/program files (x86)/atollic/truestudio for stm32 9.3.0/armtools/bin/../lib/gcc/arm-atollic-eabi/6.3.1/../../../../arm-atollic-eabi/lib/armv7-m\libc_nano.a(lib_a-nano-reallocr.o)
                0x08007dfc                _realloc_r
 .text._sbrk_r  0x08007e48       0x20 c:/program files (x86)/atollic/truestudio for stm32 9.3.0/armtools/bin/../lib/gcc/arm-atollic-eabi/6.3.1/../../../../arm-atollic-eabi/lib/armv7-m\libc_nano.a(lib_a-sbrkr.o)
                0x08007e48                _sbrk_r
 .text.__malloc_lock
                0x08007e68        0x2 c:/program files (x86)/atollic/truestudio for stm32 9.3.0/armtools/bin/../lib/gcc/arm-atollic-eabi/6.3.1/../../../../arm-atollic-eabi/lib/armv7-m\libc_nano.a(lib_a-mlock.o)
                0x08007e68                __malloc_lock
 .text.__malloc_unlock
                0x08007e6a        0x2 c:/program files (x86)/atollic/truestudio for stm32 9.3.0/armtools/bin/../lib/gcc/arm-atollic-eabi/6.3.1/../../../../arm-atollic-eabi/lib/armv7-m\libc_nano.a(lib_a-mlock.o)
                0x08007e6a                __malloc_unlock
 .text._malloc_usable_size_r
                0x08007e6c       0x12 c:/program files (x86)/atollic/truestudio for stm32 9.3.0/armtools/bin/../lib/gcc/arm-atollic-eabi/6.3.1/../../../../arm-atollic-eabi/lib/armv7-m\libc_nano.a(lib_a-nano-msizer.o)
                0x08007e6c                _malloc_usable_size_r
 *(.glue_7)
 .glue_7        0x08007e7e        0x0 linker stubs
 *(.glue_7t)
 .glue_7t       0x08007e7e        0x0 linker stubs
 *(.eh_frame)
 *fill*         0x08007e7e        0x2 
 .eh_frame      0x08007e80        0x0 c:/program files (x86)/atollic/truestudio for stm32 9.3.0/armtools/bin/../lib/gcc/arm-atollic-eabi/6.3.1/armv7-m/crtbegin.o
 *(.init)
 .init          0x08007e80        0x4 c:/program files (x86)/atollic/truestudio for stm32 9.3.0/armtools/bin/../lib/gcc/arm-atollic-eabi/6.3.1/armv7-m/crti.o
                0x08007e80                _init
 .init          0x08007e84        0x8 c:/program files (x86)/atollic/truestudio for stm32 9.3.0/armtools/bin/../lib/gcc/arm-atollic-eabi/6.3.1/armv7-m/crtn.o
 *(.fini)
 .fini          0x08007e8c        0x4 c:/program files (x86)/atollic/truestudio for stm32 9.3.0/armtools/bin/../lib/gcc/arm-atollic-eabi/6.3.1/armv7-m/crti.o
                0x08007e8c                _fini
 .fini          0x08007e90        0x8 c:/program files (x86)/atollic/truestudio for stm32 9.3.0/armtools/bin/../lib/gcc/arm-atollic-eabi/6.3.1/armv7-m/crtn.o
                0x08007e98                . = ALIGN (0x4)
                0x08007e98                _etext = .

.vfp11_veneer   0x08007e98        0x0
 .vfp11_veneer  0x08007e98        0x0 linker stubs

.v4_bx          0x08007e98        0x0
 .v4_bx         0x08007e98        0x0 linker stubs

.iplt           0x08007e98        0x0
 .iplt          0x08007e98        0x0 c:/program files (x86)/atollic/truestudio for stm32 9.3.0/armtools/bin/../lib/gcc/arm-atollic-eabi/6.3.1/armv7-m/crtbegin.o

.rodata         0x08007e98      0x87c
                0x08007e98                . = ALIGN (0x4)
 *(.rodata)
 .rodata        0x08007e98      0x110 Aplication\ESP8266\ESP8266.o
 .rodata        0x08007fa8       0x81 Aplication\request\request.o
 *fill*         0x08008029        0x3 
 .rodata        0x0800802c        0x5 Middlewares\Third_Party\FreeRTOS\Source\tasks.o
 *fill*         0x08008031        0x3 
 .rodata        0x08008034        0x8 Platform\encoder_task\encoder_task.o
 .rodata        0x0800803c       0x10 Platform\esp_task\esp_task.o
 .rodata        0x0800804c        0x4 Platform\ldr_task\ldr_task.o
 .rodata        0x08008050        0x4 Platform\led_task\led_task.o
 .rodata        0x08008054       0x20 Src\freertos.o
 *(.rodata*)
 .rodata.FUNCTIONS
                0x08008074       0x10 Aplication\request\request.o
                0x08008074                FUNCTIONS
 .rodata.htmlpicker1
                0x08008084      0x12f Aplication\request\request.o
                0x08008084                htmlpicker1
 *fill*         0x080081b3        0x1 
 .rodata.htmlpicker2
                0x080081b4       0x68 Aplication\request\request.o
                0x080081b4                htmlpicker2
 .rodata.htmlconfig
                0x0800821c      0x2df Aplication\request\request.o
                0x0800821c                htmlconfig
 *fill*         0x080084fb        0x1 
 .rodata.statusOK
                0x080084fc       0x41 Aplication\request\request.o
                0x080084fc                statusOK
 *fill*         0x0800853d        0x3 
 .rodata.statusOK_CL0
                0x08008540       0x54 Aplication\request\request.o
                0x08008540                statusOK_CL0
 .rodata.statusNOTFOUND
                0x08008594       0x17 Aplication\request\request.o
                0x08008594                statusNOTFOUND
 *fill*         0x080085ab        0x1 
 .rodata.OFFSET_TAB_CCMRx
                0x080085ac        0x7 Platform\led_driver\led_driver.o
 *fill*         0x080085b3        0x1 
 .rodata.SHIFT_TAB_OCxx
                0x080085b4        0x7 Platform\led_driver\led_driver.o
 *fill*         0x080085bb        0x1 
 .rodata.AHBPrescTable
                0x080085bc       0x10 Src\system_stm32f1xx.o
                0x080085bc                AHBPrescTable
 .rodata.APBPrescTable
                0x080085cc        0x8 Src\system_stm32f1xx.o
                0x080085cc                APBPrescTable
 .rodata._setlocale_r.str1.1
                0x080085d4        0x8 c:/program files (x86)/atollic/truestudio for stm32 9.3.0/armtools/bin/../lib/gcc/arm-atollic-eabi/6.3.1/../../../../arm-atollic-eabi/lib/armv7-m\libc_nano.a(lib_a-locale.o)
                                  0x9 (size before relaxing)
 .rodata.str1.1
                0x080085dc        0x2 c:/program files (x86)/atollic/truestudio for stm32 9.3.0/armtools/bin/../lib/gcc/arm-atollic-eabi/6.3.1/../../../../arm-atollic-eabi/lib/armv7-m\libc_nano.a(lib_a-locale.o)
 .rodata._svfprintf_r.str1.1
                0x080085de       0x11 c:/program files (x86)/atollic/truestudio for stm32 9.3.0/armtools/bin/../lib/gcc/arm-atollic-eabi/6.3.1/../../../../arm-atollic-eabi/lib/armv7-m\libc_nano.a(lib_a-nano-svfprintf.o)
 .rodata._printf_i.str1.1
                0x080085ef       0x22 c:/program files (x86)/atollic/truestudio for stm32 9.3.0/armtools/bin/../lib/gcc/arm-atollic-eabi/6.3.1/../../../../arm-atollic-eabi/lib/armv7-m\libc_nano.a(lib_a-nano-vfprintf_i.o)
 .rodata._ctype_
                0x08008611      0x101 c:/program files (x86)/atollic/truestudio for stm32 9.3.0/armtools/bin/../lib/gcc/arm-atollic-eabi/6.3.1/../../../../arm-atollic-eabi/lib/armv7-m\libc_nano.a(lib_a-ctype_.o)
                0x08008611                _ctype_
                0x08008714                . = ALIGN (0x4)
 *fill*         0x08008712        0x2 

.rel.dyn        0x08008714        0x0
 .rel.iplt      0x08008714        0x0 c:/program files (x86)/atollic/truestudio for stm32 9.3.0/armtools/bin/../lib/gcc/arm-atollic-eabi/6.3.1/armv7-m/crtbegin.o

.ARM.extab
 *(.ARM.extab* .gnu.linkonce.armextab.*)

.ARM            0x08008714        0x0
                0x08008714                __exidx_start = .
 *(.ARM.exidx*)
                0x08008714                __exidx_end = .

.preinit_array  0x08008714        0x0
                0x08008714                PROVIDE (__preinit_array_start, .)
 *(.preinit_array*)
                0x08008714                PROVIDE (__preinit_array_end, .)

.init_array     0x08008714        0x4
                0x08008714                PROVIDE (__init_array_start, .)
 *(SORT(.init_array.*))
 *(.init_array*)
 .init_array    0x08008714        0x4 c:/program files (x86)/atollic/truestudio for stm32 9.3.0/armtools/bin/../lib/gcc/arm-atollic-eabi/6.3.1/armv7-m/crtbegin.o
                0x08008718                PROVIDE (__init_array_end, .)

.fini_array     0x08008718        0x4
                [!provide]                PROVIDE (__fini_array_start, .)
 *(SORT(.fini_array.*))
 *(.fini_array*)
 .fini_array    0x08008718        0x4 c:/program files (x86)/atollic/truestudio for stm32 9.3.0/armtools/bin/../lib/gcc/arm-atollic-eabi/6.3.1/armv7-m/crtbegin.o
                [!provide]                PROVIDE (__fini_array_end, .)
                0x0800871c                _sidata = LOADADDR (.data)

.data           0x20000000      0x268 load address 0x0800871c
                0x20000000                . = ALIGN (0x4)
                0x20000000                _sdata = .
 *(.data)
 *(.data*)
 .data.table    0x20000000       0x77 Aplication\display\display.o
                0x20000000                table
 *fill*         0x20000077        0x1 
 .data.PAGES    0x20000078       0x10 Aplication\request\request.o
                0x20000078                PAGES
 .data.uwTickFreq
                0x20000088        0x1 Drivers\STM32F1xx_HAL_Driver\Src\stm32f1xx_hal.o
                0x20000088                uwTickFreq
 *fill*         0x20000089        0x3 
 .data.uxCriticalNesting
                0x2000008c        0x4 Middlewares\Third_Party\FreeRTOS\Source\portable\GCC\ARM_CM3\port.o
 .data.update_display.11223
                0x20000090        0x2 Platform\led_task\led_task.o
 *fill*         0x20000092        0x2 
 .data.SystemCoreClock
                0x20000094        0x4 Src\system_stm32f1xx.o
                0x20000094                SystemCoreClock
 .data._impure_ptr
                0x20000098        0x4 c:/program files (x86)/atollic/truestudio for stm32 9.3.0/armtools/bin/../lib/gcc/arm-atollic-eabi/6.3.1/../../../../arm-atollic-eabi/lib/armv7-m\libc_nano.a(lib_a-impure.o)
                0x20000098                _impure_ptr
 .data.impure_data
                0x2000009c       0x60 c:/program files (x86)/atollic/truestudio for stm32 9.3.0/armtools/bin/../lib/gcc/arm-atollic-eabi/6.3.1/../../../../arm-atollic-eabi/lib/armv7-m\libc_nano.a(lib_a-impure.o)
 .data.__global_locale
                0x200000fc      0x16c c:/program files (x86)/atollic/truestudio for stm32 9.3.0/armtools/bin/../lib/gcc/arm-atollic-eabi/6.3.1/../../../../arm-atollic-eabi/lib/armv7-m\libc_nano.a(lib_a-locale.o)
                0x200000fc                __global_locale
                0x20000268                . = ALIGN (0x4)
                0x20000268                _edata = .

.igot.plt       0x20000268        0x0 load address 0x08008984
 .igot.plt      0x20000268        0x0 c:/program files (x86)/atollic/truestudio for stm32 9.3.0/armtools/bin/../lib/gcc/arm-atollic-eabi/6.3.1/armv7-m/crtbegin.o
                0x20000268                . = ALIGN (0x4)

.bss            0x20000268     0x2e3c load address 0x08008984
                0x20000268                _sbss = .
                0x20000268                __bss_start__ = _sbss
 *(.bss)
 .bss           0x20000268       0x1c c:/program files (x86)/atollic/truestudio for stm32 9.3.0/armtools/bin/../lib/gcc/arm-atollic-eabi/6.3.1/armv7-m/crtbegin.o
 *(.bss*)
 .bss.TCPServerFlag
                0x20000284        0x1 Aplication\ESP8266\ESP8266.o
                0x20000284                TCPServerFlag
 *fill*         0x20000285        0x3 
 .bss.led       0x20000288        0x6 Aplication\led\led.o
                0x20000288                led
 .bss.ucMaxSysCallPriority
                0x2000028e        0x1 Middlewares\Third_Party\FreeRTOS\Source\portable\GCC\ARM_CM3\port.o
 *fill*         0x2000028f        0x1 
 .bss.ulMaxPRIGROUPValue
                0x20000290        0x4 Middlewares\Third_Party\FreeRTOS\Source\portable\GCC\ARM_CM3\port.o
 .bss.ucHeap    0x20000294     0x2000 Middlewares\Third_Party\FreeRTOS\Source\portable\MemMang\heap_4.o
 .bss.xStart    0x20002294        0x8 Middlewares\Third_Party\FreeRTOS\Source\portable\MemMang\heap_4.o
 .bss.pxEnd     0x2000229c        0x4 Middlewares\Third_Party\FreeRTOS\Source\portable\MemMang\heap_4.o
 .bss.xFreeBytesRemaining
                0x200022a0        0x4 Middlewares\Third_Party\FreeRTOS\Source\portable\MemMang\heap_4.o
 .bss.xMinimumEverFreeBytesRemaining
                0x200022a4        0x4 Middlewares\Third_Party\FreeRTOS\Source\portable\MemMang\heap_4.o
 .bss.xBlockAllocatedBit
                0x200022a8        0x4 Middlewares\Third_Party\FreeRTOS\Source\portable\MemMang\heap_4.o
 .bss.pxCurrentTCB
                0x200022ac        0x4 Middlewares\Third_Party\FreeRTOS\Source\tasks.o
                0x200022ac                pxCurrentTCB
 .bss.pxReadyTasksLists
                0x200022b0       0x8c Middlewares\Third_Party\FreeRTOS\Source\tasks.o
 .bss.xDelayedTaskList1
                0x2000233c       0x14 Middlewares\Third_Party\FreeRTOS\Source\tasks.o
 .bss.xDelayedTaskList2
                0x20002350       0x14 Middlewares\Third_Party\FreeRTOS\Source\tasks.o
 .bss.pxDelayedTaskList
                0x20002364        0x4 Middlewares\Third_Party\FreeRTOS\Source\tasks.o
 .bss.pxOverflowDelayedTaskList
                0x20002368        0x4 Middlewares\Third_Party\FreeRTOS\Source\tasks.o
 .bss.xPendingReadyList
                0x2000236c       0x14 Middlewares\Third_Party\FreeRTOS\Source\tasks.o
 .bss.xTasksWaitingTermination
                0x20002380       0x14 Middlewares\Third_Party\FreeRTOS\Source\tasks.o
 .bss.uxDeletedTasksWaitingCleanUp
                0x20002394        0x4 Middlewares\Third_Party\FreeRTOS\Source\tasks.o
 .bss.xSuspendedTaskList
                0x20002398       0x14 Middlewares\Third_Party\FreeRTOS\Source\tasks.o
 .bss.uxCurrentNumberOfTasks
                0x200023ac        0x4 Middlewares\Third_Party\FreeRTOS\Source\tasks.o
 .bss.xTickCount
                0x200023b0        0x4 Middlewares\Third_Party\FreeRTOS\Source\tasks.o
 .bss.uxTopReadyPriority
                0x200023b4        0x4 Middlewares\Third_Party\FreeRTOS\Source\tasks.o
 .bss.xSchedulerRunning
                0x200023b8        0x4 Middlewares\Third_Party\FreeRTOS\Source\tasks.o
 .bss.uxPendedTicks
                0x200023bc        0x4 Middlewares\Third_Party\FreeRTOS\Source\tasks.o
 .bss.xYieldPending
                0x200023c0        0x4 Middlewares\Third_Party\FreeRTOS\Source\tasks.o
 .bss.xNumOfOverflows
                0x200023c4        0x4 Middlewares\Third_Party\FreeRTOS\Source\tasks.o
 .bss.uxTaskNumber
                0x200023c8        0x4 Middlewares\Third_Party\FreeRTOS\Source\tasks.o
 .bss.xNextTaskUnblockTime
                0x200023cc        0x4 Middlewares\Third_Party\FreeRTOS\Source\tasks.o
 .bss.xIdleTaskHandle
                0x200023d0        0x4 Middlewares\Third_Party\FreeRTOS\Source\tasks.o
 .bss.uxSchedulerSuspended
                0x200023d4        0x4 Middlewares\Third_Party\FreeRTOS\Source\tasks.o
 .bss.button_status
                0x200023d8        0x1 Platform\encoder_driver\encoder_driver.o
 .bss.rotate_status
                0x200023d9        0x1 Platform\encoder_driver\encoder_driver.o
 .bss.rotate_pin_A
                0x200023da        0x1 Platform\encoder_driver\encoder_driver.o
 .bss.rotate_pin_B
                0x200023db        0x1 Platform\encoder_driver\encoder_driver.o
 .bss.encoder_button_step.4934
                0x200023dc        0x1 Platform\encoder_task\encoder_task.o
 .bss.gMissConnection
                0x200023dd        0x1 Platform\esp_task\esp_task.o
 .bss.ADC1_value
                0x200023de        0x2 Platform\ldr_driver\ldr_driver.o
                0x200023de                ADC1_value
 .bss.heap_end.5887
                0x200023e0        0x4 Src\syscalls.o
 .bss.__malloc_free_list
                0x200023e4        0x4 c:/program files (x86)/atollic/truestudio for stm32 9.3.0/armtools/bin/../lib/gcc/arm-atollic-eabi/6.3.1/../../../../arm-atollic-eabi/lib/armv7-m\libc_nano.a(lib_a-nano-mallocr.o)
                0x200023e4                __malloc_free_list
 .bss.__malloc_sbrk_start
                0x200023e8        0x4 c:/program files (x86)/atollic/truestudio for stm32 9.3.0/armtools/bin/../lib/gcc/arm-atollic-eabi/6.3.1/../../../../arm-atollic-eabi/lib/armv7-m\libc_nano.a(lib_a-nano-mallocr.o)
                0x200023e8                __malloc_sbrk_start
 *(COMMON)
 COMMON         0x200023ec      0x856 Aplication\ESP8266\ESP8266.o
                0x200023ec                ssid
                0x2000240c                ip
                0x2000241c                paswd
                0x2000243c                request
                0x20002840                answer
                0x20002c41                linkID
 *fill*         0x20002c42        0x2 
 COMMON         0x20002c44      0x406 Aplication\ring_buffer\ring_buffer.o
                0x20002c44                index_out
                0x20002c48                buffer
                0x20003048                index_in
 *fill*         0x2000304a        0x2 
 COMMON         0x2000304c        0x4 Drivers\STM32F1xx_HAL_Driver\Src\stm32f1xx_hal.o
                0x2000304c                uwTick
 COMMON         0x20003050        0x8 Platform\encoder_queue\encoder_queue.o
                0x20003050                encoder_queue
                0x20003054                xEncoder_info
 COMMON         0x20003058        0x4 Platform\ldr_queue\ldr_queue.o
                0x20003058                ldr_queue
 COMMON         0x2000305c        0x4 Src\freertos.o
                0x2000305c                defaultTaskHandle
 COMMON         0x20003060       0x40 Src\stm32f1xx_hal_timebase_tim.o
                0x20003060                htim1
 COMMON         0x200030a0        0x4 c:/program files (x86)/atollic/truestudio for stm32 9.3.0/armtools/bin/../lib/gcc/arm-atollic-eabi/6.3.1/../../../../arm-atollic-eabi/lib/armv7-m\libc_nano.a(lib_a-reent.o)
                0x200030a0                errno
                0x200030a4                . = ALIGN (0x4)
                0x200030a4                _ebss = .
                0x200030a4                __bss_end__ = _ebss

._user_heap_stack
                0x200030a4      0x600 load address 0x08008984
                0x200030a4                . = ALIGN (0x4)
                0x200030a4                PROVIDE (end, .)
                [!provide]                PROVIDE (_end, .)
                0x200032a4                . = (. + _Min_Heap_Size)
 *fill*         0x200030a4      0x200 
                0x200036a4                . = (. + _Min_Stack_Size)
 *fill*         0x200032a4      0x400 
                0x200036a4                . = ALIGN (0x4)

/DISCARD/
 libc.a(*)
 libm.a(*)
 libgcc.a(*)

.ARM.attributes
                0x00000000       0x29
 *(.ARM.attributes)
 .ARM.attributes
                0x00000000       0x1d c:/program files (x86)/atollic/truestudio for stm32 9.3.0/armtools/bin/../lib/gcc/arm-atollic-eabi/6.3.1/armv7-m/crti.o
 .ARM.attributes
                0x0000001d       0x2d c:/program files (x86)/atollic/truestudio for stm32 9.3.0/armtools/bin/../lib/gcc/arm-atollic-eabi/6.3.1/armv7-m/crtbegin.o
 .ARM.attributes
                0x0000004a       0x33 Aplication\ESP8266\ESP8266.o
 .ARM.attributes
                0x0000007d       0x33 Aplication\display\display.o
 .ARM.attributes
                0x000000b0       0x33 Aplication\encoder\encoder.o
 .ARM.attributes
                0x000000e3       0x33 Aplication\i2c_data\i2c_data.o
 .ARM.attributes
                0x00000116       0x33 Aplication\ldr\ldr.o
 .ARM.attributes
                0x00000149       0x33 Aplication\led\led.o
 .ARM.attributes
                0x0000017c       0x33 Aplication\request\request.o
 .ARM.attributes
                0x000001af       0x33 Aplication\ring_buffer\ring_buffer.o
 .ARM.attributes
                0x000001e2       0x33 Drivers\STM32F1xx_HAL_Driver\Src\stm32f1xx_hal.o
 .ARM.attributes
                0x00000215       0x33 Drivers\STM32F1xx_HAL_Driver\Src\stm32f1xx_hal_cortex.o
 .ARM.attributes
                0x00000248       0x33 Drivers\STM32F1xx_HAL_Driver\Src\stm32f1xx_hal_rcc.o
 .ARM.attributes
                0x0000027b       0x33 Drivers\STM32F1xx_HAL_Driver\Src\stm32f1xx_hal_tim.o
 .ARM.attributes
                0x000002ae       0x33 Drivers\STM32F1xx_HAL_Driver\Src\stm32f1xx_hal_tim_ex.o
 .ARM.attributes
                0x000002e1       0x33 Drivers\STM32F1xx_HAL_Driver\Src\stm32f1xx_ll_adc.o
 .ARM.attributes
                0x00000314       0x33 Drivers\STM32F1xx_HAL_Driver\Src\stm32f1xx_ll_exti.o
 .ARM.attributes
                0x00000347       0x33 Drivers\STM32F1xx_HAL_Driver\Src\stm32f1xx_ll_gpio.o
 .ARM.attributes
                0x0000037a       0x33 Drivers\STM32F1xx_HAL_Driver\Src\stm32f1xx_ll_i2c.o
 .ARM.attributes
                0x000003ad       0x33 Drivers\STM32F1xx_HAL_Driver\Src\stm32f1xx_ll_rcc.o
 .ARM.attributes
                0x000003e0       0x33 Drivers\STM32F1xx_HAL_Driver\Src\stm32f1xx_ll_spi.o
 .ARM.attributes
                0x00000413       0x33 Drivers\STM32F1xx_HAL_Driver\Src\stm32f1xx_ll_tim.o
 .ARM.attributes
                0x00000446       0x33 Drivers\STM32F1xx_HAL_Driver\Src\stm32f1xx_ll_usart.o
 .ARM.attributes
                0x00000479       0x33 Drivers\STM32F1xx_HAL_Driver\Src\stm32f1xx_ll_utils.o
 .ARM.attributes
                0x000004ac       0x33 Middlewares\Third_Party\FreeRTOS\Source\CMSIS_RTOS\cmsis_os.o
 .ARM.attributes
                0x000004df       0x33 Middlewares\Third_Party\FreeRTOS\Source\list.o
 .ARM.attributes
                0x00000512       0x33 Middlewares\Third_Party\FreeRTOS\Source\portable\GCC\ARM_CM3\port.o
 .ARM.attributes
                0x00000545       0x33 Middlewares\Third_Party\FreeRTOS\Source\portable\MemMang\heap_4.o
 .ARM.attributes
                0x00000578       0x33 Middlewares\Third_Party\FreeRTOS\Source\queue.o
 .ARM.attributes
                0x000005ab       0x33 Middlewares\Third_Party\FreeRTOS\Source\tasks.o
 .ARM.attributes
                0x000005de       0x33 Platform\crc\crc.o
 .ARM.attributes
                0x00000611       0x33 Platform\delay\delay.o
 .ARM.attributes
                0x00000644       0x33 Platform\encoder_driver\encoder_driver.o
 .ARM.attributes
                0x00000677       0x33 Platform\encoder_queue\encoder_queue.o
 .ARM.attributes
                0x000006aa       0x33 Platform\encoder_task\encoder_task.o
 .ARM.attributes
                0x000006dd       0x33 Platform\esp_task\esp_task.o
 .ARM.attributes
                0x00000710       0x33 Platform\i2c\i2c.o
 .ARM.attributes
                0x00000743       0x33 Platform\ldr_driver\ldr_driver.o
 .ARM.attributes
                0x00000776       0x33 Platform\ldr_queue\ldr_queue.o
 .ARM.attributes
                0x000007a9       0x33 Platform\ldr_task\ldr_task.o
 .ARM.attributes
                0x000007dc       0x33 Platform\led_driver\led_driver.o
 .ARM.attributes
                0x0000080f       0x33 Platform\led_task\led_task.o
 .ARM.attributes
                0x00000842       0x33 Platform\power_status\power_status.o
 .ARM.attributes
                0x00000875       0x33 Platform\spi\spi.o
 .ARM.attributes
                0x000008a8       0x33 Platform\status_led\status_led.o
 .ARM.attributes
                0x000008db       0x33 Platform\usart\uart.o
 .ARM.attributes
                0x0000090e       0x33 Src\freertos.o
 .ARM.attributes
                0x00000941       0x33 Src\main.o
 .ARM.attributes
                0x00000974       0x33 Src\stm32f1xx_hal_msp.o
 .ARM.attributes
                0x000009a7       0x33 Src\stm32f1xx_hal_timebase_tim.o
 .ARM.attributes
                0x000009da       0x33 Src\stm32f1xx_it.o
 .ARM.attributes
                0x00000a0d       0x33 Src\syscalls.o
 .ARM.attributes
                0x00000a40       0x33 Src\system_stm32f1xx.o
 .ARM.attributes
                0x00000a73       0x21 startup\startup_stm32f103xb.o
 .ARM.attributes
                0x00000a94       0x2d c:/program files (x86)/atollic/truestudio for stm32 9.3.0/armtools/bin/../lib/gcc/arm-atollic-eabi/6.3.1/../../../../arm-atollic-eabi/lib/armv7-m\libc_nano.a(lib_a-errno.o)
 .ARM.attributes
                0x00000ac1       0x2d c:/program files (x86)/atollic/truestudio for stm32 9.3.0/armtools/bin/../lib/gcc/arm-atollic-eabi/6.3.1/../../../../arm-atollic-eabi/lib/armv7-m\libc_nano.a(lib_a-impure.o)
 .ARM.attributes
                0x00000aee       0x2d c:/program files (x86)/atollic/truestudio for stm32 9.3.0/armtools/bin/../lib/gcc/arm-atollic-eabi/6.3.1/../../../../arm-atollic-eabi/lib/armv7-m\libc_nano.a(lib_a-init.o)
 .ARM.attributes
                0x00000b1b       0x2d c:/program files (x86)/atollic/truestudio for stm32 9.3.0/armtools/bin/../lib/gcc/arm-atollic-eabi/6.3.1/../../../../arm-atollic-eabi/lib/armv7-m\libc_nano.a(lib_a-memcpy-stub.o)
 .ARM.attributes
                0x00000b48       0x2d c:/program files (x86)/atollic/truestudio for stm32 9.3.0/armtools/bin/../lib/gcc/arm-atollic-eabi/6.3.1/../../../../arm-atollic-eabi/lib/armv7-m\libc_nano.a(lib_a-memset.o)
 .ARM.attributes
                0x00000b75       0x2d c:/program files (x86)/atollic/truestudio for stm32 9.3.0/armtools/bin/../lib/gcc/arm-atollic-eabi/6.3.1/../../../../arm-atollic-eabi/lib/armv7-m\libc_nano.a(lib_a-sprintf.o)
 .ARM.attributes
                0x00000ba2       0x17 c:/program files (x86)/atollic/truestudio for stm32 9.3.0/armtools/bin/../lib/gcc/arm-atollic-eabi/6.3.1/../../../../arm-atollic-eabi/lib/armv7-m\libc_nano.a(lib_a-strlen.o)
 .ARM.attributes
                0x00000bb9       0x2d c:/program files (x86)/atollic/truestudio for stm32 9.3.0/armtools/bin/../lib/gcc/arm-atollic-eabi/6.3.1/../../../../arm-atollic-eabi/lib/armv7-m\libc_nano.a(lib_a-strstr.o)
 .ARM.attributes
                0x00000be6       0x2d c:/program files (x86)/atollic/truestudio for stm32 9.3.0/armtools/bin/../lib/gcc/arm-atollic-eabi/6.3.1/../../../../arm-atollic-eabi/lib/armv7-m\libc_nano.a(lib_a-strtol.o)
 .ARM.attributes
                0x00000c13       0x2d c:/program files (x86)/atollic/truestudio for stm32 9.3.0/armtools/bin/../lib/gcc/arm-atollic-eabi/6.3.1/../../../../arm-atollic-eabi/lib/armv7-m\libc_nano.a(lib_a-locale.o)
 .ARM.attributes
                0x00000c40       0x2d c:/program files (x86)/atollic/truestudio for stm32 9.3.0/armtools/bin/../lib/gcc/arm-atollic-eabi/6.3.1/../../../../arm-atollic-eabi/lib/armv7-m\libc_nano.a(lib_a-mbtowc_r.o)
 .ARM.attributes
                0x00000c6d       0x2d c:/program files (x86)/atollic/truestudio for stm32 9.3.0/armtools/bin/../lib/gcc/arm-atollic-eabi/6.3.1/../../../../arm-atollic-eabi/lib/armv7-m\libc_nano.a(lib_a-nano-svfprintf.o)
 .ARM.attributes
                0x00000c9a       0x2d c:/program files (x86)/atollic/truestudio for stm32 9.3.0/armtools/bin/../lib/gcc/arm-atollic-eabi/6.3.1/../../../../arm-atollic-eabi/lib/armv7-m\libc_nano.a(lib_a-nano-vfprintf_i.o)
 .ARM.attributes
                0x00000cc7       0x2d c:/program files (x86)/atollic/truestudio for stm32 9.3.0/armtools/bin/../lib/gcc/arm-atollic-eabi/6.3.1/../../../../arm-atollic-eabi/lib/armv7-m\libc_nano.a(lib_a-wctomb_r.o)
 .ARM.attributes
                0x00000cf4       0x2d c:/program files (x86)/atollic/truestudio for stm32 9.3.0/armtools/bin/../lib/gcc/arm-atollic-eabi/6.3.1/../../../../arm-atollic-eabi/lib/armv7-m\libc_nano.a(lib_a-ctype_.o)
 .ARM.attributes
                0x00000d21       0x2d c:/program files (x86)/atollic/truestudio for stm32 9.3.0/armtools/bin/../lib/gcc/arm-atollic-eabi/6.3.1/../../../../arm-atollic-eabi/lib/armv7-m\libc_nano.a(lib_a-memchr-stub.o)
 .ARM.attributes
                0x00000d4e       0x2d c:/program files (x86)/atollic/truestudio for stm32 9.3.0/armtools/bin/../lib/gcc/arm-atollic-eabi/6.3.1/../../../../arm-atollic-eabi/lib/armv7-m\libc_nano.a(lib_a-memmove.o)
 .ARM.attributes
                0x00000d7b       0x2d c:/program files (x86)/atollic/truestudio for stm32 9.3.0/armtools/bin/../lib/gcc/arm-atollic-eabi/6.3.1/../../../../arm-atollic-eabi/lib/armv7-m\libc_nano.a(lib_a-nano-freer.o)
 .ARM.attributes
                0x00000da8       0x2d c:/program files (x86)/atollic/truestudio for stm32 9.3.0/armtools/bin/../lib/gcc/arm-atollic-eabi/6.3.1/../../../../arm-atollic-eabi/lib/armv7-m\libc_nano.a(lib_a-nano-mallocr.o)
 .ARM.attributes
                0x00000dd5       0x2d c:/program files (x86)/atollic/truestudio for stm32 9.3.0/armtools/bin/../lib/gcc/arm-atollic-eabi/6.3.1/../../../../arm-atollic-eabi/lib/armv7-m\libc_nano.a(lib_a-nano-reallocr.o)
 .ARM.attributes
                0x00000e02       0x2d c:/program files (x86)/atollic/truestudio for stm32 9.3.0/armtools/bin/../lib/gcc/arm-atollic-eabi/6.3.1/../../../../arm-atollic-eabi/lib/armv7-m\libc_nano.a(lib_a-sbrkr.o)
 .ARM.attributes
                0x00000e2f       0x2d c:/program files (x86)/atollic/truestudio for stm32 9.3.0/armtools/bin/../lib/gcc/arm-atollic-eabi/6.3.1/../../../../arm-atollic-eabi/lib/armv7-m\libc_nano.a(lib_a-mlock.o)
 .ARM.attributes
                0x00000e5c       0x2d c:/program files (x86)/atollic/truestudio for stm32 9.3.0/armtools/bin/../lib/gcc/arm-atollic-eabi/6.3.1/../../../../arm-atollic-eabi/lib/armv7-m\libc_nano.a(lib_a-nano-msizer.o)
 .ARM.attributes