Archive member included to satisfy reference by file (symbol)

c:/program files (x86)/atollic/truestudio for stm32 9.3.0/armtools/bin/../lib/gcc/arm-atollic-eabi/6.3.1/../../../../arm-atollic-eabi/lib/armv7-m\libc_nano.a(lib_a-errno.o)
                              Src\syscalls.o (__errno)
c:/program files (x86)/atollic/truestudio for stm32 9.3.0/armtools/bin/../lib/gcc/arm-atollic-eabi/6.3.1/../../../../arm-atollic-eabi/lib/armv7-m\libc_nano.a(lib_a-impure.o)
                              c:/program files (x86)/atollic/truestudio for stm32 9.3.0/armtools/bin/../lib/gcc/arm-atollic-eabi/6.3.1/../../../../arm-atollic-eabi/lib/armv7-m\libc_nano.a(lib_a-errno.o) (_impure_ptr)
c:/program files (x86)/atollic/truestudio for stm32 9.3.0/armtools/bin/../lib/gcc/arm-atollic-eabi/6.3.1/../../../../arm-atollic-eabi/lib/armv7-m\libc_nano.a(lib_a-init.o)
                              startup\startup_stm32f103xb.o (__libc_init_array)
c:/program files (x86)/atollic/truestudio for stm32 9.3.0/armtools/bin/../lib/gcc/arm-atollic-eabi/6.3.1/../../../../arm-atollic-eabi/lib/armv7-m\libc_nano.a(lib_a-memcpy-stub.o)
                              Middlewares\Third_Party\FreeRTOS\Source\queue.o (memcpy)
c:/program files (x86)/atollic/truestudio for stm32 9.3.0/armtools/bin/../lib/gcc/arm-atollic-eabi/6.3.1/../../../../arm-atollic-eabi/lib/armv7-m\libc_nano.a(lib_a-memset.o)
                              Aplication\ESP8266\ESP8266.o (memset)
c:/program files (x86)/atollic/truestudio for stm32 9.3.0/armtools/bin/../lib/gcc/arm-atollic-eabi/6.3.1/../../../../arm-atollic-eabi/lib/armv7-m\libc_nano.a(lib_a-sprintf.o)
                              Aplication\ESP8266\ESP8266.o (sprintf)
c:/program files (x86)/atollic/truestudio for stm32 9.3.0/armtools/bin/../lib/gcc/arm-atollic-eabi/6.3.1/../../../../arm-atollic-eabi/lib/armv7-m\libc_nano.a(lib_a-strlen.o)
                              Aplication\ESP8266\ESP8266.o (strlen)
c:/program files (x86)/atollic/truestudio for stm32 9.3.0/armtools/bin/../lib/gcc/arm-atollic-eabi/6.3.1/../../../../arm-atollic-eabi/lib/armv7-m\libc_nano.a(lib_a-strstr.o)
                              Aplication\ESP8266\ESP8266.o (strstr)
c:/program files (x86)/atollic/truestudio for stm32 9.3.0/armtools/bin/../lib/gcc/arm-atollic-eabi/6.3.1/../../../../arm-atollic-eabi/lib/armv7-m\libc_nano.a(lib_a-strtol.o)
                              Aplication\ESP8266\ESP8266.o (strtol)
c:/program files (x86)/atollic/truestudio for stm32 9.3.0/armtools/bin/../lib/gcc/arm-atollic-eabi/6.3.1/../../../../arm-atollic-eabi/lib/armv7-m\libc_nano.a(lib_a-locale.o)
                              c:/program files (x86)/atollic/truestudio for stm32 9.3.0/armtools/bin/../lib/gcc/arm-atollic-eabi/6.3.1/../../../../arm-atollic-eabi/lib/armv7-m\libc_nano.a(lib_a-strtol.o) (__locale_ctype_ptr_l)
c:/program files (x86)/atollic/truestudio for stm32 9.3.0/armtools/bin/../lib/gcc/arm-atollic-eabi/6.3.1/../../../../arm-atollic-eabi/lib/armv7-m\libc_nano.a(lib_a-mbtowc_r.o)
                              c:/program files (x86)/atollic/truestudio for stm32 9.3.0/armtools/bin/../lib/gcc/arm-atollic-eabi/6.3.1/../../../../arm-atollic-eabi/lib/armv7-m\libc_nano.a(lib_a-locale.o) (__ascii_mbtowc)
c:/program files (x86)/atollic/truestudio for stm32 9.3.0/armtools/bin/../lib/gcc/arm-atollic-eabi/6.3.1/../../../../arm-atollic-eabi/lib/armv7-m\libc_nano.a(lib_a-nano-svfprintf.o)
                              c:/program files (x86)/atollic/truestudio for stm32 9.3.0/armtools/bin/../lib/gcc/arm-atollic-eabi/6.3.1/../../../../arm-atollic-eabi/lib/armv7-m\libc_nano.a(lib_a-sprintf.o) (_svfprintf_r)
c:/program files (x86)/atollic/truestudio for stm32 9.3.0/armtools/bin/../lib/gcc/arm-atollic-eabi/6.3.1/../../../../arm-atollic-eabi/lib/armv7-m\libc_nano.a(lib_a-nano-vfprintf_i.o)
                              c:/program files (x86)/atollic/truestudio for stm32 9.3.0/armtools/bin/../lib/gcc/arm-atollic-eabi/6.3.1/../../../../arm-atollic-eabi/lib/armv7-m\libc_nano.a(lib_a-nano-svfprintf.o) (_printf_i)
c:/program files (x86)/atollic/truestudio for stm32 9.3.0/armtools/bin/../lib/gcc/arm-atollic-eabi/6.3.1/../../../../arm-atollic-eabi/lib/armv7-m\libc_nano.a(lib_a-strcmp.o)
                              c:/program files (x86)/atollic/truestudio for stm32 9.3.0/armtools/bin/../lib/gcc/arm-atollic-eabi/6.3.1/../../../../arm-atollic-eabi/lib/armv7-m\libc_nano.a(lib_a-locale.o) (strcmp)
c:/program files (x86)/atollic/truestudio for stm32 9.3.0/armtools/bin/../lib/gcc/arm-atollic-eabi/6.3.1/../../../../arm-atollic-eabi/lib/armv7-m\libc_nano.a(lib_a-wctomb_r.o)
                              c:/program files (x86)/atollic/truestudio for stm32 9.3.0/armtools/bin/../lib/gcc/arm-atollic-eabi/6.3.1/../../../../arm-atollic-eabi/lib/armv7-m\libc_nano.a(lib_a-locale.o) (__ascii_wctomb)
c:/program files (x86)/atollic/truestudio for stm32 9.3.0/armtools/bin/../lib/gcc/arm-atollic-eabi/6.3.1/../../../../arm-atollic-eabi/lib/armv7-m\libc_nano.a(lib_a-ctype_.o)
[...]
Memory Configuration

Name             Origin             Length             Attributes
RAM              0x20000000         0x00005000         xrw
FLASH            0x08000000         0x00010000         xr
*default*        0x00000000         0xffffffff

Linker script and memory map

LOAD c:/program files (x86)/atollic/truestudio for stm32 9.3.0/armtools/bin/../lib/gcc/arm-atollic-eabi/6.3.1/armv7-m/crti.o
LOAD c:/program files (x86)/atollic/truestudio for stm32 9.3.0/armtools/bin/../lib/gcc/arm-atollic-eabi/6.3.1/armv7-m/crtbegin.o
LOAD Aplication\ESP8266\ESP8266.o
LOAD Aplication\encoder\encoder.o
LOAD Aplication\ldr\ldr.o
LOAD Aplication\led\led.o
LOAD Aplication\request\request.o
LOAD Aplication\ring_buffer\ring_buffer.o
LOAD Drivers\STM32F1xx_HAL_Driver\Src\stm32f1xx_hal.o
LOAD Drivers\STM32F1xx_HAL_Driver\Src\stm32f1xx_hal_cortex.o
LOAD Drivers\STM32F1xx_HAL_Driver\Src\stm32f1xx_hal_dma.o
LOAD Drivers\STM32F1xx_HAL_Driver\Src\stm32f1xx_hal_flash.o
LOAD Drivers\STM32F1xx_HAL_Driver\Src\stm32f1xx_hal_flash_ex.o
LOAD Drivers\STM32F1xx_HAL_Driver\Src\stm32f1xx_hal_gpio.o
LOAD Drivers\STM32F1xx_HAL_Driver\Src\stm32f1xx_hal_gpio_ex.o
LOAD Drivers\STM32F1xx_HAL_Driver\Src\stm32f1xx_hal_pwr.o
LOAD Drivers\STM32F1xx_HAL_Driver\Src\stm32f1xx_hal_rcc.o
LOAD Drivers\STM32F1xx_HAL_Driver\Src\stm32f1xx_hal_rcc_ex.o
LOAD Drivers\STM32F1xx_HAL_Driver\Src\stm32f1xx_hal_tim.o
LOAD Drivers\STM32F1xx_HAL_Driver\Src\stm32f1xx_hal_tim_ex.o
LOAD Drivers\STM32F1xx_HAL_Driver\Src\stm32f1xx_ll_adc.o
LOAD Drivers\STM32F1xx_HAL_Driver\Src\stm32f1xx_ll_dma.o
LOAD Drivers\STM32F1xx_HAL_Driver\Src\stm32f1xx_ll_exti.o
LOAD Drivers\STM32F1xx_HAL_Driver\Src\stm32f1xx_ll_gpio.o
LOAD Drivers\STM32F1xx_HAL_Driver\Src\stm32f1xx_ll_pwr.o
LOAD Drivers\STM32F1xx_HAL_Driver\Src\stm32f1xx_ll_rcc.o
LOAD Drivers\STM32F1xx_HAL_Driver\Src\stm32f1xx_ll_tim.o
LOAD Drivers\STM32F1xx_HAL_Driver\Src\stm32f1xx_ll_usart.o
LOAD Drivers\STM32F1xx_HAL_Driver\Src\stm32f1xx_ll_utils.o
LOAD Middlewares\Third_Party\FreeRTOS\Source\CMSIS_RTOS\cmsis_os.o
LOAD Middlewares\Third_Party\FreeRTOS\Source\croutine.o
LOAD Middlewares\Third_Party\FreeRTOS\Source\event_groups.o
LOAD Middlewares\Third_Party\FreeRTOS\Source\list.o
LOAD Middlewares\Third_Party\FreeRTOS\Source\portable\GCC\ARM_CM3\port.o
LOAD Middlewares\Third_Party\FreeRTOS\Source\portable\MemMang\heap_4.o
LOAD Middlewares\Third_Party\FreeRTOS\Source\queue.o
LOAD Middlewares\Third_Party\FreeRTOS\Source\tasks.o
LOAD Middlewares\Third_Party\FreeRTOS\Source\timers.o
LOAD Platform\delay\delay.o
LOAD Platform\encoder_driver\encoder_driver.o
LOAD Platform\encoder_queue\encoder_queue.o
LOAD Platform\encoder_task\encoder_task.o
LOAD Platform\esp_task\esp_task.o
LOAD Platform\ldr_driver\ldr_driver.o
LOAD Platform\ldr_queue\ldr_queue.o
LOAD Platform\ldr_task\ldr_task.o
LOAD Platform\led_driver\led_driver.o
LOAD Platform\led_task\led_task.o
LOAD Platform\status_led\status_led.o
LOAD Platform\usart\uart.o
LOAD Src\freertos.o
LOAD Src\gpio.o
LOAD Src\main.o
LOAD Src\stm32f1xx_hal_msp.o
LOAD Src\stm32f1xx_hal_timebase_tim.o
LOAD Src\stm32f1xx_it.o
LOAD Src\syscalls.o
LOAD Src\system_stm32f1xx.o
LOAD startup\startup_stm32f103xb.o
                0x00000080                malloc_getpagesize_P = 0x80
START GROUP
LOAD c:/program files (x86)/atollic/truestudio for stm32 9.3.0/armtools/bin/../lib/gcc/arm-atollic-eabi/6.3.1/../../../../arm-atollic-eabi/lib/armv7-m\libc_nano.a
LOAD c:/program files (x86)/atollic/truestudio for stm32 9.3.0/armtools/bin/../lib/gcc/arm-atollic-eabi/6.3.1/../../../../arm-atollic-eabi/lib/armv7-m\libm.a
END GROUP
START GROUP
LOAD c:/program files (x86)/atollic/truestudio for stm32 9.3.0/armtools/bin/../lib/gcc/arm-atollic-eabi/6.3.1/armv7-m\libgcc.a
LOAD c:/program files (x86)/atollic/truestudio for stm32 9.3.0/armtools/bin/../lib/gcc/arm-atollic-eabi/6.3.1/../../../../arm-atollic-eabi/lib/armv7-m\libc_nano.a
END GROUP
START GROUP
LOAD c:/program files (x86)/atollic/truestudio for stm32 9.3.0/armtools/bin/../lib/gcc/arm-atollic-eabi/6.3.1/armv7-m\libgcc.a
LOAD c:/program files (x86)/atollic/truestudio for stm32 9.3.0/armtools/bin/../lib/gcc/arm-atollic-eabi/6.3.1/../../../../arm-atollic-eabi/lib/armv7-m\libc_nano.a
LOAD c:/program files (x86)/atollic/truestudio for stm32 9.3.0/armtools/bin/../lib/gcc/arm-atollic-eabi/6.3.1/../../../../arm-atollic-eabi/lib/armv7-m\libnosys.a
END GROUP
START GROUP
LOAD c:/program files (x86)/atollic/truestudio for stm32 9.3.0/armtools/bin/../lib/gcc/arm-atollic-eabi/6.3.1/armv7-m\libgcc.a
LOAD c:/program files (x86)/atollic/truestudio for stm32 9.3.0/armtools/bin/../lib/gcc/arm-atollic-eabi/6.3.1/../../../../arm-atollic-eabi/lib/armv7-m\libc_nano.a
LOAD c:/program files (x86)/atollic/truestudio for stm32 9.3.0/armtools/bin/../lib/gcc/arm-atollic-eabi/6.3.1/../../../../arm-atollic-eabi/lib/armv7-m\libnosys.a
END GROUP
LOAD c:/program files (x86)/atollic/truestudio for stm32 9.3.0/armtools/bin/../lib/gcc/arm-atollic-eabi/6.3.1/armv7-m/crtend.o
LOAD c:/program files (x86)/atollic/truestudio for stm32 9.3.0/armtools/bin/../lib/gcc/arm-atollic-eabi/6.3.1/armv7-m/crtn.o
                0x20005000                _estack = 0x20005000
                0x00000200                _Min_Heap_Size = 0x200
                0x00000400                _Min_Stack_Size = 0x400

.isr_vector     0x08000000      0x10c
                0x08000000                . = ALIGN (0x4)
 *(.isr_vector)
 .isr_vector    0x08000000      0x10c startup\startup_stm32f103xb.o
                0x08000000                g_pfnVectors
                0x0800010c                . = ALIGN (0x4)

.text           0x08000110     0x3bd8
                0x08000110                . = ALIGN (0x4)
 *(.text)
 .text          0x08000110       0x40 c:/program files (x86)/atollic/truestudio for stm32 9.3.0/armtools/bin/../lib/gcc/arm-atollic-eabi/6.3.1/armv7-m/crtbegin.o
 .text          0x08000150       0x10 c:/program files (x86)/atollic/truestudio for stm32 9.3.0/armtools/bin/../lib/gcc/arm-atollic-eabi/6.3.1/../../../../arm-atollic-eabi/lib/armv7-m\libc_nano.a(lib_a-strlen.o)
                0x08000150                strlen
 .text          0x08000160       0x30 c:/program files (x86)/atollic/truestudio for stm32 9.3.0/armtools/bin/../lib/gcc/arm-atollic-eabi/6.3.1/armv7-m\libgcc.a(_aeabi_uldivmod.o)
                0x08000160                __aeabi_uldivmod
 .text          0x08000190      0x2dc c:/program files (x86)/atollic/truestudio for stm32 9.3.0/armtools/bin/../lib/gcc/arm-atollic-eabi/6.3.1/armv7-m\libgcc.a(_udivmoddi4.o)
                0x08000190                __udivmoddi4
 .text          0x0800046c        0x4 c:/program files (x86)/atollic/truestudio for stm32 9.3.0/armtools/bin/../lib/gcc/arm-atollic-eabi/6.3.1/armv7-m\libgcc.a(_dvmd_tls.o)
                0x0800046c                __aeabi_idiv0
                0x0800046c                __aeabi_ldiv0
 *(.text*)
 .text.requestFlush
                0x08000470       0x10 Aplication\ESP8266\ESP8266.o
 .text.ESPInit  0x08000480        0x4 Aplication\ESP8266\ESP8266.o
                0x08000480                ESPInit
 .text.ESP_Resset
                0x08000484        0x4 Aplication\ESP8266\ESP8266.o
                0x08000484                ESP_Resset
 .text.requestRefresh
                0x08000488       0x4c Aplication\ESP8266\ESP8266.o
                0x08000488                requestRefresh
 .text.requestConstFind
                0x080004d4       0x18 Aplication\ESP8266\ESP8266.o
                0x080004d4                requestConstFind
 .text.ESP_GetRequest
                0x080004ec        0x8 Aplication\ESP8266\ESP8266.o
                0x080004ec                ESP_GetRequest
 .text.charCallBack
                0x080004f4       0x54 Aplication\ESP8266\ESP8266.o
                0x080004f4                charCallBack
 .text.waitCallBack.constprop.2
                0x08000548       0x2c Aplication\ESP8266\ESP8266.o
 .text.ESP_StartTCPServer
                0x08000574       0x50 Aplication\ESP8266\ESP8266.o
                0x08000574                ESP_StartTCPServer
 .text.ESP_SetParamsSoftAP
                0x080005c4       0x54 Aplication\ESP8266\ESP8266.o
                0x080005c4                ESP_SetParamsSoftAP
 .text.ESP_SetMode
                0x08000618       0x48 Aplication\ESP8266\ESP8266.o
                0x08000618                ESP_SetMode
 .text.ESP_SetModeSoftAP
                0x08000660        0x6 Aplication\ESP8266\ESP8266.o
                0x08000660                ESP_SetModeSoftAP
 *fill*         0x08000666        0x2 
 .text.ESP_SendData
                0x08000668       0x7c Aplication\ESP8266\ESP8266.o
                0x08000668                ESP_SendData
 .text.ESP_SendConstData
                0x080006e4       0x7c Aplication\ESP8266\ESP8266.o
                0x080006e4                ESP_SendConstData
 .text.ESP_Request
                0x08000760       0x54 Aplication\ESP8266\ESP8266.o
                0x08000760                ESP_Request
 .text.EncoderInit
                0x080007b4        0x4 Aplication\encoder\encoder.o
                0x080007b4                EncoderInit
 .text.Encoder_State
                0x080007b8       0x32 Aplication\encoder\encoder.o
                0x080007b8                Encoder_State
 .text.LDRInit  0x080007ea        0x4 Aplication\ldr\ldr.o
                0x080007ea                LDRInit
 .text.LDR_Get  0x080007ee       0x38 Aplication\ldr\ldr.o
                0x080007ee                LDR_Get
 .text.LedInit  0x08000826        0x4 Aplication\led\led.o
                0x08000826                LedInit
 *fill*         0x0800082a        0x2 
 .text.Led_Set  0x0800082c        0xc Aplication\led\led.o
                0x0800082c                Led_Set
 .text.Led_Set_Color
                0x08000838       0x24 Aplication\led\led.o
                0x08000838                Led_Set_Color
 .text.Led_Get_Color
                0x0800085c       0x24 Aplication\led\led.o
                0x0800085c                Led_Get_Color
 .text.Led_Refresh
                0x08000880       0x3c Aplication\led\led.o
                0x08000880                Led_Refresh
 .text.PICKER   0x080008bc       0x8c Aplication\request\request.o
                0x080008bc                PICKER
 .text.PickerSetLed
                0x08000948       0x7c Aplication\request\request.o
                0x08000948                PickerSetLed
 .text.PICKER_picker
                0x080009c4        0xe Aplication\request\request.o
                0x080009c4                PICKER_picker
 *fill*         0x080009d2        0x2 
 .text.RingBuff_Push
                0x080009d4       0x1c Aplication\ring_buffer\ring_buffer.o
                0x080009d4                RingBuff_Push
 .text.RingBuff_Pop
                0x080009f0       0x1c Aplication\ring_buffer\ring_buffer.o
                0x080009f0                RingBuff_Pop
 .text.RingBuff_IsEmpty
                0x08000a0c       0x18 Aplication\ring_buffer\ring_buffer.o
                0x08000a0c                RingBuff_IsEmpty
 .text.HAL_Init
                0x08000a24       0x24 Drivers\STM32F1xx_HAL_Driver\Src\stm32f1xx_hal.o
                0x08000a24                HAL_Init
 .text.HAL_IncTick
                0x08000a48       0x18 Drivers\STM32F1xx_HAL_Driver\Src\stm32f1xx_hal.o
                0x08000a48                HAL_IncTick
 .text.HAL_NVIC_SetPriorityGrouping
                0x08000a60       0x24 Drivers\STM32F1xx_HAL_Driver\Src\stm32f1xx_hal_cortex.o
                0x08000a60                HAL_NVIC_SetPriorityGrouping
 .text.HAL_NVIC_SetPriority
                0x08000a84       0x68 Drivers\STM32F1xx_HAL_Driver\Src\stm32f1xx_hal_cortex.o
                0x08000a84                HAL_NVIC_SetPriority
 .text.HAL_NVIC_EnableIRQ
                0x08000aec       0x18 Drivers\STM32F1xx_HAL_Driver\Src\stm32f1xx_hal_cortex.o
                0x08000aec                HAL_NVIC_EnableIRQ
 .text.HAL_RCC_GetPCLK2Freq
                0x08000b04       0x20 Drivers\STM32F1xx_HAL_Driver\Src\stm32f1xx_hal_rcc.o
                0x08000b04                HAL_RCC_GetPCLK2Freq
 .text.HAL_RCC_GetClockConfig
                0x08000b24       0x3c Drivers\STM32F1xx_HAL_Driver\Src\stm32f1xx_hal_rcc.o
                0x08000b24                HAL_RCC_GetClockConfig
 .text.HAL_TIM_Base_MspInit
                0x08000b60        0x2 Drivers\STM32F1xx_HAL_Driver\Src\stm32f1xx_hal_tim.o
                0x08000b60                HAL_TIM_Base_MspInit
 .text.HAL_TIM_Base_Start_IT
                0x08000b62       0x16 Drivers\STM32F1xx_HAL_Driver\Src\stm32f1xx_hal_tim.o
                0x08000b62                HAL_TIM_Base_Start_IT
 .text.HAL_TIM_OC_DelayElapsedCallback
                0x08000b78        0x2 Drivers\STM32F1xx_HAL_Driver\Src\stm32f1xx_hal_tim.o
                0x08000b78                HAL_TIM_OC_DelayElapsedCallback
 .text.HAL_TIM_IC_CaptureCallback
                0x08000b7a        0x2 Drivers\STM32F1xx_HAL_Driver\Src\stm32f1xx_hal_tim.o
                0x08000b7a                HAL_TIM_IC_CaptureCallback
 .text.HAL_TIM_PWM_PulseFinishedCallback
                0x08000b7c        0x2 Drivers\STM32F1xx_HAL_Driver\Src\stm32f1xx_hal_tim.o
                0x08000b7c                HAL_TIM_PWM_PulseFinishedCallback
 .text.HAL_TIM_TriggerCallback
                0x08000b7e        0x2 Drivers\STM32F1xx_HAL_Driver\Src\stm32f1xx_hal_tim.o
                0x08000b7e                HAL_TIM_TriggerCallback
 .text.HAL_TIM_IRQHandler
                0x08000b80      0x144 Drivers\STM32F1xx_HAL_Driver\Src\stm32f1xx_hal_tim.o
                0x08000b80                HAL_TIM_IRQHandler
 .text.TIM_Base_SetConfig
                0x08000cc4       0x70 Drivers\STM32F1xx_HAL_Driver\Src\stm32f1xx_hal_tim.o
                0x08000cc4                TIM_Base_SetConfig
 .text.HAL_TIM_Base_Init
                0x08000d34       0x34 Drivers\STM32F1xx_HAL_Driver\Src\stm32f1xx_hal_tim.o
                0x08000d34                HAL_TIM_Base_Init
 .text.HAL_TIMEx_CommutationCallback
                0x08000d68        0x2 Drivers\STM32F1xx_HAL_Driver\Src\stm32f1xx_hal_tim_ex.o
                0x08000d68                HAL_TIMEx_CommutationCallback
 .text.HAL_TIMEx_BreakCallback
                0x08000d6a        0x2 Drivers\STM32F1xx_HAL_Driver\Src\stm32f1xx_hal_tim_ex.o
                0x08000d6a                HAL_TIMEx_BreakCallback
 .text.LL_ADC_CommonInit
                0x08000d6c       0x2c Drivers\STM32F1xx_HAL_Driver\Src\stm32f1xx_ll_adc.o
                0x08000d6c                LL_ADC_CommonInit
 .text.LL_ADC_Init
                0x08000d98       0x26 Drivers\STM32F1xx_HAL_Driver\Src\stm32f1xx_ll_adc.o
                0x08000d98                LL_ADC_Init
 .text.LL_ADC_REG_Init
                0x08000dbe       0x44 Drivers\STM32F1xx_HAL_Driver\Src\stm32f1xx_ll_adc.o
                0x08000dbe                LL_ADC_REG_Init
 *fill*         0x08000e02        0x2 
 .text.LL_EXTI_Init
                0x08000e04       0xb0 Drivers\STM32F1xx_HAL_Driver\Src\stm32f1xx_ll_exti.o
                0x08000e04                LL_EXTI_Init
 .text.LL_GPIO_Init
                0x08000eb4      0x102 Drivers\STM32F1xx_HAL_Driver\Src\stm32f1xx_ll_gpio.o
                0x08000eb4                LL_GPIO_Init
 *fill*         0x08000fb6        0x2 
 .text.RCC_GetHCLKClockFreq
                0x08000fb8       0x18 Drivers\STM32F1xx_HAL_Driver\Src\stm32f1xx_ll_rcc.o
                0x08000fb8                RCC_GetHCLKClockFreq
 .text.RCC_GetPCLK1ClockFreq
                0x08000fd0       0x18 Drivers\STM32F1xx_HAL_Driver\Src\stm32f1xx_ll_rcc.o
                0x08000fd0                RCC_GetPCLK1ClockFreq
 .text.RCC_GetPCLK2ClockFreq
                0x08000fe8       0x18 Drivers\STM32F1xx_HAL_Driver\Src\stm32f1xx_ll_rcc.o
                0x08000fe8                RCC_GetPCLK2ClockFreq
 .text.RCC_PLL_GetFreqDomain_SYS
                0x08001000       0x34 Drivers\STM32F1xx_HAL_Driver\Src\stm32f1xx_ll_rcc.o
                0x08001000                RCC_PLL_GetFreqDomain_SYS
 .text.RCC_GetSystemClockFreq
                0x08001034       0x1c Drivers\STM32F1xx_HAL_Driver\Src\stm32f1xx_ll_rcc.o
                0x08001034                RCC_GetSystemClockFreq
 .text.LL_RCC_GetSystemClocksFreq
                0x08001050       0x20 Drivers\STM32F1xx_HAL_Driver\Src\stm32f1xx_ll_rcc.o
                0x08001050                LL_RCC_GetSystemClocksFreq
 .text.LL_TIM_Init
                0x08001070       0x70 Drivers\STM32F1xx_HAL_Driver\Src\stm32f1xx_ll_tim.o
                0x08001070                LL_TIM_Init
 .text.LL_TIM_OC_Init
                0x080010e0      0x190 Drivers\STM32F1xx_HAL_Driver\Src\stm32f1xx_ll_tim.o
                0x080010e0                LL_TIM_OC_Init
 .text.LL_USART_Init
                0x08001270       0xa4 Drivers\STM32F1xx_HAL_Driver\Src\stm32f1xx_ll_usart.o
                0x08001270                LL_USART_Init
 .text.LL_Init1msTick
                0x08001314       0x1c Drivers\STM32F1xx_HAL_Driver\Src\stm32f1xx_ll_utils.o
                0x08001314                LL_Init1msTick
 .text.LL_mDelay
                0x08001330       0x28 Drivers\STM32F1xx_HAL_Driver\Src\stm32f1xx_ll_utils.o
                0x08001330                LL_mDelay
 .text.LL_SetSystemCoreClock
                0x08001358        0xc Drivers\STM32F1xx_HAL_Driver\Src\stm32f1xx_ll_utils.o
                0x08001358                LL_SetSystemCoreClock
 .text.osKernelStart
                0x08001364        0xa Middlewares\Third_Party\FreeRTOS\Source\CMSIS_RTOS\cmsis_os.o
                0x08001364                osKernelStart
 .text.osThreadCreate
                0x0800136e       0x32 Middlewares\Third_Party\FreeRTOS\Source\CMSIS_RTOS\cmsis_os.o
                0x0800136e                osThreadCreate
 .text.osDelay  0x080013a0       0x10 Middlewares\Third_Party\FreeRTOS\Source\CMSIS_RTOS\cmsis_os.o
                0x080013a0                osDelay
 .text.vListInitialise
                0x080013b0       0x16 Middlewares\Third_Party\FreeRTOS\Source\list.o
                0x080013b0                vListInitialise
 .text.vListInitialiseItem
                0x080013c6        0x6 Middlewares\Third_Party\FreeRTOS\Source\list.o
                0x080013c6                vListInitialiseItem
 .text.vListInsertEnd
                0x080013cc       0x18 Middlewares\Third_Party\FreeRTOS\Source\list.o
                0x080013cc                vListInsertEnd
 .text.vListInsert
                0x080013e4       0x2e Middlewares\Third_Party\FreeRTOS\Source\list.o
                0x080013e4                vListInsert
 .text.uxListRemove
                0x08001412       0x20 Middlewares\Third_Party\FreeRTOS\Source\list.o
                0x08001412                uxListRemove
 *fill*         0x08001432        0x2 
 .text.prvTaskExitError
                0x08001434       0x30 Middlewares\Third_Party\FreeRTOS\Source\portable\GCC\ARM_CM3\port.o
 .text.prvPortStartFirstTask
                0x08001464       0x20 Middlewares\Third_Party\FreeRTOS\Source\portable\GCC\ARM_CM3\port.o
 .text.pxPortInitialiseStack
                0x08001484       0x24 Middlewares\Third_Party\FreeRTOS\Source\portable\GCC\ARM_CM3\port.o
                0x08001484                pxPortInitialiseStack
 *fill*         0x080014a8        0x8 
 .text.SVC_Handler
                0x080014b0       0x24 Middlewares\Third_Party\FreeRTOS\Source\portable\GCC\ARM_CM3\port.o
                0x080014b0                SVC_Handler
 .text.vPortEnterCritical
                0x080014d4       0x44 Middlewares\Third_Party\FreeRTOS\Source\portable\GCC\ARM_CM3\port.o
                0x080014d4                vPortEnterCritical
 .text.vPortExitCritical
                0x08001518       0x28 Middlewares\Third_Party\FreeRTOS\Source\portable\GCC\ARM_CM3\port.o
                0x08001518                vPortExitCritical
 .text.PendSV_Handler
                0x08001540       0x44 Middlewares\Third_Party\FreeRTOS\Source\portable\GCC\ARM_CM3\port.o
                0x08001540                PendSV_Handler
 .text.SysTick_Handler
                0x08001584       0x2c Middlewares\Third_Party\FreeRTOS\Source\portable\GCC\ARM_CM3\port.o
                0x08001584                SysTick_Handler
 .text.vPortSetupTimerInterrupt
                0x080015b0       0x28 Middlewares\Third_Party\FreeRTOS\Source\portable\GCC\ARM_CM3\port.o
                0x080015b0                vPortSetupTimerInterrupt
 .text.xPortStartScheduler
                0x080015d8       0x94 Middlewares\Third_Party\FreeRTOS\Source\portable\GCC\ARM_CM3\port.o
                0x080015d8                xPortStartScheduler
 .text.unlikely.prvInsertBlockIntoFreeList
                0x0800166c       0x48 Middlewares\Third_Party\FreeRTOS\Source\portable\MemMang\heap_4.o
 .text.pvPortMalloc
                0x080016b4      0x11c Middlewares\Third_Party\FreeRTOS\Source\portable\MemMang\heap_4.o
                0x080016b4                pvPortMalloc
 .text.vPortFree
                0x080017d0       0x70 Middlewares\Third_Party\FreeRTOS\Source\portable\MemMang\heap_4.o
                0x080017d0                vPortFree
 .text.unlikely.prvCopyDataToQueue
                0x08001840       0x66 Middlewares\Third_Party\FreeRTOS\Source\queue.o
 .text.unlikely.prvCopyDataFromQueue
                0x080018a6       0x28 Middlewares\Third_Party\FreeRTOS\Source\queue.o
 .text.prvUnlockQueue
                0x080018ce       0x70 Middlewares\Third_Party\FreeRTOS\Source\queue.o
 *fill*         0x0800193e        0x2 
 .text.xQueueGenericReset
                0x08001940       0x80 Middlewares\Third_Party\FreeRTOS\Source\queue.o
                0x08001940                xQueueGenericReset
 .text.xQueueGenericCreate
                0x080019c0       0x42 Middlewares\Third_Party\FreeRTOS\Source\queue.o
                0x080019c0                xQueueGenericCreate
 *fill*         0x08001a02        0x2 
 .text.xQueueGenericSend
                0x08001a04      0x16c Middlewares\Third_Party\FreeRTOS\Source\queue.o
                0x08001a04                xQueueGenericSend
 .text.xQueueGenericReceive
                0x08001b70      0x188 Middlewares\Third_Party\FreeRTOS\Source\queue.o
                0x08001b70                xQueueGenericReceive
 .text.uxQueueMessagesWaiting
                0x08001cf8       0x26 Middlewares\Third_Party\FreeRTOS\Source\queue.o
                0x08001cf8                uxQueueMessagesWaiting
 *fill*         0x08001d1e        0x2 
 .text.prvResetNextTaskUnblockTime
                0x08001d20       0x24 Middlewares\Third_Party\FreeRTOS\Source\tasks.o
 .text.prvAddCurrentTaskToDelayedList
                0x08001d44       0x8c Middlewares\Third_Party\FreeRTOS\Source\tasks.o
 .text.vTaskSetTimeOutState.part.5
                0x08001dd0       0x12 Middlewares\Third_Party\FreeRTOS\Source\tasks.o
 *fill*         0x08001de2        0x2 
 .text.xTaskCreate
                0x08001de4      0x1a0 Middlewares\Third_Party\FreeRTOS\Source\tasks.o
                0x08001de4                xTaskCreate
 .text.vTaskStartScheduler
                0x08001f84       0x78 Middlewares\Third_Party\FreeRTOS\Source\tasks.o
                0x08001f84                vTaskStartScheduler
 .text.vTaskSuspendAll
                0x08001ffc       0x10 Middlewares\Third_Party\FreeRTOS\Source\tasks.o
                0x08001ffc                vTaskSuspendAll
 .text.xTaskIncrementTick
                0x0800200c      0x124 Middlewares\Third_Party\FreeRTOS\Source\tasks.o
                0x0800200c                xTaskIncrementTick
 .text.xTaskResumeAll
                0x08002130       0xf0 Middlewares\Third_Party\FreeRTOS\Source\tasks.o
                0x08002130                xTaskResumeAll
 .text.vTaskDelay
                0x08002220       0x48 Middlewares\Third_Party\FreeRTOS\Source\tasks.o
                0x08002220                vTaskDelay
 .text.prvIdleTask
                0x08002268       0x74 Middlewares\Third_Party\FreeRTOS\Source\tasks.o
 .text.vTaskSwitchContext
                0x080022dc       0x74 Middlewares\Third_Party\FreeRTOS\Source\tasks.o
                0x080022dc                vTaskSwitchContext
 .text.vTaskPlaceOnEventList
                0x08002350       0x34 Middlewares\Third_Party\FreeRTOS\Source\tasks.o
                0x08002350                vTaskPlaceOnEventList
 .text.xTaskRemoveFromEventList
                0x08002384       0x84 Middlewares\Third_Party\FreeRTOS\Source\tasks.o
                0x08002384                xTaskRemoveFromEventList
 .text.vTaskSetTimeOutState
                0x08002408       0x20 Middlewares\Third_Party\FreeRTOS\Source\tasks.o
                0x08002408                vTaskSetTimeOutState
 .text.xTaskCheckForTimeOut
                0x08002428       0x74 Middlewares\Third_Party\FreeRTOS\Source\tasks.o
                0x08002428                xTaskCheckForTimeOut
 .text.vTaskMissedYield
                0x0800249c        0xc Middlewares\Third_Party\FreeRTOS\Source\tasks.o
                0x0800249c                vTaskMissedYield
 .text.xTaskGetSchedulerState
                0x080024a8       0x20 Middlewares\Third_Party\FreeRTOS\Source\tasks.o
                0x080024a8                xTaskGetSchedulerState
 .text.vTaskPriorityInherit
                0x080024c8       0x90 Middlewares\Third_Party\FreeRTOS\Source\tasks.o
                0x080024c8                vTaskPriorityInherit
 .text.xTaskPriorityDisinherit
                0x08002558       0xa0 Middlewares\Third_Party\FreeRTOS\Source\tasks.o
                0x08002558                xTaskPriorityDisinherit
 .text.pvTaskIncrementMutexHeldCount
                0x080025f8       0x18 Middlewares\Third_Party\FreeRTOS\Source\tasks.o
                0x080025f8                pvTaskIncrementMutexHeldCount
 .text.delay    0x08002610        0x4 Platform\delay\delay.o
                0x08002610                delay
 .text.get_sys_tick
                0x08002614        0xc Platform\delay\delay.o
                0x08002614                get_sys_tick
 .text.NVIC_EncodePriority.constprop.1
                0x08002620       0x30 Platform\encoder_driver\encoder_driver.o
 .text.GPIO_Init
                0x08002650       0xd0 Platform\encoder_driver\encoder_driver.o
                0x08002650                GPIO_Init
 .text.EXTI1_IRQHandler
                0x08002720       0x18 Platform\encoder_driver\encoder_driver.o
                0x08002720                EXTI1_IRQHandler
 .text.GetButton
                0x08002738        0xc Platform\encoder_driver\encoder_driver.o
                0x08002738                GetButton
 .text.ClearButton
                0x08002744        0xc Platform\encoder_driver\encoder_driver.o
                0x08002744                ClearButton
 .text.GetRotateStatus
                0x08002750        0xc Platform\encoder_driver\encoder_driver.o
                0x08002750                GetRotateStatus
 .text.ClearRotateStatus
                0x0800275c        0xc Platform\encoder_driver\encoder_driver.o
                0x0800275c                ClearRotateStatus
 .text.GetRotatePinB
                0x08002768        0xc Platform\encoder_driver\encoder_driver.o
                0x08002768                GetRotatePinB
 .text.GetRotatePinA
                0x08002774        0xc Platform\encoder_driver\encoder_driver.o
                0x08002774                GetRotatePinA
 .text.GPIO_Read_Pin
                0x08002780       0x14 Platform\encoder_driver\encoder_driver.o
                0x08002780                GPIO_Read_Pin
 .text.EXTI15_10_IRQHandler
                0x08002794       0x44 Platform\encoder_driver\encoder_driver.o
                0x08002794                EXTI15_10_IRQHandler
 .text.EncoderQueueInit
                0x080027d8       0x18 Platform\encoder_queue\encoder_queue.o
                0x080027d8                EncoderQueueInit
 .text.EncoderQueue_Send
                0x080027f0       0x20 Platform\encoder_queue\encoder_queue.o
                0x080027f0                EncoderQueue_Send
 .text.EncoderQueue_Receive
                0x08002810       0x2c Platform\encoder_queue\encoder_queue.o
                0x08002810                EncoderQueue_Receive
 .text.EncoderQueue_IsElements
                0x0800283c       0x18 Platform\encoder_queue\encoder_queue.o
                0x0800283c                EncoderQueue_IsElements
 .text.pxEncoder
                0x08002854       0x48 Platform\encoder_task\encoder_task.o
 .text.EncoderTaskInit
                0x0800289c       0x20 Platform\encoder_task\encoder_task.o
                0x0800289c                EncoderTaskInit
 .text.pxESP    0x080028bc       0x6c Platform\esp_task\esp_task.o
 .text.ESPTaskInit
                0x08002928       0x24 Platform\esp_task\esp_task.o
                0x08002928                ESPTaskInit
 .text.LL_ADC_SetChannelSamplingTime.constprop.0
                0x0800294c       0x40 Platform\ldr_driver\ldr_driver.o
 .text.MX_ADC1_Init
                0x0800298c       0xf0 Platform\ldr_driver\ldr_driver.o
                0x0800298c                MX_ADC1_Init
 .text.ADC1_Activate
                0x08002a7c       0x30 Platform\ldr_driver\ldr_driver.o
                0x08002a7c                ADC1_Activate
 .text.ADC1_2_IRQHandler
                0x08002aac       0x20 Platform\ldr_driver\ldr_driver.o
                0x08002aac                ADC1_2_IRQHandler
 .text.ADC1_Get
                0x08002acc        0xc Platform\ldr_driver\ldr_driver.o
                0x08002acc                ADC1_Get
 .text.LDRQueueInit
                0x08002ad8       0x18 Platform\ldr_queue\ldr_queue.o
                0x08002ad8                LDRQueueInit
 .text.LDRQueue_Send
                0x08002af0       0x20 Platform\ldr_queue\ldr_queue.o
                0x08002af0                LDRQueue_Send
 .text.LDRQueue_Receive
                0x08002b10       0x20 Platform\ldr_queue\ldr_queue.o
                0x08002b10                LDRQueue_Receive
 .text.LDRQueue_IsElements
                0x08002b30       0x18 Platform\ldr_queue\ldr_queue.o
                0x08002b30                LDRQueue_IsElements
 .text.pxLDR    0x08002b48       0x16 Platform\ldr_task\ldr_task.o
 *fill*         0x08002b5e        0x2 
 .text.LDRTaskInit
                0x08002b60       0x20 Platform\ldr_task\ldr_task.o
                0x08002b60                LDRTaskInit
 .text.MX_TIM4_Init
                0x08002b80      0x11c Platform\led_driver\led_driver.o
                0x08002b80                MX_TIM4_Init
 .text.TIM4_SET_CH1
                0x08002c9c        0xc Platform\led_driver\led_driver.o
                0x08002c9c                TIM4_SET_CH1
 .text.TIM4_SET_CH2
                0x08002ca8        0xc Platform\led_driver\led_driver.o
                0x08002ca8                TIM4_SET_CH2
 .text.TIM4_SET_CH3
                0x08002cb4        0xc Platform\led_driver\led_driver.o
                0x08002cb4                TIM4_SET_CH3
 .text.pxLed    0x08002cc0       0xb6 Platform\led_task\led_task.o
 *fill*         0x08002d76        0x2 
 .text.LedTaskInit
                0x08002d78       0x20 Platform\led_task\led_task.o
                0x08002d78                LedTaskInit
 .text.StatusLedInit
                0x08002d98       0x5c Platform\status_led\status_led.o
                0x08002d98                StatusLedInit
 .text.StatusLedON
                0x08002df4       0x10 Platform\status_led\status_led.o
                0x08002df4                StatusLedON
 .text.ErrorBlink
                0x08002e04       0x18 Platform\status_led\status_led.o
                0x08002e04                ErrorBlink
 .text.USART_SendData_byte
                0x08002e1c       0x10 Platform\usart\uart.o
                0x08002e1c                USART_SendData_byte
 .text.USART_SendData
                0x08002e2c       0x28 Platform\usart\uart.o
                0x08002e2c                USART_SendData
 .text.USART_CharReception_Callback
                0x08002e54       0x1c Platform\usart\uart.o
                0x08002e54                USART_CharReception_Callback
 .text.Error_Callback
                0x08002e70       0x20 Platform\usart\uart.o
                0x08002e70                Error_Callback
 .text.USART1_IRQHandler
                0x08002e90       0x1c Platform\usart\uart.o
                0x08002e90                USART1_IRQHandler
 .text.USART1_Reset
                0x08002eac       0x18 Platform\usart\uart.o
                0x08002eac                USART1_Reset
 .text.MX_USART1_UART_Init
                0x08002ec4      0x10c Platform\usart\uart.o
                0x08002ec4                MX_USART1_UART_Init
 .text.StartDefaultTask
                0x08002fd0        0xa Src\freertos.o
                0x08002fd0                StartDefaultTask
 *fill*         0x08002fda        0x2 
 .text.MX_FREERTOS_Init
                0x08002fdc       0x40 Src\freertos.o
                0x08002fdc                MX_FREERTOS_Init
 .text.SystemClock_Config
                0x0800301c       0x7c Src\main.o
                0x0800301c                SystemClock_Config
 .text.startup.main
                0x08003098       0x14 Src\main.o
                0x08003098                main
 .text.HAL_TIM_PeriodElapsedCallback
                0x080030ac       0x14 Src\main.o
                0x080030ac                HAL_TIM_PeriodElapsedCallback
 .text.HAL_MspInit
                0x080030c0       0x50 Src\stm32f1xx_hal_msp.o
                0x080030c0                HAL_MspInit
 .text.HAL_InitTick
                0x08003110       0x78 Src\stm32f1xx_hal_timebase_tim.o
                0x08003110                HAL_InitTick
 .text.NMI_Handler
                0x08003188        0x2 Src\stm32f1xx_it.o
                0x08003188                NMI_Handler
 .text.HardFault_Handler
                0x0800318a        0x2 Src\stm32f1xx_it.o
                0x0800318a                HardFault_Handler
 .text.MemManage_Handler
                0x0800318c        0x2 Src\stm32f1xx_it.o
                0x0800318c                MemManage_Handler
 .text.BusFault_Handler
                0x0800318e        0x2 Src\stm32f1xx_it.o
                0x0800318e                BusFault_Handler
 .text.UsageFault_Handler
                0x08003190        0x2 Src\stm32f1xx_it.o
                0x08003190                UsageFault_Handler
 .text.DebugMon_Handler
                0x08003192        0x2 Src\stm32f1xx_it.o
                0x08003192                DebugMon_Handler
 .text.TIM1_UP_IRQHandler
                0x08003194        0xc Src\stm32f1xx_it.o
                0x08003194                TIM1_UP_IRQHandler
 .text._sbrk    0x080031a0       0x34 Src\syscalls.o
                0x080031a0                _sbrk
 .text.SystemInit
                0x080031d4       0x4c Src\system_stm32f1xx.o
                0x080031d4                SystemInit
 .text.Reset_Handler
                0x08003220       0x48 startup\startup_stm32f103xb.o
                0x08003220                Reset_Handler
 .text.Default_Handler
                0x08003268        0x2 startup\startup_stm32f103xb.o
                0x08003268                RTC_Alarm_IRQHandler
                0x08003268                EXTI2_IRQHandler
                0x08003268                TIM1_CC_IRQHandler
                0x08003268                PVD_IRQHandler
                0x08003268                EXTI3_IRQHandler
                0x08003268                EXTI0_IRQHandler
                0x08003268                I2C2_EV_IRQHandler
                0x08003268                SPI1_IRQHandler
                0x08003268                TAMPER_IRQHandler
                0x08003268                DMA1_Channel4_IRQHandler
                0x08003268                USART3_IRQHandler
                0x08003268                RTC_IRQHandler
                0x08003268                DMA1_Channel7_IRQHandler
                0x08003268                CAN1_RX1_IRQHandler
                0x08003268                TIM4_IRQHandler
                0x08003268                I2C1_EV_IRQHandler
                0x08003268                DMA1_Channel6_IRQHandler
                0x08003268                TIM3_IRQHandler
                0x08003268                RCC_IRQHandler
                0x08003268                TIM1_TRG_COM_IRQHandler
                0x08003268                DMA1_Channel1_IRQHandler
                0x08003268                Default_Handler
                0x08003268                EXTI9_5_IRQHandler
                0x08003268                SPI2_IRQHandler
                0x08003268                DMA1_Channel5_IRQHandler
                0x08003268                EXTI4_IRQHandler
                0x08003268                USB_LP_CAN1_RX0_IRQHandler
                0x08003268                USB_HP_CAN1_TX_IRQHandler
                0x08003268                DMA1_Channel3_IRQHandler
                0x08003268                WWDG_IRQHandler
                0x08003268                TIM2_IRQHandler
                0x08003268                TIM1_BRK_IRQHandler
                0x08003268                USART2_IRQHandler
                0x08003268                I2C2_ER_IRQHandler
                0x08003268                DMA1_Channel2_IRQHandler
                0x08003268                CAN1_SCE_IRQHandler
                0x08003268                FLASH_IRQHandler
                0x08003268                I2C1_ER_IRQHandler
                0x08003268                USBWakeUp_IRQHandler
 *fill*         0x0800326a        0x2 
 .text.__errno  0x0800326c        0xc c:/program files (x86)/atollic/truestudio for stm32 9.3.0/armtools/bin/../lib/gcc/arm-atollic-eabi/6.3.1/../../../../arm-atollic-eabi/lib/armv7-m\libc_nano.a(lib_a-errno.o)
                0x0800326c                __errno
 .text.__libc_init_array
                0x08003278       0x48 c:/program files (x86)/atollic/truestudio for stm32 9.3.0/armtools/bin/../lib/gcc/arm-atollic-eabi/6.3.1/../../../../arm-atollic-eabi/lib/armv7-m\libc_nano.a(lib_a-init.o)
                0x08003278                __libc_init_array
 .text.memcpy   0x080032c0       0x16 c:/program files (x86)/atollic/truestudio for stm32 9.3.0/armtools/bin/../lib/gcc/arm-atollic-eabi/6.3.1/../../../../arm-atollic-eabi/lib/armv7-m\libc_nano.a(lib_a-memcpy-stub.o)
                0x080032c0                memcpy
 .text.memset   0x080032d6       0x10 c:/program files (x86)/atollic/truestudio for stm32 9.3.0/armtools/bin/../lib/gcc/arm-atollic-eabi/6.3.1/../../../../arm-atollic-eabi/lib/armv7-m\libc_nano.a(lib_a-memset.o)
                0x080032d6                memset
 *fill*         0x080032e6        0x2 
 .text.sprintf  0x080032e8       0x48 c:/program files (x86)/atollic/truestudio for stm32 9.3.0/armtools/bin/../lib/gcc/arm-atollic-eabi/6.3.1/../../../../arm-atollic-eabi/lib/armv7-m\libc_nano.a(lib_a-sprintf.o)
                0x080032e8                siprintf
                0x080032e8                sprintf
 .text.strstr   0x08003330       0x36 c:/program files (x86)/atollic/truestudio for stm32 9.3.0/armtools/bin/../lib/gcc/arm-atollic-eabi/6.3.1/../../../../arm-atollic-eabi/lib/armv7-m\libc_nano.a(lib_a-strstr.o)
                0x08003330                strstr
 .text._strtol_l.isra.0
                0x08003366      0x100 c:/program files (x86)/atollic/truestudio for stm32 9.3.0/armtools/bin/../lib/gcc/arm-atollic-eabi/6.3.1/../../../../arm-atollic-eabi/lib/armv7-m\libc_nano.a(lib_a-strtol.o)
 *fill*         0x08003466        0x2 
 .text.strtol   0x08003468       0x2c c:/program files (x86)/atollic/truestudio for stm32 9.3.0/armtools/bin/../lib/gcc/arm-atollic-eabi/6.3.1/../../../../arm-atollic-eabi/lib/armv7-m\libc_nano.a(lib_a-strtol.o)
                0x08003468                strtol
 .text.__locale_ctype_ptr_l
                0x08003494        0x6 c:/program files (x86)/atollic/truestudio for stm32 9.3.0/armtools/bin/../lib/gcc/arm-atollic-eabi/6.3.1/../../../../arm-atollic-eabi/lib/armv7-m\libc_nano.a(lib_a-locale.o)
                0x08003494                __locale_ctype_ptr_l
 .text.__ascii_mbtowc
                0x0800349a       0x24 c:/program files (x86)/atollic/truestudio for stm32 9.3.0/armtools/bin/../lib/gcc/arm-atollic-eabi/6.3.1/../../../../arm-atollic-eabi/lib/armv7-m\libc_nano.a(lib_a-mbtowc_r.o)
                0x0800349a                __ascii_mbtowc
 .text.__ssputs_r
                0x080034be       0xb6 c:/program files (x86)/atollic/truestudio for stm32 9.3.0/armtools/bin/../lib/gcc/arm-atollic-eabi/6.3.1/../../../../arm-atollic-eabi/lib/armv7-m\libc_nano.a(lib_a-nano-svfprintf.o)
                0x080034be                __ssputs_r
 .text._svfprintf_r
                0x08003574      0x1e8 c:/program files (x86)/atollic/truestudio for stm32 9.3.0/armtools/bin/../lib/gcc/arm-atollic-eabi/6.3.1/../../../../arm-atollic-eabi/lib/armv7-m\libc_nano.a(lib_a-nano-svfprintf.o)
                0x08003574                _svfiprintf_r
                0x08003574                _svfprintf_r
 .text._printf_common
                0x0800375c       0xee c:/program files (x86)/atollic/truestudio for stm32 9.3.0/armtools/bin/../lib/gcc/arm-atollic-eabi/6.3.1/../../../../arm-atollic-eabi/lib/armv7-m\libc_nano.a(lib_a-nano-vfprintf_i.o)
                0x0800375c                _printf_common
 *fill*         0x0800384a        0x2 
 .text._printf_i
                0x0800384c      0x240 c:/program files (x86)/atollic/truestudio for stm32 9.3.0/armtools/bin/../lib/gcc/arm-atollic-eabi/6.3.1/../../../../arm-atollic-eabi/lib/armv7-m\libc_nano.a(lib_a-nano-vfprintf_i.o)
                0x0800384c                _printf_i
 .text.__ascii_wctomb
                0x08003a8c       0x1a c:/program files (x86)/atollic/truestudio for stm32 9.3.0/armtools/bin/../lib/gcc/arm-atollic-eabi/6.3.1/../../../../arm-atollic-eabi/lib/armv7-m\libc_nano.a(lib_a-wctomb_r.o)
                0x08003a8c                __ascii_wctomb
 .text.memchr   0x08003aa6       0x1c c:/program files (x86)/atollic/truestudio for stm32 9.3.0/armtools/bin/../lib/gcc/arm-atollic-eabi/6.3.1/../../../../arm-atollic-eabi/lib/armv7-m\libc_nano.a(lib_a-memchr-stub.o)
                0x08003aa6                memchr
 .text.memmove  0x08003ac2       0x34 c:/program files (x86)/atollic/truestudio for stm32 9.3.0/armtools/bin/../lib/gcc/arm-atollic-eabi/6.3.1/../../../../arm-atollic-eabi/lib/armv7-m\libc_nano.a(lib_a-memmove.o)
                0x08003ac2                memmove
 *fill*         0x08003af6        0x2 
 .text._free_r  0x08003af8       0x98 c:/program files (x86)/atollic/truestudio for stm32 9.3.0/armtools/bin/../lib/gcc/arm-atollic-eabi/6.3.1/../../../../arm-atollic-eabi/lib/armv7-m\libc_nano.a(lib_a-nano-freer.o)
                0x08003af8                _free_r
 .text._malloc_r
                0x08003b90       0xbc c:/program files (x86)/atollic/truestudio for stm32 9.3.0/armtools/bin/../lib/gcc/arm-atollic-eabi/6.3.1/../../../../arm-atollic-eabi/lib/armv7-m\libc_nano.a(lib_a-nano-mallocr.o)
                0x08003b90                _malloc_r
 .text._realloc_r
                0x08003c4c       0x4c c:/program files (x86)/atollic/truestudio for stm32 9.3.0/armtools/bin/../lib/gcc/arm-atollic-eabi/6.3.1/../../../../arm-atollic-eabi/lib/armv7-m\libc_nano.a(lib_a-nano-reallocr.o)
                0x08003c4c                _realloc_r
 .text._sbrk_r  0x08003c98       0x20 c:/program files (x86)/atollic/truestudio for stm32 9.3.0/armtools/bin/../lib/gcc/arm-atollic-eabi/6.3.1/../../../../arm-atollic-eabi/lib/armv7-m\libc_nano.a(lib_a-sbrkr.o)
                0x08003c98                _sbrk_r
 .text.__malloc_lock
                0x08003cb8        0x2 c:/program files (x86)/atollic/truestudio for stm32 9.3.0/armtools/bin/../lib/gcc/arm-atollic-eabi/6.3.1/../../../../arm-atollic-eabi/lib/armv7-m\libc_nano.a(lib_a-mlock.o)
                0x08003cb8                __malloc_lock
 .text.__malloc_unlock
                0x08003cba        0x2 c:/program files (x86)/atollic/truestudio for stm32 9.3.0/armtools/bin/../lib/gcc/arm-atollic-eabi/6.3.1/../../../../arm-atollic-eabi/lib/armv7-m\libc_nano.a(lib_a-mlock.o)
                0x08003cba                __malloc_unlock
 .text._malloc_usable_size_r
                0x08003cbc       0x12 c:/program files (x86)/atollic/truestudio for stm32 9.3.0/armtools/bin/../lib/gcc/arm-atollic-eabi/6.3.1/../../../../arm-atollic-eabi/lib/armv7-m\libc_nano.a(lib_a-nano-msizer.o)
                0x08003cbc                _malloc_usable_size_r
 *(.glue_7)
 .glue_7        0x08003cce        0x0 linker stubs
 *(.glue_7t)
 .glue_7t       0x08003cce        0x0 linker stubs
 *(.eh_frame)
 *fill*         0x08003cce        0x2 
 .eh_frame      0x08003cd0        0x0 c:/program files (x86)/atollic/truestudio for stm32 9.3.0/armtools/bin/../lib/gcc/arm-atollic-eabi/6.3.1/armv7-m/crtbegin.o
 *(.init)
 .init          0x08003cd0        0x4 c:/program files (x86)/atollic/truestudio for stm32 9.3.0/armtools/bin/../lib/gcc/arm-atollic-eabi/6.3.1/armv7-m/crti.o
                0x08003cd0                _init
 .init          0x08003cd4        0x8 c:/program files (x86)/atollic/truestudio for stm32 9.3.0/armtools/bin/../lib/gcc/arm-atollic-eabi/6.3.1/armv7-m/crtn.o
 *(.fini)
 .fini          0x08003cdc        0x4 c:/program files (x86)/atollic/truestudio for stm32 9.3.0/armtools/bin/../lib/gcc/arm-atollic-eabi/6.3.1/armv7-m/crti.o
                0x08003cdc                _fini
 .fini          0x08003ce0        0x8 c:/program files (x86)/atollic/truestudio for stm32 9.3.0/armtools/bin/../lib/gcc/arm-atollic-eabi/6.3.1/armv7-m/crtn.o
                0x08003ce8                . = ALIGN (0x4)
                0x08003ce8                _etext = .

.vfp11_veneer   0x08003ce8        0x0
 .vfp11_veneer  0x08003ce8        0x0 linker stubs

.v4_bx          0x08003ce8        0x0
 .v4_bx         0x08003ce8        0x0 linker stubs

.iplt           0x08003ce8        0x0
 .iplt          0x08003ce8        0x0 c:/program files (x86)/atollic/truestudio for stm32 9.3.0/armtools/bin/../lib/gcc/arm-atollic-eabi/6.3.1/armv7-m/crtbegin.o

.rodata         0x08003ce8      0x448
                0x08003ce8                . = ALIGN (0x4)
 *(.rodata)
 .rodata        0x08003ce8       0x14 Src\freertos.o
 *(.rodata*)
 .rodata.ESP_SendData.str1.1
                0x08003cfc       0x15 Aplication\ESP8266\ESP8266.o
                                 0x18 (size before relaxing)
 .rodata.ESP_SetMode.str1.1
                0x08003d11        0xf Aplication\ESP8266\ESP8266.o
 .rodata.ESP_SetParamsSoftAP.str1.1
                0x08003d20       0x22 Aplication\ESP8266\ESP8266.o
 .rodata.ESP_StartTCPServer.str1.1
                0x08003d42       0x22 Aplication\ESP8266\ESP8266.o
                                 0x23 (size before relaxing)
 .rodata.requestRefresh.str1.1
                0x08003d64        0x6 Aplication\ESP8266\ESP8266.o
 .rodata.statusNOTFOUND
                0x08003d6a       0x19 Aplication\ESP8266\ESP8266.o
                0x08003d6a                statusNOTFOUND
 .rodata.waitCallBack.constprop.2.str1.1
                0x08003d83        0x3 Aplication\ESP8266\ESP8266.o
 *fill*         0x08003d86        0x2 
 .rodata.FUNCTIONS
                0x08003d88        0x8 Aplication\request\request.o
                0x08003d88                FUNCTIONS
 .rodata.PICKER.str1.1
                0x08003d90       0x24 Aplication\request\request.o
 .rodata.PickerSetLed.str1.1
                0x08003db4        0xa Aplication\request\request.o
 .rodata.htmlpicker1
                0x08003dbe      0x123 Aplication\request\request.o
                0x08003dbe                htmlpicker1
 .rodata.htmlpicker2
                0x08003ee1       0x68 Aplication\request\request.o
                0x08003ee1                htmlpicker2
 .rodata.statusOK
                0x08003f49       0x41 Aplication\request\request.o
                0x08003f49                statusOK
 .rodata.str1.1
                0x08003f8a       0x21 Aplication\request\request.o
 .rodata.vTaskStartScheduler.str1.1
                0x08003fab        0x5 Middlewares\Third_Party\FreeRTOS\Source\tasks.o
 .rodata.EncoderTaskInit.str1.1
                0x08003fb0        0x8 Platform\encoder_task\encoder_task.o
 .rodata.pxESP.str1.1
                0x08003fb8        0xd Platform\esp_task\esp_task.o
 .rodata.LDRTaskInit.str1.1
                0x08003fc5        0x4 Platform\ldr_task\ldr_task.o
 .rodata.LedTaskInit.str1.1
                0x08003fc9        0x4 Platform\led_task\led_task.o
 .rodata.str1.1
                0x08003fcd        0xc Src\freertos.o
 .rodata.AHBPrescTable
                0x08003fd9       0x10 Src\system_stm32f1xx.o
                0x08003fd9                AHBPrescTable
 .rodata.APBPrescTable
                0x08003fe9        0x8 Src\system_stm32f1xx.o
                0x08003fe9                APBPrescTable
 .rodata._setlocale_r.str1.1
                0x08003ff1        0x8 c:/program files (x86)/atollic/truestudio for stm32 9.3.0/armtools/bin/../lib/gcc/arm-atollic-eabi/6.3.1/../../../../arm-atollic-eabi/lib/armv7-m\libc_nano.a(lib_a-locale.o)
                                  0x9 (size before relaxing)
 .rodata.str1.1
                0x08003ff9        0x2 c:/program files (x86)/atollic/truestudio for stm32 9.3.0/armtools/bin/../lib/gcc/arm-atollic-eabi/6.3.1/../../../../arm-atollic-eabi/lib/armv7-m\libc_nano.a(lib_a-locale.o)
 .rodata._svfprintf_r.str1.1
                0x08003ffb       0x11 c:/program files (x86)/atollic/truestudio for stm32 9.3.0/armtools/bin/../lib/gcc/arm-atollic-eabi/6.3.1/../../../../arm-atollic-eabi/lib/armv7-m\libc_nano.a(lib_a-nano-svfprintf.o)
 .rodata._printf_i.str1.1
                0x0800400c       0x22 c:/program files (x86)/atollic/truestudio for stm32 9.3.0/armtools/bin/../lib/gcc/arm-atollic-eabi/6.3.1/../../../../arm-atollic-eabi/lib/armv7-m\libc_nano.a(lib_a-nano-vfprintf_i.o)
 .rodata._ctype_
                0x0800402e      0x101 c:/program files (x86)/atollic/truestudio for stm32 9.3.0/armtools/bin/../lib/gcc/arm-atollic-eabi/6.3.1/../../../../arm-atollic-eabi/lib/armv7-m\libc_nano.a(lib_a-ctype_.o)
                0x0800402e                _ctype_
                0x08004130                . = ALIGN (0x4)
 *fill*         0x0800412f        0x1 

.ARM.extab
 *(.ARM.extab* .gnu.linkonce.armextab.*)

.ARM            0x08004130        0x8
                0x08004130                __exidx_start = .
 *(.ARM.exidx*)
 .ARM.exidx     0x08004130        0x8 c:/program files (x86)/atollic/truestudio for stm32 9.3.0/armtools/bin/../lib/gcc/arm-atollic-eabi/6.3.1/armv7-m\libgcc.a(_udivmoddi4.o)
                0x08004138                __exidx_end = .

.rel.dyn        0x08004138        0x0
 .rel.iplt      0x08004138        0x0 c:/program files (x86)/atollic/truestudio for stm32 9.3.0/armtools/bin/../lib/gcc/arm-atollic-eabi/6.3.1/armv7-m/crtbegin.o

.preinit_array  0x08004138        0x0
                0x08004138                PROVIDE (__preinit_array_start, .)
 *(.preinit_array*)
                0x08004138                PROVIDE (__preinit_array_end, .)

.init_array     0x08004138        0x4
                0x08004138                PROVIDE (__init_array_start, .)
 *(SORT(.init_array.*))
 *(.init_array*)
 .init_array    0x08004138        0x4 c:/program files (x86)/atollic/truestudio for stm32 9.3.0/armtools/bin/../lib/gcc/arm-atollic-eabi/6.3.1/armv7-m/crtbegin.o
                0x0800413c                PROVIDE (__init_array_end, .)

.fini_array     0x0800413c        0x4
                [!provide]                PROVIDE (__fini_array_start, .)
 *(SORT(.fini_array.*))
 *(.fini_array*)
 .fini_array    0x0800413c        0x4 c:/program files (x86)/atollic/truestudio for stm32 9.3.0/armtools/bin/../lib/gcc/arm-atollic-eabi/6.3.1/armv7-m/crtbegin.o
                [!provide]                PROVIDE (__fini_array_end, .)
                0x08004140                _sidata = LOADADDR (.data)

.data           0x20000000      0x1e4 load address 0x08004140
                0x20000000                . = ALIGN (0x4)
                0x20000000                _sdata = .
 *(.data)
 *(.data*)
 .data.PAGES    0x20000000        0x8 Aplication\request\request.o
                0x20000000                PAGES
 .data.uwTickFreq
                0x20000008        0x1 Drivers\STM32F1xx_HAL_Driver\Src\stm32f1xx_hal.o
                0x20000008                uwTickFreq
 *fill*         0x20000009        0x3 
 .data.uxCriticalNesting
                0x2000000c        0x4 Middlewares\Third_Party\FreeRTOS\Source\portable\GCC\ARM_CM3\port.o
 .data.SystemCoreClock
                0x20000010        0x4 Src\system_stm32f1xx.o
                0x20000010                SystemCoreClock
 .data._impure_ptr
                0x20000014        0x4 c:/program files (x86)/atollic/truestudio for stm32 9.3.0/armtools/bin/../lib/gcc/arm-atollic-eabi/6.3.1/../../../../arm-atollic-eabi/lib/armv7-m\libc_nano.a(lib_a-impure.o)
                0x20000014                _impure_ptr
 .data.impure_data
                0x20000018       0x60 c:/program files (x86)/atollic/truestudio for stm32 9.3.0/armtools/bin/../lib/gcc/arm-atollic-eabi/6.3.1/../../../../arm-atollic-eabi/lib/armv7-m\libc_nano.a(lib_a-impure.o)
 .data.__global_locale
                0x20000078      0x16c c:/program files (x86)/atollic/truestudio for stm32 9.3.0/armtools/bin/../lib/gcc/arm-atollic-eabi/6.3.1/../../../../arm-atollic-eabi/lib/armv7-m\libc_nano.a(lib_a-locale.o)
                0x20000078                __global_locale
                0x200001e4                . = ALIGN (0x4)
                0x200001e4                _edata = .

.igot.plt       0x200001e4        0x0 load address 0x08004324
 .igot.plt      0x200001e4        0x0 c:/program files (x86)/atollic/truestudio for stm32 9.3.0/armtools/bin/../lib/gcc/arm-atollic-eabi/6.3.1/armv7-m/crtbegin.o
                0x200001e4                . = ALIGN (0x4)

.bss            0x200001e4     0x17e8 load address 0x08004324
                0x200001e4                _sbss = .
                0x200001e4                __bss_start__ = _sbss
 *(.bss)
 .bss           0x200001e4       0x1c c:/program files (x86)/atollic/truestudio for stm32 9.3.0/armtools/bin/../lib/gcc/arm-atollic-eabi/6.3.1/armv7-m/crtbegin.o
 *(.bss*)
 .bss.led       0x20000200        0xc Aplication\led\led.o
                0x20000200                led
 .bss.ucMaxSysCallPriority
                0x2000020c        0x1 Middlewares\Third_Party\FreeRTOS\Source\portable\GCC\ARM_CM3\port.o
 *fill*         0x2000020d        0x3 
 .bss.ulMaxPRIGROUPValue
                0x20000210        0x4 Middlewares\Third_Party\FreeRTOS\Source\portable\GCC\ARM_CM3\port.o
 .bss.pxEnd     0x20000214        0x4 Middlewares\Third_Party\FreeRTOS\Source\portable\MemMang\heap_4.o
 .bss.ucHeap    0x20000218     0x1000 Middlewares\Third_Party\FreeRTOS\Source\portable\MemMang\heap_4.o
 .bss.xBlockAllocatedBit
                0x20001218        0x4 Middlewares\Third_Party\FreeRTOS\Source\portable\MemMang\heap_4.o
 .bss.xFreeBytesRemaining
                0x2000121c        0x4 Middlewares\Third_Party\FreeRTOS\Source\portable\MemMang\heap_4.o
 .bss.xMinimumEverFreeBytesRemaining
                0x20001220        0x4 Middlewares\Third_Party\FreeRTOS\Source\portable\MemMang\heap_4.o
 .bss.xStart    0x20001224        0x8 Middlewares\Third_Party\FreeRTOS\Source\portable\MemMang\heap_4.o
 .bss.pxCurrentTCB
                0x2000122c        0x4 Middlewares\Third_Party\FreeRTOS\Source\tasks.o
                0x2000122c                pxCurrentTCB
 .bss.pxDelayedTaskList
                0x20001230        0x4 Middlewares\Third_Party\FreeRTOS\Source\tasks.o
 .bss.pxOverflowDelayedTaskList
                0x20001234        0x4 Middlewares\Third_Party\FreeRTOS\Source\tasks.o
 .bss.pxReadyTasksLists
                0x20001238       0x8c Middlewares\Third_Party\FreeRTOS\Source\tasks.o
 .bss.uxCurrentNumberOfTasks
                0x200012c4        0x4 Middlewares\Third_Party\FreeRTOS\Source\tasks.o
 .bss.uxDeletedTasksWaitingCleanUp
                0x200012c8        0x4 Middlewares\Third_Party\FreeRTOS\Source\tasks.o
 .bss.uxPendedTicks
                0x200012cc        0x4 Middlewares\Third_Party\FreeRTOS\Source\tasks.o
 .bss.uxSchedulerSuspended
                0x200012d0        0x4 Middlewares\Third_Party\FreeRTOS\Source\tasks.o
 .bss.uxTaskNumber
                0x200012d4        0x4 Middlewares\Third_Party\FreeRTOS\Source\tasks.o
 .bss.uxTopReadyPriority
                0x200012d8        0x4 Middlewares\Third_Party\FreeRTOS\Source\tasks.o
 .bss.xDelayedTaskList1
                0x200012dc       0x14 Middlewares\Third_Party\FreeRTOS\Source\tasks.o
 .bss.xDelayedTaskList2
                0x200012f0       0x14 Middlewares\Third_Party\FreeRTOS\Source\tasks.o
 .bss.xIdleTaskHandle
                0x20001304        0x4 Middlewares\Third_Party\FreeRTOS\Source\tasks.o
 .bss.xNextTaskUnblockTime
                0x20001308        0x4 Middlewares\Third_Party\FreeRTOS\Source\tasks.o
 .bss.xNumOfOverflows
                0x2000130c        0x4 Middlewares\Third_Party\FreeRTOS\Source\tasks.o
 .bss.xPendingReadyList
                0x20001310       0x14 Middlewares\Third_Party\FreeRTOS\Source\tasks.o
 .bss.xSchedulerRunning
                0x20001324        0x4 Middlewares\Third_Party\FreeRTOS\Source\tasks.o
 .bss.xSuspendedTaskList
                0x20001328       0x14 Middlewares\Third_Party\FreeRTOS\Source\tasks.o
 .bss.xTasksWaitingTermination
                0x2000133c       0x14 Middlewares\Third_Party\FreeRTOS\Source\tasks.o
 .bss.xTickCount
                0x20001350        0x4 Middlewares\Third_Party\FreeRTOS\Source\tasks.o
 .bss.xYieldPending
                0x20001354        0x4 Middlewares\Third_Party\FreeRTOS\Source\tasks.o
 .bss.button_status
                0x20001358        0x1 Platform\encoder_driver\encoder_driver.o
 .bss.rotate_pin_A
                0x20001359        0x1 Platform\encoder_driver\encoder_driver.o
 .bss.rotate_pin_B
                0x2000135a        0x1 Platform\encoder_driver\encoder_driver.o
 .bss.rotate_status
                0x2000135b        0x1 Platform\encoder_driver\encoder_driver.o
 .bss.encoder_button_step.4936
                0x2000135c        0x1 Platform\encoder_task\encoder_task.o
 .bss.gMissConnection
                0x2000135d        0x1 Platform\esp_task\esp_task.o
 .bss.ADC1_value
                0x2000135e        0x2 Platform\ldr_driver\ldr_driver.o
                0x2000135e                ADC1_value
 .bss.heap_end.5887
                0x20001360        0x4 Src\syscalls.o
 .bss.__malloc_free_list
                0x20001364        0x4 c:/program files (x86)/atollic/truestudio for stm32 9.3.0/armtools/bin/../lib/gcc/arm-atollic-eabi/6.3.1/../../../../arm-atollic-eabi/lib/armv7-m\libc_nano.a(lib_a-nano-mallocr.o)
                0x20001364                __malloc_free_list
 .bss.__malloc_sbrk_start
                0x20001368        0x4 c:/program files (x86)/atollic/truestudio for stm32 9.3.0/armtools/bin/../lib/gcc/arm-atollic-eabi/6.3.1/../../../../arm-atollic-eabi/lib/armv7-m\libc_nano.a(lib_a-nano-mallocr.o)
                0x20001368                __malloc_sbrk_start
 *(COMMON)
 COMMON         0x2000136c      0x401 Aplication\ESP8266\ESP8266.o
                0x2000136c                request
                0x2000156c                answer
                0x2000176c                linkID
 *fill*         0x2000176d        0x1 
 COMMON         0x2000176e      0x204 Aplication\ring_buffer\ring_buffer.o
                0x2000176e                index_out
                0x20001770                buffer
                0x20001970                index_in
 *fill*         0x20001972        0x2 
 COMMON         0x20001974        0x4 Drivers\STM32F1xx_HAL_Driver\Src\stm32f1xx_hal.o
                0x20001974                uwTick
 COMMON         0x20001978        0x8 Platform\encoder_queue\encoder_queue.o
                0x20001978                encoder_queue
                0x2000197c                xEncoder_info
 COMMON         0x20001980        0x4 Platform\ldr_queue\ldr_queue.o
                0x20001980                ldr_queue
 COMMON         0x20001984        0x4 Src\freertos.o
                0x20001984                defaultTaskHandle
 COMMON         0x20001988       0x40 Src\stm32f1xx_hal_timebase_tim.o
                0x20001988                htim1
 COMMON         0x200019c8        0x4 c:/program files (x86)/atollic/truestudio for stm32 9.3.0/armtools/bin/../lib/gcc/arm-atollic-eabi/6.3.1/../../../../arm-atollic-eabi/lib/armv7-m\libc_nano.a(lib_a-reent.o)
                0x200019c8                errno
                0x200019cc                . = ALIGN (0x4)
                0x200019cc                _ebss = .
                0x200019cc                __bss_end__ = _ebss

._user_heap_stack
                0x200019cc      0x600 load address 0x08004324
                0x200019cc                . = ALIGN (0x4)
                0x200019cc                PROVIDE (end, .)
                [!provide]                PROVIDE (_end, .)
                0x20001bcc                . = (. + _Min_Heap_Size)
 *fill*         0x200019cc      0x200 
                0x20001fcc                . = (. + _Min_Stack_Size)
 *fill*         0x20001bcc      0x400 
                0x20001fcc                . = ALIGN (0x4)

/DISCARD/
 libc.a(*)
 libm.a(*)
 libgcc.a(*)

.ARM.attributes
                0x00000000       0x29
 *(.ARM.attributes)
 .ARM.attributes
                0x00000000       0x1d c:/program files (x86)/atollic/truestudio for stm32 9.3.0/armtools/bin/../lib/gcc/arm-atollic-eabi/6.3.1/armv7-m/crti.o
 .ARM.attributes
                0x0000001d       0x2d c:/program files (x86)/atollic/truestudio for stm32 9.3.0/armtools/bin/../lib/gcc/arm-atollic-eabi/6.3.1/armv7-m/crtbegin.o
 .ARM.attributes
                0x0000004a       0x33 Aplication\ESP8266\ESP8266.o
 .ARM.attributes
                0x0000007d       0x33 Aplication\encoder\encoder.o
 .ARM.attributes
                0x000000b0       0x33 Aplication\ldr\ldr.o
 .ARM.attributes
                0x000000e3       0x33 Aplication\led\led.o
 .ARM.attributes
                0x00000116       0x33 Aplication\request\request.o
 .ARM.attributes
                0x00000149       0x33 Aplication\ring_buffer\ring_buffer.o
 .ARM.attributes
                0x0000017c       0x33 Drivers\STM32F1xx_HAL_Driver\Src\stm32f1xx_hal.o
 .ARM.attributes
                0x000001af       0x33 Drivers\STM32F1xx_HAL_Driver\Src\stm32f1xx_hal_cortex.o
 .ARM.attributes
                0x000001e2       0x33 Drivers\STM32F1xx_HAL_Driver\Src\stm32f1xx_hal_rcc.o
 .ARM.attributes
                0x00000215       0x33 Drivers\STM32F1xx_HAL_Driver\Src\stm32f1xx_hal_tim.o
 .ARM.attributes
                0x00000248       0x33 Drivers\STM32F1xx_HAL_Driver\Src\stm32f1xx_hal_tim_ex.o
 .ARM.attributes
                0x0000027b       0x33 Drivers\STM32F1xx_HAL_Driver\Src\stm32f1xx_ll_adc.o
 .ARM.attributes
                0x000002ae       0x33 Drivers\STM32F1xx_HAL_Driver\Src\stm32f1xx_ll_exti.o
 .ARM.attributes
                0x000002e1       0x33 Drivers\STM32F1xx_HAL_Driver\Src\stm32f1xx_ll_gpio.o
 .ARM.attributes
                0x00000314       0x33 Drivers\STM32F1xx_HAL_Driver\Src\stm32f1xx_ll_rcc.o
 .ARM.attributes
                0x00000347       0x33 Drivers\STM32F1xx_HAL_Driver\Src\stm32f1xx_ll_tim.o
 .ARM.attributes
                0x0000037a       0x33 Drivers\STM32F1xx_HAL_Driver\Src\stm32f1xx_ll_usart.o
 .ARM.attributes
                0x000003ad       0x33 Drivers\STM32F1xx_HAL_Driver\Src\stm32f1xx_ll_utils.o
 .ARM.attributes
                0x000003e0       0x33 Middlewares\Third_Party\FreeRTOS\Source\CMSIS_RTOS\cmsis_os.o
 .ARM.attributes
                0x00000413       0x33 Middlewares\Third_Party\FreeRTOS\Source\list.o
 .ARM.attributes
                0x00000446       0x33 Middlewares\Third_Party\FreeRTOS\Source\portable\GCC\ARM_CM3\port.o
 .ARM.attributes
                0x00000479       0x33 Middlewares\Third_Party\FreeRTOS\Source\portable\MemMang\heap_4.o
 .ARM.attributes
                0x000004ac       0x33 Middlewares\Third_Party\FreeRTOS\Source\queue.o
 .ARM.attributes
                0x000004df       0x33 Middlewares\Third_Party\FreeRTOS\Source\tasks.o
 .ARM.attributes
                0x00000512       0x33 Platform\delay\delay.o
 .ARM.attributes
                0x00000545       0x33 Platform\encoder_driver\encoder_driver.o
 .ARM.attributes
                0x00000578       0x33 Platform\encoder_queue\encoder_queue.o
 .ARM.attributes
                0x000005ab       0x33 Platform\encoder_task\encoder_task.o
 .ARM.attributes
                0x000005de       0x33 Platform\esp_task\esp_task.o
 .ARM.attributes
                0x00000611       0x33 Platform\ldr_driver\ldr_driver.o
 .ARM.attributes
                0x00000644       0x33 Platform\ldr_queue\ldr_queue.o
 .ARM.attributes
                0x00000677       0x33 Platform\ldr_task\ldr_task.o
 .ARM.attributes
                0x000006aa       0x33 Platform\led_driver\led_driver.o
 .ARM.attributes
                0x000006dd       0x33 Platform\led_task\led_task.o
 .ARM.attributes
                0x00000710       0x33 Platform\status_led\status_led.o
 .ARM.attributes
                0x00000743       0x33 Platform\usart\uart.o
 .ARM.attributes
                0x00000776       0x33 Src\freertos.o
 .ARM.attributes
                0x000007a9       0x33 Src\main.o
 .ARM.attributes
                0x000007dc       0x33 Src\stm32f1xx_hal_msp.o
 .ARM.attributes
                0x0000080f       0x33 Src\stm32f1xx_hal_timebase_tim.o
 .ARM.attributes
                0x00000842       0x33 Src\stm32f1xx_it.o
 .ARM.attributes
                0x00000875       0x33 Src\syscalls.o
 .ARM.attributes
                0x000008a8       0x33 Src\system_stm32f1xx.o
 .ARM.attributes
                0x000008db       0x21 startup\startup_stm32f103xb.o
 .ARM.attributes
                0x000008fc       0x2d c:/program files (x86)/atollic/truestudio for stm32 9.3.0/armtools/bin/../lib/gcc/arm-atollic-eabi/6.3.1/../../../../arm-atollic-eabi/lib/armv7-m\libc_nano.a(lib_a-errno.o)
 .ARM.attributes
                0x00000929       0x2d c:/program files (x86)/atollic/truestudio for stm32 9.3.0/armtools/bin/../lib/gcc/arm-atollic-eabi/6.3.1/../../../../arm-atollic-eabi/lib/armv7-m\libc_nano.a(lib_a-impure.o)
 .ARM.attributes
                0x00000956       0x2d c:/program files (x86)/atollic/truestudio for stm32 9.3.0/armtools/bin/../lib/gcc/arm-atollic-eabi/6.3.1/../../../../arm-atollic-eabi/lib/armv7-m\libc_nano.a(lib_a-init.o)
 .ARM.attributes
                0x00000983       0x2d c:/program files (x86)/atollic/truestudio for stm32 9.3.0/armtools/bin/../lib/gcc/arm-atollic-eabi/6.3.1/../../../../arm-atollic-eabi/lib/armv7-m\libc_nano.a(lib_a-memcpy-stub.o)
 .ARM.attributes
                0x000009b0       0x2d c:/program files (x86)/atollic/truestudio for stm32 9.3.0/armtools/bin/../lib/gcc/arm-atollic-eabi/6.3.1/../../../../arm-atollic-eabi/lib/armv7-m\libc_nano.a(lib_a-memset.o)
 .ARM.attributes
                0x000009dd       0x2d c:/program files (x86)/atollic/truestudio for stm32 9.3.0/armtools/bin/../lib/gcc/arm-atollic-eabi/6.3.1/../../../../arm-atollic-eabi/lib/armv7-m\libc_nano.a(lib_a-sprintf.o)
 .ARM.attributes
                0x00000a0a       0x17 c:/program files (x86)/atollic/truestudio for stm32 9.3.0/armtools/bin/../lib/gcc/arm-atollic-eabi/6.3.1/../../../../arm-atollic-eabi/lib/armv7-m\libc_nano.a(lib_a-strlen.o)
 .ARM.attributes
                0x00000a21       0x2d c:/program files (x86)/atollic/truestudio for stm32 9.3.0/armtools/bin/../lib/gcc/arm-atollic-eabi/6.3.1/../../../../arm-atollic-eabi/lib/armv7-m\libc_nano.a(lib_a-strstr.o)
 .ARM.attributes
                0x00000a4e       0x2d c:/program files (x86)/atollic/truestudio for stm32 9.3.0/armtools/bin/../lib/gcc/arm-atollic-eabi/6.3.1/../../../../arm-atollic-eabi/lib/armv7-m\libc_nano.a(lib_a-strtol.o)
 .ARM.attributes
                0x00000a7b       0x2d c:/program files (x86)/atollic/truestudio for stm32 9.3.0/armtools/bin/../lib/gcc/arm-atollic-eabi/6.3.1/../../../../arm-atollic-eabi/lib/armv7-m\libc_nano.a(lib_a-locale.o)
 .ARM.attributes
                0x00000aa8       0x2d c:/program files (x86)/atollic/truestudio for stm32 9.3.0/armtools/bin/../lib/gcc/arm-atollic-eabi/6.3.1/../../../../arm-atollic-eabi/lib/armv7-m\libc_nano.a(lib_a-mbtowc_r.o)
 .ARM.attributes
                0x00000ad5       0x2d c:/program files (x86)/atollic/truestudio for stm32 9.3.0/armtools/bin/../lib/gcc/arm-atollic-eabi/6.3.1/../../../../arm-atollic-eabi/lib/armv7-m\libc_nano.a(lib_a-nano-svfprintf.o)
 .ARM.attributes
                0x00000b02       0x2d c:/program files (x86)/atollic/truestudio for stm32 9.3.0/armtools/bin/../lib/gcc/arm-atollic-eabi/6.3.1/../../../../arm-atollic-eabi/lib/armv7-m\libc_nano.a(lib_a-nano-vfprintf_i.o)
 .ARM.attributes
                0x00000b2f       0x2d c:/program files (x86)/atollic/truestudio for stm32 9.3.0/armtools/bin/../lib/gcc/arm-atollic-eabi/6.3.1/../../../../arm-atollic-eabi/lib/armv7-m\libc_nano.a(lib_a-wctomb_r.o)
 .ARM.attributes
                0x00000b5c       0x2d c:/program files (x86)/atollic/truestudio for stm32 9.3.0/armtools/bin/../lib/gcc/arm-atollic-eabi/6.3.1/../../../../arm-atollic-eabi/lib/armv7-m\libc_nano.a(lib_a-ctype_.o)
 .ARM.attributes
                0x00000b89       0x2d c:/program files (x86)/atollic/truestudio for stm32 9.3.0/armtools/bin/../lib/gcc/arm-atollic-eabi/6.3.1/../../../../arm-atollic-eabi/lib/armv7-m\libc_nano.a(lib_a-memchr-stub.o)
 .ARM.attributes
                0x00000bb6       0x2d c:/program files (x86)/atollic/truestudio for stm32 9.3.0/armtools/bin/../lib/gcc/arm-atollic-eabi/6.3.1/../../../../arm-atollic-eabi/lib/armv7-m\libc_nano.a(lib_a-memmove.o)
 .ARM.attributes
                0x00000be3       0x2d c:/program files (x86)/atollic/truestudio for stm32 9.3.0/armtools/bin/../lib/gcc/arm-atollic-eabi/6.3.1/../../../../arm-atollic-eabi/lib/armv7-m\libc_nano.a(lib_a-nano-freer.o)
 .ARM.attributes
                0x00000c10       0x2d c:/program files (x86)/atollic/truestudio for stm32 9.3.0/armtools/bin/../lib/gcc/arm-atollic-eabi/6.3.1/../../../../arm-atollic-eabi/lib/armv7-m\libc_nano.a(lib_a-nano-mallocr.o)
 .ARM.attributes
                0x00000c3d       0x2d c:/program files (x86)/atollic/truestudio for stm32 9.3.0/armtools/bin/../lib/gcc/arm-atollic-eabi/6.3.1/../../../../arm-atollic-eabi/lib/armv7-m\libc_nano.a(lib_a-nano-reallocr.o)
 .ARM.attributes
                0x00000c6a       0x2d c:/program files (x86)/atollic/truestudio for stm32 9.3.0/armtools/bin/../lib/gcc/arm-atollic-eabi/6.3.1/../../../../arm-atollic-eabi/lib/armv7-m\libc_nano.a(lib_a-sbrkr.o)
 .ARM.attributes
                0x00000c97       0x2d c:/program files (x86)/atollic/truestudio for stm32 9.3.0/armtools/bin/../lib/gcc/arm-atollic-eabi/6.3.1/../../../../arm-atollic-eabi/lib/armv7-m\libc_nano.a(lib_a-mlock.o)
 .ARM.attributes
                0x00000cc4       0x2d c:/program files (x86)/atollic/truestudio for stm32 9.3.0/armtools/bin/../lib/gcc/arm-atollic-eabi/6.3.1/../../../../arm-atollic-eabi/lib/armv7-m\libc_nano.a(lib_a-nano-msizer.o)
 .ARM.attributes
                0x00000cf1       0x2d c:/program files (x86)/atollic/truestudio for stm32 9.3.0/armtools/bin/../lib/gcc/arm-atollic-eabi/6.3.1/../../../../arm-atollic-eabi/lib/armv7-m\libc_nano.a(lib_a-reent.o)
 .ARM.attributes
                0x00000d1e       0x1d c:/program files (x86)/atollic/truestudio for stm32 9.3.0/armtools/bin/../lib/gcc/arm-atollic-eabi/6.3.1/armv7-m\libgcc.a(_aeabi_uldivmod.o)
 .ARM.attributes
                0x00000d3b       0x2d c:/program files (x86)/atollic/truestudio for stm32 9.3.0/armtools/bin/../lib/gcc/arm-atollic-eabi/6.3.1/armv7-m\libgcc.a(_udivmoddi4.o)
 .ARM.attributes
                0x00000d68       0x1d c:/program files (x86)/atollic/truestudio for stm32 9.3.0/armtools/bin/../lib/gcc/arm-atollic-eabi/6.3.1/armv7-m\libgcc.a(_dvmd_tls.o)
 .ARM.attributes
                0x00000d85       0x1d c:/program files (x86)/atollic/truestudio for stm32 9.3.0/armtools/bin/../lib/gcc/arm-atollic-eabi/6.3.1/armv7-m/crtn.o
OUTPUT(rtos_usart_ll.elf elf32-littlearm)

.debug_info     0x00000000    0x2be4e
 .debug_info    0x00000000     0x14c6 Aplication\ESP8266\ESP8266.o
 .debug_info    0x000014c6      0xaf7 Aplication\encoder\encoder.o
 .debug_info    0x00001fbd      0xac9 Aplication\ldr\ldr.o
 .debug_info    0x00002a86      0xc33 Aplication\led\led.o
 .debug_info    0x000036b9      0xcdf Aplication\request\request.o
 .debug_info    0x00004398      0x172 Aplication\ring_buffer\ring_buffer.o
 .debug_info    0x0000450a      0xfc8 Drivers\STM32F1xx_HAL_Driver\Src\stm32f1xx_hal.o
 .debug_info    0x000054d2     0x14a9 Drivers\STM32F1xx_HAL_Driver\Src\stm32f1xx_hal_cortex.o
 .debug_info    0x0000697b     0x123d Drivers\STM32F1xx_HAL_Driver\Src\stm32f1xx_hal_rcc.o
 .debug_info    0x00007bb8     0x3bb9 Drivers\STM32F1xx_HAL_Driver\Src\stm32f1xx_hal_tim.o
 .debug_info    0x0000b771     0x1989 Drivers\STM32F1xx_HAL_Driver\Src\stm32f1xx_hal_tim_ex.o
 .debug_info    0x0000d0fa     0x1154 Drivers\STM32F1xx_HAL_Driver\Src\stm32f1xx_ll_adc.o
 .debug_info    0x0000e24e      0xd1c Drivers\STM32F1xx_HAL_Driver\Src\stm32f1xx_ll_exti.o
 .debug_info    0x0000ef6a     0x105a Drivers\STM32F1xx_HAL_Driver\Src\stm32f1xx_ll_gpio.o
 .debug_info    0x0000ffc4      0xf0d Drivers\STM32F1xx_HAL_Driver\Src\stm32f1xx_ll_rcc.o
 .debug_info    0x00010ed1     0x1927 Drivers\STM32F1xx_HAL_Driver\Src\stm32f1xx_ll_tim.o
 .debug_info    0x000127f8      0xf98 Drivers\STM32F1xx_HAL_Driver\Src\stm32f1xx_ll_usart.o
 .debug_info    0x00013790     0x124e Drivers\STM32F1xx_HAL_Driver\Src\stm32f1xx_ll_utils.o
 .debug_info    0x000149de     0x2500 Middlewares\Third_Party\FreeRTOS\Source\CMSIS_RTOS\cmsis_os.o
 .debug_info    0x00016ede      0xac0 Middlewares\Third_Party\FreeRTOS\Source\list.o
 .debug_info    0x0001799e      0x4ca Middlewares\Third_Party\FreeRTOS\Source\portable\GCC\ARM_CM3\port.o
 .debug_info    0x00017e68      0xca5 Middlewares\Third_Party\FreeRTOS\Source\portable\MemMang\heap_4.o
 .debug_info    0x00018b0d     0x1fdf Middlewares\Third_Party\FreeRTOS\Source\queue.o
 .debug_info    0x0001aaec     0x2993 Middlewares\Third_Party\FreeRTOS\Source\tasks.o
 .debug_info    0x0001d47f      0xab4 Platform\delay\delay.o
 .debug_info    0x0001df33     0x1538 Platform\encoder_driver\encoder_driver.o
 .debug_info    0x0001f46b      0x299 Platform\encoder_queue\encoder_queue.o
 .debug_info    0x0001f704      0x214 Platform\encoder_task\encoder_task.o
 .debug_info    0x0001f918      0x32b Platform\esp_task\esp_task.o
 .debug_info    0x0001fc43     0x188a Platform\ldr_driver\ldr_driver.o
 .debug_info    0x000214cd      0x21e Platform\ldr_queue\ldr_queue.o
 .debug_info    0x000216eb      0x1e6 Platform\ldr_task\ldr_task.o
 .debug_info    0x000218d1     0x13ab Platform\led_driver\led_driver.o
 .debug_info    0x00022c7c      0x3d6 Platform\led_task\led_task.o
 .debug_info    0x00023052      0xd84 Platform\status_led\status_led.o
 .debug_info    0x00023dd6     0x174b Platform\usart\uart.o
 .debug_info    0x00025521      0xbf1 Src\freertos.o
 .debug_info    0x00026112     0x12e9 Src\main.o
 .debug_info    0x000273fb      0xcd0 Src\stm32f1xx_hal_msp.o
 .debug_info    0x000280cb     0x11bc Src\stm32f1xx_hal_timebase_tim.o
 .debug_info    0x00029287      0xf10 Src\stm32f1xx_it.o
 .debug_info    0x0002a197      0xfe1 Src\syscalls.o
 .debug_info    0x0002b178      0xc4d Src\system_stm32f1xx.o
 .debug_info    0x0002bdc5       0x89 startup\startup_stm32f103xb.o

.debug_abbrev   0x00000000     0x7066
 .debug_abbrev  0x00000000      0x3e7 Aplication\ESP8266\ESP8266.o
 .debug_abbrev  0x000003e7      0x1f6 Aplication\encoder\encoder.o
 .debug_abbrev  0x000005dd      0x20e Aplication\ldr\ldr.o
 .debug_abbrev  0x000007eb      0x292 Aplication\led\led.o
 .debug_abbrev  0x00000a7d      0x288 Aplication\request\request.o
 .debug_abbrev  0x00000d05       0xf8 Aplication\ring_buffer\ring_buffer.o
 .debug_abbrev  0x00000dfd      0x315 Drivers\STM32F1xx_HAL_Driver\Src\stm32f1xx_hal.o
 .debug_abbrev  0x00001112      0x399 Drivers\STM32F1xx_HAL_Driver\Src\stm32f1xx_hal_cortex.o
 .debug_abbrev  0x000014ab      0x367 Drivers\STM32F1xx_HAL_Driver\Src\stm32f1xx_hal_rcc.o
 .debug_abbrev  0x00001812      0x3bb Drivers\STM32F1xx_HAL_Driver\Src\stm32f1xx_hal_tim.o
 .debug_abbrev  0x00001bcd      0x30d Drivers\STM32F1xx_HAL_Driver\Src\stm32f1xx_hal_tim_ex.o
 .debug_abbrev  0x00001eda      0x278 Drivers\STM32F1xx_HAL_Driver\Src\stm32f1xx_ll_adc.o
 .debug_abbrev  0x00002152      0x270 Drivers\STM32F1xx_HAL_Driver\Src\stm32f1xx_ll_exti.o
 .debug_abbrev  0x000023c2      0x2c1 Drivers\STM32F1xx_HAL_Driver\Src\stm32f1xx_ll_gpio.o
 .debug_abbrev  0x00002683      0x30e Drivers\STM32F1xx_HAL_Driver\Src\stm32f1xx_ll_rcc.o
 .debug_abbrev  0x00002991      0x314 Drivers\STM32F1xx_HAL_Driver\Src\stm32f1xx_ll_tim.o
 .debug_abbrev  0x00002ca5      0x2e4 Drivers\STM32F1xx_HAL_Driver\Src\stm32f1xx_ll_usart.o
 .debug_abbrev  0x00002f89      0x3a2 Drivers\STM32F1xx_HAL_Driver\Src\stm32f1xx_ll_utils.o
 .debug_abbrev  0x0000332b      0x468 Middlewares\Third_Party\FreeRTOS\Source\CMSIS_RTOS\cmsis_os.o
 .debug_abbrev  0x00003793      0x1e3 Middlewares\Third_Party\FreeRTOS\Source\list.o
 .debug_abbrev  0x00003976      0x249 Middlewares\Third_Party\FreeRTOS\Source\portable\GCC\ARM_CM3\port.o
 .debug_abbrev  0x00003bbf      0x314 Middlewares\Third_Party\FreeRTOS\Source\portable\MemMang\heap_4.o
 .debug_abbrev  0x00003ed3      0x3b6 Middlewares\Third_Party\FreeRTOS\Source\queue.o
 .debug_abbrev  0x00004289      0x419 Middlewares\Third_Party\FreeRTOS\Source\tasks.o
 .debug_abbrev  0x000046a2      0x1f6 Platform\delay\delay.o
 .debug_abbrev  0x00004898      0x3f3 Platform\encoder_driver\encoder_driver.o
 .debug_abbrev  0x00004c8b      0x127 Platform\encoder_queue\encoder_queue.o
 .debug_abbrev  0x00004db2      0x104 Platform\encoder_task\encoder_task.o
 .debug_abbrev  0x00004eb6      0x182 Platform\esp_task\esp_task.o
 .debug_abbrev  0x00005038      0x38d Platform\ldr_driver\ldr_driver.o
 .debug_abbrev  0x000053c5       0xfd Platform\ldr_queue\ldr_queue.o
 .debug_abbrev  0x000054c2      0x10f Platform\ldr_task\ldr_task.o
 .debug_abbrev  0x000055d1      0x2bc Platform\led_driver\led_driver.o
 .debug_abbrev  0x0000588d      0x165 Platform\led_task\led_task.o
 .debug_abbrev  0x000059f2      0x28c Platform\status_led\status_led.o
 .debug_abbrev  0x00005c7e      0x379 Platform\usart\uart.o
 .debug_abbrev  0x00005ff7      0x22f Src\freertos.o
 .debug_abbrev  0x00006226      0x2ec Src\main.o
 .debug_abbrev  0x00006512      0x202 Src\stm32f1xx_hal_msp.o
 .debug_abbrev  0x00006714      0x258 Src\stm32f1xx_hal_timebase_tim.o
 .debug_abbrev  0x0000696c      0x224 Src\stm32f1xx_it.o
 .debug_abbrev  0x00006b90      0x2d9 Src\syscalls.o
 .debug_abbrev  0x00006e69      0x1eb Src\system_stm32f1xx.o
 .debug_abbrev  0x00007054       0x12 startup\startup_stm32f103xb.o

.debug_loc      0x00000000     0xaecc
 .debug_loc     0x00000000      0x47b Aplication\ESP8266\ESP8266.o
 .debug_loc     0x0000047b       0x42 Aplication\encoder\encoder.o
 .debug_loc     0x000004bd       0xa9 Aplication\ldr\ldr.o
 .debug_loc     0x00000566       0x8d Aplication\led\led.o
 .debug_loc     0x000005f3       0x44 Aplication\request\request.o
 .debug_loc     0x00000637      0x11b Drivers\STM32F1xx_HAL_Driver\Src\stm32f1xx_hal.o
 .debug_loc     0x00000752      0x46b Drivers\STM32F1xx_HAL_Driver\Src\stm32f1xx_hal_cortex.o
 .debug_loc     0x00000bbd      0x4c3 Drivers\STM32F1xx_HAL_Driver\Src\stm32f1xx_hal_rcc.o
 .debug_loc     0x00001080     0x300c Drivers\STM32F1xx_HAL_Driver\Src\stm32f1xx_hal_tim.o
 .debug_loc     0x0000408c      0x822 Drivers\STM32F1xx_HAL_Driver\Src\stm32f1xx_hal_tim_ex.o
 .debug_loc     0x000048ae      0x321 Drivers\STM32F1xx_HAL_Driver\Src\stm32f1xx_ll_adc.o
 .debug_loc     0x00004bcf      0x190 Drivers\STM32F1xx_HAL_Driver\Src\stm32f1xx_ll_exti.o
 .debug_loc     0x00004d5f      0x306 Drivers\STM32F1xx_HAL_Driver\Src\stm32f1xx_ll_gpio.o
 .debug_loc     0x00005065      0x1e2 Drivers\STM32F1xx_HAL_Driver\Src\stm32f1xx_ll_rcc.o
 .debug_loc     0x00005247      0xd39 Drivers\STM32F1xx_HAL_Driver\Src\stm32f1xx_ll_tim.o
 .debug_loc     0x00005f80      0x340 Drivers\STM32F1xx_HAL_Driver\Src\stm32f1xx_ll_usart.o
 .debug_loc     0x000062c0      0x4c9 Drivers\STM32F1xx_HAL_Driver\Src\stm32f1xx_ll_utils.o
 .debug_loc     0x00006789     0x102d Middlewares\Third_Party\FreeRTOS\Source\CMSIS_RTOS\cmsis_os.o
 .debug_loc     0x000077b6       0x94 Middlewares\Third_Party\FreeRTOS\Source\list.o
 .debug_loc     0x0000784a       0xce Middlewares\Third_Party\FreeRTOS\Source\portable\GCC\ARM_CM3\port.o
 .debug_loc     0x00007918      0x390 Middlewares\Third_Party\FreeRTOS\Source\portable\MemMang\heap_4.o
 .debug_loc     0x00007ca8      0xe0c Middlewares\Third_Party\FreeRTOS\Source\queue.o
 .debug_loc     0x00008ab4     0x123d Middlewares\Third_Party\FreeRTOS\Source\tasks.o
 .debug_loc     0x00009cf1       0x21 Platform\delay\delay.o
 .debug_loc     0x00009d12      0x1b3 Platform\encoder_driver\encoder_driver.o
 .debug_loc     0x00009ec5       0x60 Platform\encoder_queue\encoder_queue.o
 .debug_loc     0x00009f25       0x21 Platform\encoder_task\encoder_task.o
 .debug_loc     0x00009f46       0x41 Platform\esp_task\esp_task.o
 .debug_loc     0x00009f87      0x211 Platform\ldr_driver\ldr_driver.o
 .debug_loc     0x0000a198       0x1f Platform\ldr_queue\ldr_queue.o
 .debug_loc     0x0000a1b7       0x34 Platform\ldr_task\ldr_task.o
 .debug_loc     0x0000a1eb      0x2b2 Platform\led_driver\led_driver.o
 .debug_loc     0x0000a49d       0xed Platform\led_task\led_task.o
 .debug_loc     0x0000a58a       0xb8 Platform\status_led\status_led.o
 .debug_loc     0x0000a642      0x275 Platform\usart\uart.o
 .debug_loc     0x0000a8b7       0x21 Src\freertos.o
 .debug_loc     0x0000a8d8       0xa4 Src\main.o
 .debug_loc     0x0000a97c       0x94 Src\stm32f1xx_hal_timebase_tim.o
 .debug_loc     0x0000aa10      0x3ef Src\syscalls.o
 .debug_loc     0x0000adff       0xcd Src\system_stm32f1xx.o

.debug_aranges  0x00000000     0x1250
 .debug_aranges
                0x00000000       0xa0 Aplication\ESP8266\ESP8266.o
 .debug_aranges
                0x000000a0       0x28 Aplication\encoder\encoder.o
 .debug_aranges
                0x000000c8       0x28 Aplication\ldr\ldr.o
 .debug_aranges
                0x000000f0       0x40 Aplication\led\led.o
 .debug_aranges
                0x00000130       0x30 Aplication\request\request.o
 .debug_aranges
                0x00000160       0x40 Aplication\ring_buffer\ring_buffer.o
 .debug_aranges
                0x000001a0       0xc8 Drivers\STM32F1xx_HAL_Driver\Src\stm32f1xx_hal.o
 .debug_aranges
                0x00000268       0x90 Drivers\STM32F1xx_HAL_Driver\Src\stm32f1xx_hal_cortex.o
 .debug_aranges
                0x000002f8       0x88 Drivers\STM32F1xx_HAL_Driver\Src\stm32f1xx_hal_rcc.o
 .debug_aranges
                0x00000380      0x250 Drivers\STM32F1xx_HAL_Driver\Src\stm32f1xx_hal_tim.o
 .debug_aranges
                0x000005d0       0xe8 Drivers\STM32F1xx_HAL_Driver\Src\stm32f1xx_hal_tim_ex.o
 .debug_aranges
                0x000006b8       0x68 Drivers\STM32F1xx_HAL_Driver\Src\stm32f1xx_ll_adc.o
 .debug_aranges
                0x00000720       0x30 Drivers\STM32F1xx_HAL_Driver\Src\stm32f1xx_ll_exti.o
 .debug_aranges
                0x00000750       0x30 Drivers\STM32F1xx_HAL_Driver\Src\stm32f1xx_ll_gpio.o
 .debug_aranges
                0x00000780       0x60 Drivers\STM32F1xx_HAL_Driver\Src\stm32f1xx_ll_rcc.o
 .debug_aranges
                0x000007e0       0x80 Drivers\STM32F1xx_HAL_Driver\Src\stm32f1xx_ll_tim.o
 .debug_aranges
                0x00000860       0x40 Drivers\STM32F1xx_HAL_Driver\Src\stm32f1xx_ll_usart.o
 .debug_aranges
                0x000008a0       0x50 Drivers\STM32F1xx_HAL_Driver\Src\stm32f1xx_ll_utils.o
 .debug_aranges
                0x000008f0      0x190 Middlewares\Third_Party\FreeRTOS\Source\CMSIS_RTOS\cmsis_os.o
 .debug_aranges
                0x00000a80       0x40 Middlewares\Third_Party\FreeRTOS\Source\list.o
 .debug_aranges
                0x00000ac0       0x78 Middlewares\Third_Party\FreeRTOS\Source\portable\GCC\ARM_CM3\port.o
 .debug_aranges
                0x00000b38       0x48 Middlewares\Third_Party\FreeRTOS\Source\portable\MemMang\heap_4.o
 .debug_aranges
                0x00000b80       0xc0 Middlewares\Third_Party\FreeRTOS\Source\queue.o
 .debug_aranges
                0x00000c40      0x170 Middlewares\Third_Party\FreeRTOS\Source\tasks.o
 .debug_aranges
                0x00000db0       0x28 Platform\delay\delay.o
 .debug_aranges
                0x00000dd8       0x70 Platform\encoder_driver\encoder_driver.o
 .debug_aranges
                0x00000e48       0x38 Platform\encoder_queue\encoder_queue.o
 .debug_aranges
                0x00000e80       0x28 Platform\encoder_task\encoder_task.o
 .debug_aranges
                0x00000ea8       0x28 Platform\esp_task\esp_task.o
 .debug_aranges
                0x00000ed0       0x40 Platform\ldr_driver\ldr_driver.o
 .debug_aranges
                0x00000f10       0x38 Platform\ldr_queue\ldr_queue.o
 .debug_aranges
                0x00000f48       0x28 Platform\ldr_task\ldr_task.o
 .debug_aranges
                0x00000f70       0x38 Platform\led_driver\led_driver.o
 .debug_aranges
                0x00000fa8       0x28 Platform\led_task\led_task.o
 .debug_aranges
                0x00000fd0       0x38 Platform\status_led\status_led.o
 .debug_aranges
                0x00001008       0x50 Platform\usart\uart.o
 .debug_aranges
                0x00001058       0x28 Src\freertos.o
 .debug_aranges
                0x00001080       0x38 Src\main.o
 .debug_aranges
                0x000010b8       0x20 Src\stm32f1xx_hal_msp.o
 .debug_aranges
                0x000010d8       0x30 Src\stm32f1xx_hal_timebase_tim.o
 .debug_aranges
                0x00001108       0x48 Src\stm32f1xx_it.o
 .debug_aranges
                0x00001150       0xb0 Src\syscalls.o
 .debug_aranges
                0x00001200       0x28 Src\system_stm32f1xx.o
 .debug_aranges
                0x00001228       0x28 startup\startup_stm32f103xb.o

.debug_ranges   0x00000000     0x1a78
 .debug_ranges  0x00000000       0xf8 Aplication\ESP8266\ESP8266.o
 .debug_ranges  0x000000f8       0x18 Aplication\encoder\encoder.o
 .debug_ranges  0x00000110       0x18 Aplication\ldr\ldr.o
 .debug_ranges  0x00000128       0x48 Aplication\led\led.o
 .debug_ranges  0x00000170       0x20 Aplication\request\request.o
 .debug_ranges  0x00000190       0x30 Aplication\ring_buffer\ring_buffer.o
 .debug_ranges  0x000001c0       0xb8 Drivers\STM32F1xx_HAL_Driver\Src\stm32f1xx_hal.o
 .debug_ranges  0x00000278      0x128 Drivers\STM32F1xx_HAL_Driver\Src\stm32f1xx_hal_cortex.o
 .debug_ranges  0x000003a0       0xa0 Drivers\STM32F1xx_HAL_Driver\Src\stm32f1xx_hal_rcc.o
 .debug_ranges  0x00000440      0x340 Drivers\STM32F1xx_HAL_Driver\Src\stm32f1xx_hal_tim.o
 .debug_ranges  0x00000780       0xd8 Drivers\STM32F1xx_HAL_Driver\Src\stm32f1xx_hal_tim_ex.o
 .debug_ranges  0x00000858       0x70 Drivers\STM32F1xx_HAL_Driver\Src\stm32f1xx_ll_adc.o
 .debug_ranges  0x000008c8       0x38 Drivers\STM32F1xx_HAL_Driver\Src\stm32f1xx_ll_exti.o
 .debug_ranges  0x00000900       0x80 Drivers\STM32F1xx_HAL_Driver\Src\stm32f1xx_ll_gpio.o
 .debug_ranges  0x00000980       0xd0 Drivers\STM32F1xx_HAL_Driver\Src\stm32f1xx_ll_rcc.o
 .debug_ranges  0x00000a50       0xb8 Drivers\STM32F1xx_HAL_Driver\Src\stm32f1xx_ll_tim.o
 .debug_ranges  0x00000b08       0x48 Drivers\STM32F1xx_HAL_Driver\Src\stm32f1xx_ll_usart.o
 .debug_ranges  0x00000b50      0x128 Drivers\STM32F1xx_HAL_Driver\Src\stm32f1xx_ll_utils.o
 .debug_ranges  0x00000c78      0x198 Middlewares\Third_Party\FreeRTOS\Source\CMSIS_RTOS\cmsis_os.o
 .debug_ranges  0x00000e10       0x30 Middlewares\Third_Party\FreeRTOS\Source\list.o
 .debug_ranges  0x00000e40       0x80 Middlewares\Third_Party\FreeRTOS\Source\portable\GCC\ARM_CM3\port.o
 .debug_ranges  0x00000ec0       0x38 Middlewares\Third_Party\FreeRTOS\Source\portable\MemMang\heap_4.o
 .debug_ranges  0x00000ef8      0x1a0 Middlewares\Third_Party\FreeRTOS\Source\queue.o
 .debug_ranges  0x00001098      0x288 Middlewares\Third_Party\FreeRTOS\Source\tasks.o
 .debug_ranges  0x00001320       0x18 Platform\delay\delay.o
 .debug_ranges  0x00001338       0xf8 Platform\encoder_driver\encoder_driver.o
 .debug_ranges  0x00001430       0x28 Platform\encoder_queue\encoder_queue.o
 .debug_ranges  0x00001458       0x18 Platform\encoder_task\encoder_task.o
 .debug_ranges  0x00001470       0x30 Platform\esp_task\esp_task.o
 .debug_ranges  0x000014a0       0xa0 Platform\ldr_driver\ldr_driver.o
 .debug_ranges  0x00001540       0x28 Platform\ldr_queue\ldr_queue.o
 .debug_ranges  0x00001568       0x18 Platform\ldr_task\ldr_task.o
 .debug_ranges  0x00001580       0xe8 Platform\led_driver\led_driver.o
 .debug_ranges  0x00001668       0x30 Platform\led_task\led_task.o
 .debug_ranges  0x00001698       0x88 Platform\status_led\status_led.o
 .debug_ranges  0x00001720      0x158 Platform\usart\uart.o
 .debug_ranges  0x00001878       0x18 Src\freertos.o
 .debug_ranges  0x00001890       0x40 Src\main.o
 .debug_ranges  0x000018d0       0x50 Src\stm32f1xx_hal_msp.o
 .debug_ranges  0x00001920       0x48 Src\stm32f1xx_hal_timebase_tim.o
 .debug_ranges  0x00001968       0x38 Src\stm32f1xx_it.o
 .debug_ranges  0x000019a0       0xa0 Src\syscalls.o
 .debug_ranges  0x00001a40       0x18 Src\system_stm32f1xx.o
 .debug_ranges  0x00001a58       0x20 startup\startup_stm32f103xb.o

.debug_line     0x00000000     0xbec6
 .debug_line    0x00000000      0x543 Aplication\ESP8266\ESP8266.o
 .debug_line    0x00000543      0x2ed Aplication\encoder\encoder.o
 .debug_line    0x00000830      0x2d9 Aplication\ldr\ldr.o
 .debug_line    0x00000b09      0x31b Aplication\led\led.o
 .debug_line    0x00000e24      0x2f4 Aplication\request\request.o
 .debug_line    0x00001118      0x190 Aplication\ring_buffer\ring_buffer.o
 .debug_line    0x000012a8      0x45f Drivers\STM32F1xx_HAL_Driver\Src\stm32f1xx_hal.o
 .debug_line    0x00001707      0x469 Drivers\STM32F1xx_HAL_Driver\Src\stm32f1xx_hal_cortex.o
 .debug_line    0x00001b70      0x639 Drivers\STM32F1xx_HAL_Driver\Src\stm32f1xx_hal_rcc.o
 .debug_line    0x000021a9     0x115f Drivers\STM32F1xx_HAL_Driver\Src\stm32f1xx_hal_tim.o
 .debug_line    0x00003308      0x701 Drivers\STM32F1xx_HAL_Driver\Src\stm32f1xx_hal_tim_ex.o
 .debug_line    0x00003a09      0x451 Drivers\STM32F1xx_HAL_Driver\Src\stm32f1xx_ll_adc.o
 .debug_line    0x00003e5a      0x34e Drivers\STM32F1xx_HAL_Driver\Src\stm32f1xx_ll_exti.o
 .debug_line    0x000041a8      0x3f2 Drivers\STM32F1xx_HAL_Driver\Src\stm32f1xx_ll_gpio.o
 .debug_line    0x0000459a      0x497 Drivers\STM32F1xx_HAL_Driver\Src\stm32f1xx_ll_rcc.o
 .debug_line    0x00004a31      0x5b5 Drivers\STM32F1xx_HAL_Driver\Src\stm32f1xx_ll_tim.o
 .debug_line    0x00004fe6      0x3d7 Drivers\STM32F1xx_HAL_Driver\Src\stm32f1xx_ll_usart.o
 .debug_line    0x000053bd      0x4d3 Drivers\STM32F1xx_HAL_Driver\Src\stm32f1xx_ll_utils.o
 .debug_line    0x00005890      0x8da Middlewares\Third_Party\FreeRTOS\Source\CMSIS_RTOS\cmsis_os.o
 .debug_line    0x0000616a      0x363 Middlewares\Third_Party\FreeRTOS\Source\list.o
 .debug_line    0x000064cd      0x315 Middlewares\Third_Party\FreeRTOS\Source\portable\GCC\ARM_CM3\port.o
 .debug_line    0x000067e2      0x40c Middlewares\Third_Party\FreeRTOS\Source\portable\MemMang\heap_4.o
 .debug_line    0x00006bee      0x814 Middlewares\Third_Party\FreeRTOS\Source\queue.o
 .debug_line    0x00007402      0xbb6 Middlewares\Third_Party\FreeRTOS\Source\tasks.o
 .debug_line    0x00007fb8      0x2b8 Platform\delay\delay.o
 .debug_line    0x00008270      0x497 Platform\encoder_driver\encoder_driver.o
 .debug_line    0x00008707      0x234 Platform\encoder_queue\encoder_queue.o
 .debug_line    0x0000893b      0x257 Platform\encoder_task\encoder_task.o
 .debug_line    0x00008b92      0x26a Platform\esp_task\esp_task.o
 .debug_line    0x00008dfc      0x46a Platform\ldr_driver\ldr_driver.o
 .debug_line    0x00009266      0x215 Platform\ldr_queue\ldr_queue.o
 .debug_line    0x0000947b      0x231 Platform\ldr_task\ldr_task.o
 .debug_line    0x000096ac      0x40e Platform\led_driver\led_driver.o
 .debug_line    0x00009aba      0x269 Platform\led_task\led_task.o
 .debug_line    0x00009d23      0x3aa Platform\status_led\status_led.o
 .debug_line    0x0000a0cd      0x512 Platform\usart\uart.o
 .debug_line    0x0000a5df      0x42d Src\freertos.o
 .debug_line    0x0000aa0c      0x47b Src\main.o
 .debug_line    0x0000ae87      0x2cc Src\stm32f1xx_hal_msp.o
 .debug_line    0x0000b153      0x341 Src\stm32f1xx_hal_timebase_tim.o
 .debug_line    0x0000b494      0x336 Src\stm32f1xx_it.o
 .debug_line    0x0000b7ca      0x3c0 Src\syscalls.o
 .debug_line    0x0000bb8a      0x2bf Src\system_stm32f1xx.o
 .debug_line    0x0000be49       0x7d startup\startup_stm32f103xb.o

.debug_str      0x00000000     0x6683
 .debug_str     0x00000000      0x897 Aplication\ESP8266\ESP8266.o
                                0x96c (size before relaxing)
 .debug_str     0x00000897       0xa9 Aplication\encoder\encoder.o
                                0x7a7 (size before relaxing)
 .debug_str     0x00000940       0x61 Aplication\ldr\ldr.o
                                0x76b (size before relaxing)
 .debug_str     0x000009a1       0xb1 Aplication\led\led.o
                                0x7c0 (size before relaxing)
 .debug_str     0x00000a52       0x9e Aplication\request\request.o
                                0x6d8 (size before relaxing)
 .debug_str     0x00000af0       0x6e Aplication\ring_buffer\ring_buffer.o
                                0x233 (size before relaxing)
 .debug_str     0x00000b5e      0x5d6 Drivers\STM32F1xx_HAL_Driver\Src\stm32f1xx_hal.o
                                0xc7f (size before relaxing)
 .debug_str     0x00001134      0x2d8 Drivers\STM32F1xx_HAL_Driver\Src\stm32f1xx_hal_cortex.o
                                0xda7 (size before relaxing)
 .debug_str     0x0000140c      0x34b Drivers\STM32F1xx_HAL_Driver\Src\stm32f1xx_hal_rcc.o
                                0xaf2 (size before relaxing)
 .debug_str     0x00001757     0x108a Drivers\STM32F1xx_HAL_Driver\Src\stm32f1xx_hal_tim.o
                               0x1843 (size before relaxing)
 .debug_str     0x000027e1      0x4e1 Drivers\STM32F1xx_HAL_Driver\Src\stm32f1xx_hal_tim_ex.o
                               0x10e5 (size before relaxing)
 .debug_str     0x00002cc2      0x353 Drivers\STM32F1xx_HAL_Driver\Src\stm32f1xx_ll_adc.o
                                0xa61 (size before relaxing)
 .debug_str     0x00003015      0x1b3 Drivers\STM32F1xx_HAL_Driver\Src\stm32f1xx_ll_exti.o
                                0x87d (size before relaxing)