port.c:234:13:prvTaskExitError	0	static
port.c:268:13:prvPortStartFirstTask	0	static
port.c:216:14:pxPortInitialiseStack	0	static
port.c:248:6:SVC_Handler	0	static
port.c:363:6:vPortEndScheduler	0	static
port.c:371:6:vPortEnterCritical	0	static
port.c:388:6:vPortExitCritical	0	static
port.c:399:6:PendSV_Handler	0	static
port.c:436:6:SysTick_Handler	8	static
port.c:614:30:vPortSetupTimerInterrupt	0	static
port.c:288:12:xPortStartScheduler	16	static
port.c:633:7:vPortValidateInterruptPriority	0	static
