core_cm3.h:1441:26:NVIC_GetPriorityGrouping	4	static
core_cm3.h:1452:22:NVIC_EnableIRQ	16	static
core_cm3.h:1524:22:NVIC_SetPriority	16	static
core_cm3.h:1571:26:NVIC_EncodePriority	40	static
stm32f1xx_ll_adc.h:2147:22:LL_ADC_REG_SetSequencerRanks	32	static
stm32f1xx_ll_adc.h:2853:22:LL_ADC_SetChannelSamplingTime	48	static
stm32f1xx_ll_adc.h:3261:22:LL_ADC_Enable	16	static
stm32f1xx_ll_adc.h:3283:26:LL_ADC_IsEnabled	16	static
stm32f1xx_ll_adc.h:3303:22:LL_ADC_StartCalibration	16	static
stm32f1xx_ll_adc.h:3314:26:LL_ADC_IsCalibrationOnGoing	16	static
stm32f1xx_ll_adc.h:3409:26:LL_ADC_REG_ReadConversionData12	16	static
stm32f1xx_ll_adc.h:3578:26:LL_ADC_IsActiveFlag_EOS	16	static
stm32f1xx_ll_adc.h:3620:22:LL_ADC_ClearFlag_EOS	16	static
stm32f1xx_ll_adc.h:3770:22:LL_ADC_EnableIT_EOS	16	static
stm32f1xx_ll_bus.h:779:22:LL_APB2_GRP1_EnableClock	24	static
ldr_driver.c:5:6:MX_ADC1_Init	64	static
ldr_driver.c:51:6:ADC1_Activate	8	static
ldr_driver.c:64:6:ADC1_2_IRQHandler	8	static
ldr_driver.c:74:10:ADC1_Get	4	static
