ESP8266.c:26:13:requestFlush	0	static
ESP8266.c:15:6:ESPInit	8	static
ESP8266.c:21:6:ESP_Resset	0	static
ESP8266.c:135:9:requestRefresh	16	static
ESP8266.c:158:9:charCallBack	16	static
ESP8266.c:36:13:waitCallBack.constprop	16	static
ESP8266.c:96:9:ESP_StartTCPServer	16	static
ESP8266.c:76:9:ESP_SetParamsSoftAP	16	static
ESP8266.c:118:9:ESP_StopTCPServer	16	static
ESP8266.c:49:9:ESP_SetMode	8	static
ESP8266.c:66:9:ESP_SetModeStation	0	static
ESP8266.c:71:9:ESP_SetModeSoftAP	0	static
ESP8266.c:212:9:ESP_SendConstData	24	static
ESP8266.c:178:9:ESP_SendData	0	static
ESP8266.c:245:6:SetLinkID	0	static
ESP8266.c:250:9:GetLinkID	0	static
ESP8266.c:255:8:ESP_GetAnswer	0	static
