ESP8266.c:26:13:requestFlush	0	static
ESP8266.c:15:6:ESPInit	8	static
ESP8266.c:21:6:ESP_Resset	0	static
ESP8266.c:139:9:requestRefresh	16	static
ESP8266.c:162:9:charCallBack	16	static
ESP8266.c:36:13:waitCallBack.constprop	16	static
ESP8266.c:121:9:ESP_StopTCPServer	16	static
ESP8266.c:98:9:ESP_StartTCPServer	16	static
ESP8266.c:77:9:ESP_SetParamsSoftAP	16	static
ESP8266.c:49:9:ESP_SetMode	8	static
ESP8266.c:67:9:ESP_SetModeStation	0	static
ESP8266.c:72:9:ESP_SetModeSoftAP	0	static
ESP8266.c:182:9:ESP_SendData	24	static
ESP8266.c:211:9:ESP_SendConstData	24	static
ESP8266.c:240:6:SetLinkID	0	static
ESP8266.c:245:9:GetLinkID	0	static
ESP8266.c:250:8:ESP_GetAnswer	0	static
