ESP8266.c:20:13:waitCallBack	24	static
ESP8266.c:38:6:ESPInit	8	static
ESP8266.c:44:6:ESP_Resset	8	static
ESP8266.c:53:13:requestFlush	8	static
ESP8266.c:59:13:answerFlush	8	static
ESP8266.c:65:9:ESP_SetMode	16	static
ESP8266.c:95:9:ESP_SetModeStation	8	static
ESP8266.c:100:9:ESP_SetModeSoftAP	8	static
ESP8266.c:105:9:ESP_SetModeBoth	8	static
ESP8266.c:110:9:ESP_SetParamsSoftAP	16	static
ESP8266.c:134:9:ESP_SetParamsStation	16	static
ESP8266.c:153:9:ESP_SetParamsDNS	16	static
ESP8266.c:172:9:ESP_StartTCPServer	16	static
ESP8266.c:198:9:ESP_StopTCPServer	16	static
ESP8266.c:216:9:requestRefresh	32	static
ESP8266.c:240:10:charCallBack	32	static
ESP8266.c:267:9:charCallBackNoFlush	32	static
ESP8266.c:281:9:ESP_SendConstData	24	static
ESP8266.c:310:6:SetLinkID	16	static
ESP8266.c:315:9:GetLinkID	4	static
ESP8266.c:320:8:ESP_GetAnswer	4	static
ESP8266.c:325:6:SetSSID	32	static
ESP8266.c:330:8:GetSSID	4	static
ESP8266.c:335:6:SetPASWD	32	static
ESP8266.c:340:9:GetPasw	4	static
