ESP8266.c:19:13:waitCallBack	24	static
ESP8266.c:37:6:ESPInit	8	static
ESP8266.c:43:6:ESP_Resset	8	static
ESP8266.c:52:13:requestFlush	8	static
ESP8266.c:58:13:answerFlush	8	static
ESP8266.c:64:9:ESP_SetMode	16	static
ESP8266.c:92:9:ESP_SetModeStation	8	static
ESP8266.c:97:9:ESP_SetModeSoftAP	8	static
ESP8266.c:102:9:ESP_SetModeBoth	8	static
ESP8266.c:107:6:ESP_CloseConnection	16	static
ESP8266.c:115:9:ESP_SetParamsSoftAP	16	static
ESP8266.c:139:9:ESP_SetParamsStation	16	static
ESP8266.c:158:9:ESP_SetParamsDNS	16	static
ESP8266.c:178:9:ESP_StartTCPServer	16	static
ESP8266.c:204:9:ESP_StopTCPServer	16	static
ESP8266.c:222:9:requestRefresh	32	static
ESP8266.c:246:10:charCallBack	32	static
ESP8266.c:273:9:charCallBackNoFlush	32	static
ESP8266.c:287:9:ESP_SendConstData	24	static
ESP8266.c:315:6:SetLinkID	16	static
ESP8266.c:320:9:GetLinkID	4	static
ESP8266.c:325:8:ESP_GetAnswer	4	static
ESP8266.c:330:6:SetSSID	24	static
ESP8266.c:335:8:GetSSID	4	static
ESP8266.c:340:6:SetPASWD	24	static
ESP8266.c:345:9:GetPasw	4	static
ESP8266.c:350:6:GetStationIP	24	static
ESP8266.c:376:8:GetIP	4	static
