ESP8266.c:26:13:requestFlush	0	static
ESP8266.c:16:6:ESPInit	0	static
ESP8266.c:21:6:ESP_Resset	0	static
ESP8266.c:132:9:requestRefresh	16	static
ESP8266.c:164:9:requestConstFind	8	static
ESP8266.c:155:9:requestFind	0	static
ESP8266.c:173:8:ESP_GetRequest	0	static
ESP8266.c:178:9:charCallBack	16	static
ESP8266.c:36:13:waitCallBack.constprop	16	static
ESP8266.c:95:9:ESP_StartTCPServer	16	static
ESP8266.c:77:9:ESP_SetParamsSoftAP	16	static
ESP8266.c:114:9:ESP_StopTCPServer	8	static
ESP8266.c:49:9:ESP_SetMode	8	static
ESP8266.c:67:9:ESP_SetModeStation	0	static
ESP8266.c:72:9:ESP_SetModeSoftAP	0	static
ESP8266.c:198:9:ESP_SendData	24	static
ESP8266.c:232:9:ESP_SendConstData	24	static
ESP8266.c:265:6:ESP_Request	24	static
