ESP8266.c:27:13:requestFlush	0	static
ESP8266.c:17:6:ESPInit	0	static
ESP8266.c:22:6:ESP_Resset	0	static
ESP8266.c:134:9:requestRefresh	16	static
ESP8266.c:157:9:requestConstFind	8	static
ESP8266.c:166:8:ESP_GetRequest	0	static
ESP8266.c:171:9:charCallBack	16	static
ESP8266.c:37:13:waitCallBack.constprop	16	static
ESP8266.c:97:9:ESP_StartTCPServer	16	static
ESP8266.c:77:9:ESP_SetParamsSoftAP	16	static
ESP8266.c:118:9:ESP_StopTCPServer	8	static
ESP8266.c:50:9:ESP_SetMode	8	static
ESP8266.c:67:9:ESP_SetModeStation	0	static
ESP8266.c:72:9:ESP_SetModeSoftAP	0	static
ESP8266.c:191:9:ESP_SendData	24	static
ESP8266.c:225:9:ESP_SendConstData	24	static
ESP8266.c:258:6:ESP_Request	24	static
