ESP8266.c:21:13:waitCallBack	24	static
ESP8266.c:39:6:ESPInit	8	static
ESP8266.c:45:6:ESP_Resset	8	static
ESP8266.c:54:13:requestFlush	8	static
ESP8266.c:60:13:answerFlush	8	static
ESP8266.c:66:9:ESP_SetMode	16	static
ESP8266.c:94:9:ESP_SetModeStation	8	static
ESP8266.c:99:9:ESP_SetModeSoftAP	8	static
ESP8266.c:104:9:ESP_SetModeBoth	8	static
ESP8266.c:109:6:ESP_CloseConnection	16	static
ESP8266.c:117:9:ESP_SetParamsSoftAP	16	static
ESP8266.c:141:9:ESP_SetParamsStation	16	static
ESP8266.c:160:9:ESP_SetParamsDNS	16	static
ESP8266.c:180:9:ESP_StartTCPServer	16	static
ESP8266.c:206:9:ESP_StopTCPServer	16	static
ESP8266.c:224:9:requestRefresh	32	static
ESP8266.c:248:10:charCallBack	32	static
ESP8266.c:275:9:charCallBackNoFlush	32	static
ESP8266.c:289:9:ESP_SendConstData	24	static
ESP8266.c:318:6:SetLinkID	16	static
ESP8266.c:323:9:GetLinkID	4	static
ESP8266.c:328:8:ESP_GetAnswer	4	static
ESP8266.c:333:6:SetSSID	24	static
ESP8266.c:338:8:GetSSID	4	static
ESP8266.c:343:6:SetPASWD	24	static
ESP8266.c:348:9:GetPasw	4	static
