stm32f1xx_ll_rcc.h:856:22:LL_RCC_HSI_Enable	4	static
stm32f1xx_ll_rcc.h:876:26:LL_RCC_HSI_IsReady	4	static
stm32f1xx_ll_rcc.h:902:22:LL_RCC_HSI_SetCalibTrimming	16	static
stm32f1xx_ll_rcc.h:1030:22:LL_RCC_SetSysClkSource	16	static
stm32f1xx_ll_rcc.h:1043:26:LL_RCC_GetSysClkSource	4	static
stm32f1xx_ll_rcc.h:1114:26:LL_RCC_GetAHBPrescaler	4	static
stm32f1xx_ll_rcc.h:1129:26:LL_RCC_GetAPB1Prescaler	4	static
stm32f1xx_ll_rcc.h:1144:26:LL_RCC_GetAPB2Prescaler	4	static
stm32f1xx_ll_rcc.h:1279:26:LL_RCC_GetUSBClockSource	16	static
stm32f1xx_ll_rcc.h:1296:26:LL_RCC_GetADCClockSource	16	static
stm32f1xx_ll_rcc.h:1424:26:LL_RCC_PLL_IsReady	4	static
stm32f1xx_ll_rcc.h:1536:26:LL_RCC_PLL_GetMainSource	4	static
stm32f1xx_ll_rcc.h:1570:26:LL_RCC_PLL_GetMultiplicator	4	static
stm32f1xx_ll_rcc.h:1600:26:LL_RCC_PLL_GetPrediv	4	static
stm32f1xx_ll_rcc.h:2044:22:LL_RCC_ClearResetFlags	4	static
stm32f1xx_ll_rcc.c:118:13:LL_RCC_DeInit	8	static
stm32f1xx_ll_rcc.c:205:6:LL_RCC_GetSystemClocksFreq	16	static
stm32f1xx_ll_rcc.c:262:10:LL_RCC_GetUSBClockFreq	24	static
stm32f1xx_ll_rcc.c:321:10:LL_RCC_GetADCClockFreq	32	static
stm32f1xx_ll_rcc.c:355:10:RCC_GetSystemClockFreq	16	static
stm32f1xx_ll_rcc.c:387:10:RCC_GetHCLKClockFreq	16	static
stm32f1xx_ll_rcc.c:398:10:RCC_GetPCLK1ClockFreq	16	static
stm32f1xx_ll_rcc.c:409:10:RCC_GetPCLK2ClockFreq	16	static
stm32f1xx_ll_rcc.c:419:10:RCC_PLL_GetFreqDomain_SYS	16	static
