stm32f1xx_ll_tim.h:1305:22:LL_TIM_SetPrescaler	16	static
stm32f1xx_ll_tim.h:1330:22:LL_TIM_SetAutoReload	16	static
stm32f1xx_ll_tim.h:1355:22:LL_TIM_SetRepetitionCounter	16	static
stm32f1xx_ll_tim.h:1995:22:LL_TIM_OC_SetCompareCH1	16	static
stm32f1xx_ll_tim.h:2009:22:LL_TIM_OC_SetCompareCH2	16	static
stm32f1xx_ll_tim.h:2023:22:LL_TIM_OC_SetCompareCH3	16	static
stm32f1xx_ll_tim.h:2037:22:LL_TIM_OC_SetCompareCH4	16	static
stm32f1xx_ll_tim.h:2547:22:LL_TIM_SetEncoderMode	16	static
stm32f1xx_ll_tim.h:3710:22:LL_TIM_GenerateEvent_UPDATE	16	static
stm32f1xx_ll_bus.h:654:22:LL_APB1_GRP1_ForceReset	16	static
stm32f1xx_ll_bus.h:717:22:LL_APB1_GRP1_ReleaseReset	16	static
stm32f1xx_ll_bus.h:946:22:LL_APB2_GRP1_ForceReset	16	static
stm32f1xx_ll_bus.h:1001:22:LL_APB2_GRP1_ReleaseReset	16	static
stm32f1xx_ll_tim.c:184:13:LL_TIM_DeInit	24	static
stm32f1xx_ll_tim.c:322:6:LL_TIM_StructInit	16	static
stm32f1xx_ll_tim.c:340:13:LL_TIM_Init	24	static
stm32f1xx_ll_tim.c:391:6:LL_TIM_OC_StructInit	16	static
stm32f1xx_ll_tim.c:417:13:LL_TIM_OC_Init	32	static
stm32f1xx_ll_tim.c:448:6:LL_TIM_IC_StructInit	16	static
stm32f1xx_ll_tim.c:470:13:LL_TIM_IC_Init	32	static
stm32f1xx_ll_tim.c:500:6:LL_TIM_ENCODER_StructInit	16	static
stm32f1xx_ll_tim.c:522:13:LL_TIM_ENCODER_Init	24	static
stm32f1xx_ll_tim.c:584:6:LL_TIM_HALLSENSOR_StructInit	16	static
stm32f1xx_ll_tim.c:611:13:LL_TIM_HALLSENSOR_Init	32	static
stm32f1xx_ll_tim.c:689:6:LL_TIM_BDTR_StructInit	16	static
stm32f1xx_ll_tim.c:714:13:LL_TIM_BDTR_Init	24	static
stm32f1xx_ll_tim.c:765:20:OC1Config	32	static
stm32f1xx_ll_tim.c:844:20:OC2Config	32	static
stm32f1xx_ll_tim.c:923:20:OC3Config	32	static
stm32f1xx_ll_tim.c:1002:20:OC4Config	32	static
stm32f1xx_ll_tim.c:1073:20:IC1Config	16	static
stm32f1xx_ll_tim.c:1106:20:IC2Config	16	static
stm32f1xx_ll_tim.c:1139:20:IC3Config	16	static
stm32f1xx_ll_tim.c:1172:20:IC4Config	16	static
