stm32f1xx_ll_rcc.h:790:22:LL_RCC_HSE_Enable	4	static
stm32f1xx_ll_rcc.h:810:26:LL_RCC_HSE_IsReady	4	static
stm32f1xx_ll_rcc.h:1030:22:LL_RCC_SetSysClkSource	16	static
stm32f1xx_ll_rcc.h:1043:26:LL_RCC_GetSysClkSource	4	static
stm32f1xx_ll_rcc.h:1063:22:LL_RCC_SetAHBPrescaler	16	static
stm32f1xx_ll_rcc.h:1079:22:LL_RCC_SetAPB1Prescaler	16	static
stm32f1xx_ll_rcc.h:1095:22:LL_RCC_SetAPB2Prescaler	16	static
stm32f1xx_ll_system.h:486:22:LL_FLASH_SetLatency	16	static
stm32f1xx_ll_system.h:499:26:LL_FLASH_GetLatency	4	static
stm32f1xx_ll_cortex.h:260:22:LL_SYSTICK_SetClkSource	16	static
main.c:29:5:main	8	static
main.c:43:6:SystemClock_Config	8	static
main.c:72:6:HAL_TIM_PeriodElapsedCallback	16	static
main.c:79:6:Error_Handler	4	static
