core_cm3.h:1441:26:NVIC_GetPriorityGrouping	4	static
core_cm3.h:1452:22:NVIC_EnableIRQ	16	static
core_cm3.h:1463:22:NVIC_DisableIRQ	16	static
core_cm3.h:1524:22:NVIC_SetPriority	16	static
core_cm3.h:1571:26:NVIC_EncodePriority	40	static
stm32f1xx_ll_bus.h:779:22:LL_APB2_GRP1_EnableClock	24	static
stm32f1xx_ll_usart.h:429:22:LL_USART_Enable	16	static
stm32f1xx_ll_usart.h:1544:22:LL_USART_ConfigAsyncMode	16	static
stm32f1xx_ll_usart.h:1857:26:LL_USART_IsActiveFlag_RXNE	16	static
stm32f1xx_ll_usart.h:1868:26:LL_USART_IsActiveFlag_TC	16	static
stm32f1xx_ll_usart.h:2100:22:LL_USART_EnableIT_RXNE	16	static
stm32f1xx_ll_usart.h:2161:22:LL_USART_EnableIT_ERROR	16	static
stm32f1xx_ll_usart.h:2292:26:LL_USART_IsEnabledIT_RXNE	16	static
stm32f1xx_ll_usart.h:2468:25:LL_USART_ReceiveData8	16	static
stm32f1xx_ll_usart.h:2491:22:LL_USART_TransmitData8	16	static
stm32f1xx_ll_gpio.h:820:22:LL_GPIO_SetOutputPin	16	static
stm32f1xx_ll_gpio.h:849:22:LL_GPIO_ResetOutputPin	16	static
uart.c:6:6:USART_SendData_byte	16	static
uart.c:12:6:USART_SendData	24	static
uart.c:22:6:USART_CharReception_Callback	16	static
uart.c:31:6:Error_Callback	16	static
uart.c:44:6:USART1_IRQHandler	8	static
uart.c:56:6:USART1_Device_Reset	8	static
uart.c:63:6:MX_USART1_UART_Init	56	static
